Component: ARM Compiler 5.05 update 1 (build 106) Tool: armlink [4d0efa]

==============================================================================

Section Cross References

    main.o(.text) refers to _printf_percent.o(.ARM.Collect$$_printf_percent$$00000000) for _printf_percent
    main.o(.text) refers to _printf_d.o(.ARM.Collect$$_printf_percent$$00000009) for _printf_d
    main.o(.text) refers to _printf_x.o(.ARM.Collect$$_printf_percent$$0000000C) for _printf_x
    main.o(.text) refers to _printf_dec.o(.text) for _printf_int_dec
    main.o(.text) refers to _printf_hex_int.o(.text) for _printf_longlong_hex
    main.o(.text) refers to rt_memcpy_v6.o(.text) for __aeabi_memcpy
    main.o(.text) refers to stm32f10x_dma.o(.text) for DMA_SetCurrDataCounter
    main.o(.text) refers to gagent_md5.o(.text) for GAgent_MD5Init
    main.o(.text) refers to usart.o(.text) for UART1_ReportOtaPackageSta
    main.o(.text) refers to memcmp.o(.text) for memcmp
    main.o(.text) refers to iap.o(.text) for iap_write_appbin
    main.o(.text) refers to noretval__2printf.o(.text) for __2printf
    main.o(.text) refers to os_time.o(.text) for OSTimeDlyHMSM
    main.o(.text) refers to cpu_core.o(.text) for CPU_Init
    main.o(.text) refers to os_stat.o(.text) for OSStatTaskCPUUsageInit
    main.o(.text) refers to os_core.o(.text) for OSSchedRoundRobinCfg
    main.o(.text) refers to stm32f10x_rcc.o(.text) for RCC_AHBPeriphClockCmd
    main.o(.text) refers to cpu_a.o(.text) for CPU_SR_Save
    main.o(.text) refers to os_task.o(.text) for OSTaskCreate
    main.o(.text) refers to delay.o(.text) for delay_init
    main.o(.text) refers to misc.o(.text) for NVIC_PriorityGroupConfig
    main.o(.text) refers to led.o(.text) for LED_Init
    main.o(.text) refers to malloc.o(.text) for my_mem_init
    main.o(.text) refers to stm32f10x_flash.o(.text) for FLASH_Unlock
    main.o(.text) refers to usart.o(.data) for USART_RX_STA
    main.o(.text) refers to main.o(.data) for g_rx_sta_clr_pos
    main.o(.text) refers to main.o(.bss) for g_ota_package_md5
    main.o(.text) refers to os_var.o(.data) for OSSchedLockNestingCtr
    system_stm32f10x.o(.text) refers to system_stm32f10x.o(.data) for SystemCoreClock
    gagent_md5.o(.text) refers to rt_memcpy_v6.o(.text) for __aeabi_memcpy
    gagent_md5.o(.text) refers to gagent_md5.o(.data) for PADDING
    led.o(.text) refers to stm32f10x_rcc.o(.text) for RCC_APB2PeriphClockCmd
    led.o(.text) refers to stm32f10x_gpio.o(.text) for GPIO_Init
    dma.o(.text) refers to stm32f10x_rcc.o(.text) for RCC_AHBPeriphClockCmd
    dma.o(.text) refers to stm32f10x_dma.o(.text) for DMA_DeInit
    dma.o(.text) refers to stm32f10x_usart.o(.text) for USART_DMACmd
    dma.o(.text) refers to misc.o(.text) for NVIC_Init
    dma.o(.text) refers to rt_memcpy_v6.o(.text) for __aeabi_memcpy
    dma.o(.text) refers to dma.o(.bss) for DMA_InitStructure
    dma.o(.text) refers to usart.o(.data) for USART_RX_STA
    dma.o(.text) refers to dma.o(.data) for U1_DMA_SEND_FREE_FLAG
    timer.o(.text) refers to stm32f10x_rcc.o(.text) for RCC_APB1PeriphClockCmd
    timer.o(.text) refers to stm32f10x_tim.o(.text) for TIM_TimeBaseInit
    timer.o(.text) refers to misc.o(.text) for NVIC_Init
    timer.o(.text) refers to os_core.o(.text) for OSIntEnter
    timer.o(.text) refers to stm32f10x_dma.o(.text) for DMA_Cmd
    timer.o(.text) refers to rt_memcpy_v6.o(.text) for __aeabi_memcpy
    timer.o(.text) refers to usart.o(.data) for g_after_rx_intr
    timer.o(.text) refers to dma.o(.bss) for U1_DMA_R_BUF
    timer.o(.text) refers to main.o(.data) for g_rx_sta_clr_pos
    iap.o(.text) refers to stmflash.o(.text) for STMFLASH_Write
    iap.o(.text) refers to sys.o(.emb_text) for MSR_MSP
    iap.o(.text) refers to stm32f10x_flash.o(.text) for FLASH_Unlock
    iap.o(.text) refers to usart.o(.data) for iapbuf
    iap.o(.text) refers to iap.o(.data) for jump2app
    iap.o(.text) refers to iap.o(.bss) for flashBUF
    stmflash.o(.text) refers to stm32f10x_flash.o(.text) for FLASH_ProgramHalfWord
    stmflash.o(.text) refers to usart.o(.data) for STMFLASH_BUF
    delay.o(.text) refers to os_core.o(.text) for OSSchedLock
    delay.o(.text) refers to os_time.o(.text) for OSTimeDly
    delay.o(.text) refers to misc.o(.text) for SysTick_CLKSourceConfig
    delay.o(.text) refers to os_var.o(.data) for OSRunning
    delay.o(.text) refers to system_stm32f10x.o(.data) for SystemCoreClock
    delay.o(.text) refers to delay.o(.data) for fac_us
    delay.o(.text) refers to os_cfg_app.o(.constdata) for OSCfg_TickRate_Hz
    usart.o(.text) refers (Special) to use_no_semi_2.o(.text) for __use_no_semihosting
    usart.o(.text) refers to stm32f10x_rcc.o(.text) for RCC_APB2PeriphClockCmd
    usart.o(.text) refers to stm32f10x_usart.o(.text) for USART_DeInit
    usart.o(.text) refers to stm32f10x_gpio.o(.text) for GPIO_Init
    usart.o(.text) refers to misc.o(.text) for NVIC_Init
[...]
    TIM_SetIC2Prescaler                      0x08002aa1   Thumb Code    26  stm32f10x_tim.o(.text)
    TIM_SetIC1Prescaler                      0x08002b3d   Thumb Code    18  stm32f10x_tim.o(.text)
    TIM_ICInit                               0x08002bbb   Thumb Code   150  stm32f10x_tim.o(.text)
    TIM_PWMIConfig                           0x08002c51   Thumb Code   124  stm32f10x_tim.o(.text)
    TIM_BDTRConfig                           0x08002ccd   Thumb Code    32  stm32f10x_tim.o(.text)
    TIM_TimeBaseStructInit                   0x08002ced   Thumb Code    18  stm32f10x_tim.o(.text)
    TIM_OCStructInit                         0x08002cff   Thumb Code    20  stm32f10x_tim.o(.text)
    TIM_ICStructInit                         0x08002d13   Thumb Code    18  stm32f10x_tim.o(.text)
    TIM_BDTRStructInit                       0x08002d25   Thumb Code    40  stm32f10x_tim.o(.text)
    TIM_Cmd                                  0x08002d4d   Thumb Code    24  stm32f10x_tim.o(.text)
    TIM_CtrlPWMOutputs                       0x08002d65   Thumb Code    30  stm32f10x_tim.o(.text)
    TIM_ITConfig                             0x08002d83   Thumb Code    18  stm32f10x_tim.o(.text)
    TIM_GenerateEvent                        0x08002d95   Thumb Code     4  stm32f10x_tim.o(.text)
    TIM_DMAConfig                            0x08002d99   Thumb Code    10  stm32f10x_tim.o(.text)
    TIM_DMACmd                               0x08002da3   Thumb Code    18  stm32f10x_tim.o(.text)
    TIM_InternalClockConfig                  0x08002db5   Thumb Code    12  stm32f10x_tim.o(.text)
    TIM_SelectInputTrigger                   0x08002dc1   Thumb Code    18  stm32f10x_tim.o(.text)
    TIM_ITRxExternalClockConfig              0x08002dd3   Thumb Code    24  stm32f10x_tim.o(.text)
    TIM_TIxExternalClockConfig               0x08002deb   Thumb Code    62  stm32f10x_tim.o(.text)
    TIM_ETRConfig                            0x08002e29   Thumb Code    28  stm32f10x_tim.o(.text)
    TIM_ETRClockMode1Config                  0x08002e45   Thumb Code    54  stm32f10x_tim.o(.text)
    TIM_ETRClockMode2Config                  0x08002e7b   Thumb Code    32  stm32f10x_tim.o(.text)
    TIM_PrescalerConfig                      0x08002e9b   Thumb Code     6  stm32f10x_tim.o(.text)
    TIM_CounterModeConfig                    0x08002ea1   Thumb Code    18  stm32f10x_tim.o(.text)
    TIM_EncoderInterfaceConfig               0x08002eb3   Thumb Code    66  stm32f10x_tim.o(.text)
    TIM_ForcedOC1Config                      0x08002ef5   Thumb Code    18  stm32f10x_tim.o(.text)
    TIM_ForcedOC2Config                      0x08002f07   Thumb Code    26  stm32f10x_tim.o(.text)
    TIM_ForcedOC3Config                      0x08002f21   Thumb Code    18  stm32f10x_tim.o(.text)
    TIM_ForcedOC4Config                      0x08002f33   Thumb Code    26  stm32f10x_tim.o(.text)
    TIM_ARRPreloadConfig                     0x08002f4d   Thumb Code    24  stm32f10x_tim.o(.text)
    TIM_SelectCOM                            0x08002f65   Thumb Code    24  stm32f10x_tim.o(.text)
    TIM_SelectCCDMA                          0x08002f7d   Thumb Code    24  stm32f10x_tim.o(.text)
    TIM_CCPreloadControl                     0x08002f95   Thumb Code    24  stm32f10x_tim.o(.text)
    TIM_OC1PreloadConfig                     0x08002fad   Thumb Code    18  stm32f10x_tim.o(.text)
    TIM_OC2PreloadConfig                     0x08002fbf   Thumb Code    26  stm32f10x_tim.o(.text)
    TIM_OC3PreloadConfig                     0x08002fd9   Thumb Code    18  stm32f10x_tim.o(.text)
    TIM_OC4PreloadConfig                     0x08002feb   Thumb Code    26  stm32f10x_tim.o(.text)
    TIM_OC1FastConfig                        0x08003005   Thumb Code    18  stm32f10x_tim.o(.text)
    TIM_OC2FastConfig                        0x08003017   Thumb Code    26  stm32f10x_tim.o(.text)
    TIM_OC3FastConfig                        0x08003031   Thumb Code    18  stm32f10x_tim.o(.text)
    TIM_OC4FastConfig                        0x08003043   Thumb Code    26  stm32f10x_tim.o(.text)
    TIM_ClearOC1Ref                          0x0800305d   Thumb Code    18  stm32f10x_tim.o(.text)
    TIM_ClearOC2Ref                          0x0800306f   Thumb Code    24  stm32f10x_tim.o(.text)
    TIM_ClearOC3Ref                          0x08003087   Thumb Code    18  stm32f10x_tim.o(.text)
    TIM_ClearOC4Ref                          0x08003099   Thumb Code    24  stm32f10x_tim.o(.text)
    TIM_OC1PolarityConfig                    0x080030b1   Thumb Code    18  stm32f10x_tim.o(.text)
    TIM_OC1NPolarityConfig                   0x080030c3   Thumb Code    18  stm32f10x_tim.o(.text)
    TIM_OC2PolarityConfig                    0x080030d5   Thumb Code    26  stm32f10x_tim.o(.text)
    TIM_OC2NPolarityConfig                   0x080030ef   Thumb Code    26  stm32f10x_tim.o(.text)
    TIM_OC3PolarityConfig                    0x08003109   Thumb Code    26  stm32f10x_tim.o(.text)
    TIM_OC3NPolarityConfig                   0x08003123   Thumb Code    26  stm32f10x_tim.o(.text)
    TIM_OC4PolarityConfig                    0x0800313d   Thumb Code    26  stm32f10x_tim.o(.text)
    TIM_CCxCmd                               0x08003157   Thumb Code    30  stm32f10x_tim.o(.text)
    TIM_CCxNCmd                              0x08003175   Thumb Code    30  stm32f10x_tim.o(.text)
    TIM_SelectOCxM                           0x08003193   Thumb Code    82  stm32f10x_tim.o(.text)
    TIM_UpdateDisableConfig                  0x080031e5   Thumb Code    24  stm32f10x_tim.o(.text)
    TIM_UpdateRequestConfig                  0x080031fd   Thumb Code    24  stm32f10x_tim.o(.text)
    TIM_SelectHallSensor                     0x08003215   Thumb Code    24  stm32f10x_tim.o(.text)
    TIM_SelectOnePulseMode                   0x0800322d   Thumb Code    18  stm32f10x_tim.o(.text)
    TIM_SelectOutputTrigger                  0x0800323f   Thumb Code    18  stm32f10x_tim.o(.text)
    TIM_SelectSlaveMode                      0x08003251   Thumb Code    18  stm32f10x_tim.o(.text)
    TIM_SelectMasterSlaveMode                0x08003263   Thumb Code    18  stm32f10x_tim.o(.text)
    TIM_SetCounter                           0x08003275   Thumb Code     4  stm32f10x_tim.o(.text)
    TIM_SetAutoreload                        0x08003279   Thumb Code     4  stm32f10x_tim.o(.text)
    TIM_SetCompare1                          0x0800327d   Thumb Code     4  stm32f10x_tim.o(.text)
    TIM_SetCompare2                          0x08003281   Thumb Code     4  stm32f10x_tim.o(.text)
    TIM_SetCompare3                          0x08003285   Thumb Code     4  stm32f10x_tim.o(.text)
    TIM_SetCompare4                          0x08003289   Thumb Code     6  stm32f10x_tim.o(.text)
    TIM_SetClockDivision                     0x0800328f   Thumb Code    18  stm32f10x_tim.o(.text)
    TIM_GetCapture1                          0x080032a1   Thumb Code     6  stm32f10x_tim.o(.text)
    TIM_GetCapture2                          0x080032a7   Thumb Code     6  stm32f10x_tim.o(.text)
    TIM_GetCapture3                          0x080032ad   Thumb Code     6  stm32f10x_tim.o(.text)
    TIM_GetCapture4                          0x080032b3   Thumb Code     8  stm32f10x_tim.o(.text)
    TIM_GetCounter                           0x080032bb   Thumb Code     6  stm32f10x_tim.o(.text)
    TIM_GetPrescaler                         0x080032c1   Thumb Code     6  stm32f10x_tim.o(.text)
    TIM_GetFlagStatus                        0x080032c7   Thumb Code    18  stm32f10x_tim.o(.text)
    TIM_ClearFlag                            0x080032d9   Thumb Code     6  stm32f10x_tim.o(.text)
    TIM_GetITStatus                          0x080032df   Thumb Code    34  stm32f10x_tim.o(.text)
    TIM_ClearITPendingBit                    0x08003301   Thumb Code     6  stm32f10x_tim.o(.text)
    USART_DeInit                             0x08003309   Thumb Code   134  stm32f10x_usart.o(.text)
    USART_Init                               0x0800338f   Thumb Code   210  stm32f10x_usart.o(.text)
    USART_StructInit                         0x08003461   Thumb Code    24  stm32f10x_usart.o(.text)
    USART_ClockInit                          0x08003479   Thumb Code    34  stm32f10x_usart.o(.text)
    USART_ClockStructInit                    0x0800349b   Thumb Code    12  stm32f10x_usart.o(.text)
    USART_Cmd                                0x080034a7   Thumb Code    24  stm32f10x_usart.o(.text)
    USART_ITConfig                           0x080034bf   Thumb Code    74  stm32f10x_usart.o(.text)
    USART_DMACmd                             0x08003509   Thumb Code    18  stm32f10x_usart.o(.text)
    USART_SetAddress                         0x0800351b   Thumb Code    18  stm32f10x_usart.o(.text)
    USART_WakeUpConfig                       0x0800352d   Thumb Code    18  stm32f10x_usart.o(.text)
    USART_ReceiverWakeUpCmd                  0x0800353f   Thumb Code    24  stm32f10x_usart.o(.text)
    USART_LINBreakDetectLengthConfig         0x08003557   Thumb Code    18  stm32f10x_usart.o(.text)
    USART_LINCmd                             0x08003569   Thumb Code    24  stm32f10x_usart.o(.text)
    USART_SendData                           0x08003581   Thumb Code     8  stm32f10x_usart.o(.text)
    USART_ReceiveData                        0x08003589   Thumb Code    10  stm32f10x_usart.o(.text)
    USART_SendBreak                          0x08003593   Thumb Code    10  stm32f10x_usart.o(.text)
    USART_SetGuardTime                       0x0800359d   Thumb Code    16  stm32f10x_usart.o(.text)
    USART_SetPrescaler                       0x080035ad   Thumb Code    16  stm32f10x_usart.o(.text)
    USART_SmartCardCmd                       0x080035bd   Thumb Code    24  stm32f10x_usart.o(.text)
    USART_SmartCardNACKCmd                   0x080035d5   Thumb Code    24  stm32f10x_usart.o(.text)
    USART_HalfDuplexCmd                      0x080035ed   Thumb Code    24  stm32f10x_usart.o(.text)
    USART_OverSampling8Cmd                   0x08003605   Thumb Code    22  stm32f10x_usart.o(.text)
    USART_OneBitMethodCmd                    0x0800361b   Thumb Code    24  stm32f10x_usart.o(.text)
    USART_IrDAConfig                         0x08003633   Thumb Code    18  stm32f10x_usart.o(.text)
    USART_IrDACmd                            0x08003645   Thumb Code    24  stm32f10x_usart.o(.text)
    USART_GetFlagStatus                      0x0800365d   Thumb Code    26  stm32f10x_usart.o(.text)
    USART_ClearFlag                          0x08003677   Thumb Code    18  stm32f10x_usart.o(.text)
    USART_GetITStatus                        0x08003689   Thumb Code    84  stm32f10x_usart.o(.text)
    USART_ClearITPendingBit                  0x080036dd   Thumb Code    52  stm32f10x_usart.o(.text)
    DMA_DeInit                               0x08003711   Thumb Code   324  stm32f10x_dma.o(.text)
    DMA_Init                                 0x08003855   Thumb Code    60  stm32f10x_dma.o(.text)
    DMA_StructInit                           0x08003891   Thumb Code    26  stm32f10x_dma.o(.text)
    DMA_Cmd                                  0x080038ab   Thumb Code    24  stm32f10x_dma.o(.text)
    DMA_ITConfig                             0x080038c3   Thumb Code    18  stm32f10x_dma.o(.text)
    DMA_SetCurrDataCounter                   0x080038d5   Thumb Code     4  stm32f10x_dma.o(.text)
    DMA_GetCurrDataCounter                   0x080038d9   Thumb Code     8  stm32f10x_dma.o(.text)
    DMA_GetFlagStatus                        0x080038e1   Thumb Code    40  stm32f10x_dma.o(.text)
    DMA_ClearFlag                            0x08003909   Thumb Code    22  stm32f10x_dma.o(.text)
    DMA_GetITStatus                          0x0800391f   Thumb Code    40  stm32f10x_dma.o(.text)
    DMA_ClearITPendingBit                    0x08003947   Thumb Code    22  stm32f10x_dma.o(.text)
    FLASH_SetLatency                         0x08003965   Thumb Code    18  stm32f10x_flash.o(.text)
    FLASH_HalfCycleAccessCmd                 0x08003977   Thumb Code    22  stm32f10x_flash.o(.text)
    FLASH_PrefetchBufferCmd                  0x0800398d   Thumb Code    22  stm32f10x_flash.o(.text)
    FLASH_Unlock                             0x080039a3   Thumb Code    12  stm32f10x_flash.o(.text)
    FLASH_UnlockBank1                        0x080039af   Thumb Code    12  stm32f10x_flash.o(.text)
    FLASH_Lock                               0x080039bb   Thumb Code    14  stm32f10x_flash.o(.text)
    FLASH_LockBank1                          0x080039c9   Thumb Code    14  stm32f10x_flash.o(.text)
    FLASH_GetBank1Status                     0x080039d7   Thumb Code    48  stm32f10x_flash.o(.text)
    FLASH_WaitForLastOperation               0x08003a07   Thumb Code    38  stm32f10x_flash.o(.text)
    FLASH_ErasePage                          0x08003a2d   Thumb Code    72  stm32f10x_flash.o(.text)
    FLASH_EraseAllPages                      0x08003a75   Thumb Code    68  stm32f10x_flash.o(.text)
    FLASH_WaitForLastBank1Operation          0x08003ab9   Thumb Code    38  stm32f10x_flash.o(.text)
    FLASH_EraseAllBank1Pages                 0x08003adf   Thumb Code    68  stm32f10x_flash.o(.text)
    FLASH_GetReadOutProtectionStatus         0x08003b23   Thumb Code    20  stm32f10x_flash.o(.text)
    FLASH_EraseOptionBytes                   0x08003b37   Thumb Code   150  stm32f10x_flash.o(.text)
    FLASH_ProgramWord                        0x08003bcd   Thumb Code   102  stm32f10x_flash.o(.text)
    FLASH_ProgramHalfWord                    0x08003c33   Thumb Code    60  stm32f10x_flash.o(.text)
    FLASH_ProgramOptionByteData              0x08003c6f   Thumb Code    72  stm32f10x_flash.o(.text)
    FLASH_EnableWriteProtection              0x08003cb7   Thumb Code   200  stm32f10x_flash.o(.text)
    FLASH_ReadOutProtection                  0x08003d7f   Thumb Code   156  stm32f10x_flash.o(.text)
    FLASH_UserOptionByteConfig               0x08003e1b   Thumb Code    88  stm32f10x_flash.o(.text)
    FLASH_GetUserOptionByte                  0x08003e73   Thumb Code     8  stm32f10x_flash.o(.text)
    FLASH_GetWriteProtectionOptionByte       0x08003e7b   Thumb Code     6  stm32f10x_flash.o(.text)
    FLASH_GetPrefetchBufferStatus            0x08003e81   Thumb Code    20  stm32f10x_flash.o(.text)
    FLASH_ITConfig                           0x08003e95   Thumb Code    26  stm32f10x_flash.o(.text)
    FLASH_GetFlagStatus                      0x08003eaf   Thumb Code    42  stm32f10x_flash.o(.text)
    FLASH_ClearFlag                          0x08003ed9   Thumb Code     6  stm32f10x_flash.o(.text)
    FLASH_GetStatus                          0x08003edf   Thumb Code    48  stm32f10x_flash.o(.text)
    RCC_DeInit                               0x08003f21   Thumb Code    64  stm32f10x_rcc.o(.text)
    RCC_HSEConfig                            0x08003f61   Thumb Code    70  stm32f10x_rcc.o(.text)
    RCC_GetFlagStatus                        0x08003fa7   Thumb Code    56  stm32f10x_rcc.o(.text)
    RCC_WaitForHSEStartUp                    0x08003fdf   Thumb Code    56  stm32f10x_rcc.o(.text)
    RCC_AdjustHSICalibrationValue            0x08004017   Thumb Code    20  stm32f10x_rcc.o(.text)
    RCC_HSICmd                               0x0800402b   Thumb Code     6  stm32f10x_rcc.o(.text)
    RCC_PLLConfig                            0x08004031   Thumb Code    24  stm32f10x_rcc.o(.text)
    RCC_PLLCmd                               0x08004049   Thumb Code     6  stm32f10x_rcc.o(.text)
    RCC_SYSCLKConfig                         0x0800404f   Thumb Code    18  stm32f10x_rcc.o(.text)
    RCC_GetSYSCLKSource                      0x08004061   Thumb Code    10  stm32f10x_rcc.o(.text)
    RCC_HCLKConfig                           0x0800406b   Thumb Code    18  stm32f10x_rcc.o(.text)
    RCC_PCLK1Config                          0x0800407d   Thumb Code    18  stm32f10x_rcc.o(.text)
    RCC_PCLK2Config                          0x0800408f   Thumb Code    20  stm32f10x_rcc.o(.text)
    RCC_ITConfig                             0x080040a3   Thumb Code    26  stm32f10x_rcc.o(.text)
    RCC_USBCLKConfig                         0x080040bd   Thumb Code     8  stm32f10x_rcc.o(.text)
    RCC_ADCCLKConfig                         0x080040c5   Thumb Code    18  stm32f10x_rcc.o(.text)
    RCC_LSEConfig                            0x080040d7   Thumb Code    50  stm32f10x_rcc.o(.text)
    RCC_LSICmd                               0x08004109   Thumb Code     6  stm32f10x_rcc.o(.text)
    RCC_RTCCLKConfig                         0x0800410f   Thumb Code    12  stm32f10x_rcc.o(.text)
    RCC_RTCCLKCmd                            0x0800411b   Thumb Code     8  stm32f10x_rcc.o(.text)
    RCC_GetClocksFreq                        0x08004123   Thumb Code   192  stm32f10x_rcc.o(.text)
    RCC_AHBPeriphClockCmd                    0x080041e3   Thumb Code    26  stm32f10x_rcc.o(.text)
    RCC_APB2PeriphClockCmd                   0x080041fd   Thumb Code    26  stm32f10x_rcc.o(.text)
    RCC_APB1PeriphClockCmd                   0x08004217   Thumb Code    26  stm32f10x_rcc.o(.text)
    RCC_APB2PeriphResetCmd                   0x08004231   Thumb Code    26  stm32f10x_rcc.o(.text)
    RCC_APB1PeriphResetCmd                   0x0800424b   Thumb Code    26  stm32f10x_rcc.o(.text)
    RCC_BackupResetCmd                       0x08004265   Thumb Code     8  stm32f10x_rcc.o(.text)
    RCC_ClockSecuritySystemCmd               0x0800426d   Thumb Code     6  stm32f10x_rcc.o(.text)
    RCC_MCOConfig                            0x08004273   Thumb Code     6  stm32f10x_rcc.o(.text)
    RCC_ClearFlag                            0x08004279   Thumb Code    14  stm32f10x_rcc.o(.text)
    RCC_GetITStatus                          0x08004287   Thumb Code    20  stm32f10x_rcc.o(.text)
    RCC_ClearITPendingBit                    0x0800429b   Thumb Code     6  stm32f10x_rcc.o(.text)
    NVIC_PriorityGroupConfig                 0x080042c5   Thumb Code    10  misc.o(.text)
    NVIC_Init                                0x080042cf   Thumb Code   100  misc.o(.text)
    NVIC_SetVectorTable                      0x08004333   Thumb Code    14  misc.o(.text)
    NVIC_SystemLPConfig                      0x08004341   Thumb Code    34  misc.o(.text)
    SysTick_CLKSourceConfig                  0x08004363   Thumb Code    40  misc.o(.text)
    BSP_CPU_ClkFreq                          0x080043a1   Thumb Code    16  bsp.o(.text)
    CPU_TS_TmrInit                           0x080043b1   Thumb Code    44  bsp.o(.text)
    CPU_TS_TmrRd                             0x080043dd   Thumb Code     6  bsp.o(.text)
    CPU_TS32_to_uSec                         0x080043e3   Thumb Code    54  bsp.o(.text)
    CPU_NameClr                              0x08004425   Thumb Code    42  cpu_core.o(.text)
    CPU_Init                                 0x08004465   Thumb Code    12  cpu_core.o(.text)
    CPU_SW_Exception                         0x08004471   Thumb Code     4  cpu_core.o(.text)
    CPU_NameGet                              0x08004475   Thumb Code    70  cpu_core.o(.text)
    CPU_NameSet                              0x080044bb   Thumb Code    96  cpu_core.o(.text)
    CPU_TS_Get32                             0x0800451b   Thumb Code    12  cpu_core.o(.text)
    CPU_TS_Update                            0x08004527   Thumb Code     2  cpu_core.o(.text)
    CPU_TS_TmrFreqGet                        0x08004529   Thumb Code    30  cpu_core.o(.text)
    CPU_TS_TmrFreqSet                        0x08004547   Thumb Code     6  cpu_core.o(.text)
    CPU_CntLeadZeros08                       0x0800454d   Thumb Code    18  cpu_core.o(.text)
    CPU_CntLeadZeros16                       0x0800455f   Thumb Code    18  cpu_core.o(.text)
    CPU_CntLeadZeros32                       0x08004571   Thumb Code    18  cpu_core.o(.text)
    CPU_CntLeadZeros64                       0x08004583   Thumb Code   188  cpu_core.o(.text)
    CPU_CntTrailZeros08                      0x0800463f   Thumb Code    22  cpu_core.o(.text)
    CPU_CntTrailZeros16                      0x08004655   Thumb Code    22  cpu_core.o(.text)
    CPU_CntTrailZeros32                      0x0800466b   Thumb Code    22  cpu_core.o(.text)
    CPU_CntTrailZeros64                      0x08004681   Thumb Code    62  cpu_core.o(.text)
    CPU_IntDis                               0x080046cd   Thumb Code     0  cpu_a.o(.text)
    CPU_IntEn                                0x080046d1   Thumb Code     0  cpu_a.o(.text)
    CPU_SR_Save                              0x080046d5   Thumb Code     0  cpu_a.o(.text)
    CPU_SR_Restore                           0x080046dd   Thumb Code     0  cpu_a.o(.text)
    CPU_WaitForInt                           0x080046e3   Thumb Code     0  cpu_a.o(.text)
    CPU_WaitForExcept                        0x080046e7   Thumb Code     0  cpu_a.o(.text)
    CPU_CntLeadZeros                         0x080046eb   Thumb Code     0  cpu_a.o(.text)
    CPU_CntTrailZeros                        0x080046f1   Thumb Code     0  cpu_a.o(.text)
    CPU_RevBits                              0x080046fb   Thumb Code     0  cpu_a.o(.text)
    ASCII_IsAlpha                            0x08004701   Thumb Code    48  lib_ascii.o(.text)
    ASCII_IsAlphaNum                         0x08004731   Thumb Code    76  lib_ascii.o(.text)
    ASCII_IsLower                            0x0800477d   Thumb Code    20  lib_ascii.o(.text)
    ASCII_IsUpper                            0x08004791   Thumb Code    20  lib_ascii.o(.text)
    ASCII_IsDig                              0x080047a5   Thumb Code    20  lib_ascii.o(.text)
    ASCII_IsDigOct                           0x080047b9   Thumb Code    20  lib_ascii.o(.text)
    ASCII_IsDigHex                           0x080047cd   Thumb Code    36  lib_ascii.o(.text)
    ASCII_IsBlank                            0x080047f1   Thumb Code    20  lib_ascii.o(.text)
    ASCII_IsSpace                            0x08004805   Thumb Code    36  lib_ascii.o(.text)
    ASCII_IsPrint                            0x08004829   Thumb Code    20  lib_ascii.o(.text)
    ASCII_IsGraph                            0x0800483d   Thumb Code    20  lib_ascii.o(.text)
    ASCII_IsPunct                            0x08004851   Thumb Code   134  lib_ascii.o(.text)
    ASCII_IsCtrl                             0x080048d7   Thumb Code    26  lib_ascii.o(.text)
    ASCII_ToLower                            0x080048f1   Thumb Code    32  lib_ascii.o(.text)
    ASCII_ToUpper                            0x08004911   Thumb Code    32  lib_ascii.o(.text)
    ASCII_Cmp                                0x08004931   Thumb Code    38  lib_ascii.o(.text)
    Mem_Init                                 0x08004959   Thumb Code    54  lib_mem.o(.text)
    Mem_Set                                  0x0800498f   Thumb Code    84  lib_mem.o(.text)
    Mem_Clr                                  0x080049e3   Thumb Code    18  lib_mem.o(.text)
    Mem_Move                                 0x080049f5   Thumb Code   186  lib_mem.o(.text)
    Mem_Cmp                                  0x08004aaf   Thumb Code   192  lib_mem.o(.text)
    Mem_HeapAlloc                            0x08004be7   Thumb Code   168  lib_mem.o(.text)
    Mem_SegGetSizeRem                        0x08004c8f   Thumb Code   108  lib_mem.o(.text)
    Mem_HeapGetSizeRem                       0x08004cfb   Thumb Code    22  lib_mem.o(.text)
    Mem_PoolClr                              0x08004d11   Thumb Code    80  lib_mem.o(.text)
    Mem_PoolCreate                           0x08004d61   Thumb Code   838  lib_mem.o(.text)
    Mem_PoolBlkGetNbrAvail                   0x080050a7   Thumb Code    52  lib_mem.o(.text)
    Mem_PoolBlkGet                           0x080050db   Thumb Code   126  lib_mem.o(.text)
    Mem_PoolBlkGetUsedAtIx                   0x08005159   Thumb Code   140  lib_mem.o(.text)
    Mem_PoolBlkFree                          0x080051e5   Thumb Code   152  lib_mem.o(.text)
    Mem_PoolBlkIxGet                         0x0800527d   Thumb Code   162  lib_mem.o(.text)
    Str_Len_N                                0x08005321   Thumb Code    28  lib_str.o(.text)
    Str_Len                                  0x0800533d   Thumb Code    20  lib_str.o(.text)
    Str_Copy_N                               0x08005351   Thumb Code    70  lib_str.o(.text)
    Str_Copy                                 0x08005397   Thumb Code    24  lib_str.o(.text)
    Str_Cat_N                                0x080053af   Thumb Code    90  lib_str.o(.text)
    Str_Cat                                  0x08005409   Thumb Code    24  lib_str.o(.text)
    Str_Cmp_N                                0x08005421   Thumb Code   156  lib_str.o(.text)
    Str_Cmp                                  0x080054bd   Thumb Code    24  lib_str.o(.text)
    Str_CmpIgnoreCase_N                      0x080054d5   Thumb Code   264  lib_str.o(.text)
    Str_CmpIgnoreCase                        0x080055dd   Thumb Code    24  lib_str.o(.text)
    Str_Char_N                               0x080055f5   Thumb Code    74  lib_str.o(.text)
    Str_Char                                 0x0800563f   Thumb Code    24  lib_str.o(.text)
    Str_Char_Last_N                          0x08005657   Thumb Code    76  lib_str.o(.text)
    Str_Char_Last                            0x080056a3   Thumb Code    24  lib_str.o(.text)
    Str_Char_Replace_N                       0x080056bb   Thumb Code    52  lib_str.o(.text)
    Str_Char_Replace                         0x080056ef   Thumb Code    28  lib_str.o(.text)
    Str_Str_N                                0x0800570b   Thumb Code   182  lib_str.o(.text)
    Str_Str                                  0x080057c1   Thumb Code    24  lib_str.o(.text)
    Str_FmtNbr_Int32U                        0x080059b5   Thumb Code    46  lib_str.o(.text)
    Str_FmtNbr_Int32S                        0x080059e3   Thumb Code    62  lib_str.o(.text)
    Str_ParseNbr_Int32U                      0x08005bdf   Thumb Code    30  lib_str.o(.text)
    Str_ParseNbr_Int32S                      0x08005bfd   Thumb Code    74  lib_str.o(.text)
    Mem_Copy                                 0x08005c4d   Thumb Code     0  lib_mem_a.o(.text)
    OSCfg_Init                               0x08005e6d   Thumb Code    86  os_cfg_app.o(.text)
    OS_IdleTask                              0x08005f69   Thumb Code    60  os_core.o(.text)
    OS_IdleTaskInit                          0x08005fa5   Thumb Code    68  os_core.o(.text)
    OS_RdyListInit                           0x08005fe9   Thumb Code    32  os_core.o(.text)
    OSInit                                   0x08006009   Thumb Code   300  os_core.o(.text)
    OSIntEnter                               0x08006135   Thumb Code    34  os_core.o(.text)
    OSIntExit                                0x08006157   Thumb Code   192  os_core.o(.text)
    OSSched                                  0x08006217   Thumb Code   134  os_core.o(.text)
    OS_SchedLockTimeMeasStart                0x0800629d   Thumb Code    20  os_core.o(.text)
    OSSchedLock                              0x080062b1   Thumb Code   104  os_core.o(.text)
    OS_SchedLockTimeMeasStop                 0x08006319   Thumb Code    44  os_core.o(.text)
    OSSchedUnlock                            0x08006345   Thumb Code   290  os_core.o(.text)
    OSSchedRoundRobinCfg                     0x08006467   Thumb Code    88  os_core.o(.text)
    OS_RdyListMoveHeadToTail                 0x080064bf   Thumb Code    68  os_core.o(.text)
    OSSchedRoundRobinYield                   0x08006503   Thumb Code   164  os_core.o(.text)
    OSStart                                  0x080065a7   Thumb Code    78  os_core.o(.text)
    OSVersion                                0x080065f5   Thumb Code    12  os_core.o(.text)
    OS_PendDbgNameAdd                        0x08006601   Thumb Code    66  os_core.o(.text)
    OS_PendListInsertPrio                    0x08006643   Thumb Code   102  os_core.o(.text)
    OS_PendDataInit                          0x080066a9   Thumb Code    38  os_core.o(.text)
    OS_RdyListRemove                         0x080066cf   Thumb Code    86  os_core.o(.text)
    OS_TaskBlock                             0x08006725   Thumb Code    56  os_core.o(.text)
    OS_Pend                                  0x0800675d   Thumb Code    98  os_core.o(.text)
    OS_PendListRemove1                       0x080067bf   Thumb Code   134  os_core.o(.text)
    OS_PendListRemove                        0x08006845   Thumb Code    48  os_core.o(.text)
    OS_PendAbort1                            0x08006875   Thumb Code    36  os_core.o(.text)
    OS_RdyListInsertHead                     0x08006899   Thumb Code    58  os_core.o(.text)
    OS_RdyListInsertTail                     0x080068d3   Thumb Code    56  os_core.o(.text)
    OS_RdyListInsert                         0x0800690b   Thumb Code    40  os_core.o(.text)
    OS_TaskRdy                               0x08006933   Thumb Code    28  os_core.o(.text)
    OS_PendAbort                             0x0800694f   Thumb Code   166  os_core.o(.text)
    OS_PendDbgNameRemove                     0x080069f5   Thumb Code    34  os_core.o(.text)
    OS_PendListChangePrio                    0x08006a17   Thumb Code    70  os_core.o(.text)
    OS_PendListInit                          0x08006a5d   Thumb Code    10  os_core.o(.text)
    OS_PendListInsertHead                    0x08006a67   Thumb Code    32  os_core.o(.text)
    OS_PendObjDel1                           0x08006a87   Thumb Code    36  os_core.o(.text)
    OS_PendObjDel                            0x08006aab   Thumb Code   162  os_core.o(.text)
    OS_Post1                                 0x08006b4d   Thumb Code    42  os_core.o(.text)
    OS_Post                                  0x08006b77   Thumb Code   192  os_core.o(.text)
    OS_Sched0                                0x08006c37   Thumb Code   102  os_core.o(.text)
    OS_SchedRoundRobin                       0x08006c9d   Thumb Code   190  os_core.o(.text)
    OS_Dbg_Init                              0x08006d6d   Thumb Code   146  os_dbg.o(.text)
    OS_FlagDbgListAdd                        0x08006f1d   Thumb Code    38  os_flag.o(.text)
    OSFlagCreate                             0x08006f43   Thumb Code   172  os_flag.o(.text)
    OS_FlagClr                               0x08006fef   Thumb Code    28  os_flag.o(.text)
    OS_FlagDbgListRemove                     0x0800700b   Thumb Code    44  os_flag.o(.text)
    OSFlagDel                                0x08007037   Thumb Code   594  os_flag.o(.text)
    OS_FlagBlock                             0x08007289   Thumb Code    58  os_flag.o(.text)
    OSFlagPend                               0x080072c3   Thumb Code  1488  os_flag.o(.text)
    OSFlagPendAbort                          0x08007893   Thumb Code   292  os_flag.o(.text)
    OSFlagPendGetFlagsRdy                    0x080079b7   Thumb Code    68  os_flag.o(.text)
    OS_FlagTaskRdy                           0x080079fb   Thumb Code    86  os_flag.o(.text)
    OS_FlagPost                              0x08007a51   Thumb Code   570  os_flag.o(.text)
    OSFlagPost                               0x08007c8b   Thumb Code   146  os_flag.o(.text)
    OS_FlagInit                              0x08007d1d   Thumb Code    14  os_flag.o(.text)
    OS_IntQPost                              0x08007d45   Thumb Code   216  os_int.o(.text)
    OS_IntQRePost                            0x08007e1d   Thumb Code   360  os_int.o(.text)
    OS_IntQTask                              0x08007f85   Thumb Code   162  os_int.o(.text)
    OS_IntQTaskInit                          0x08008027   Thumb Code   208  os_int.o(.text)
    OS_MemDbgListAdd                         0x08008189   Thumb Code    34  os_mem.o(.text)
    OSMemCreate                              0x080081ab   Thumb Code   288  os_mem.o(.text)
    OSMemGet                                 0x080082cb   Thumb Code   100  os_mem.o(.text)
    OSMemPut                                 0x0800832f   Thumb Code   112  os_mem.o(.text)
    OS_MemInit                               0x0800839f   Thumb Code    14  os_mem.o(.text)
    OS_MsgPoolCreate                         0x080083c1   Thumb Code    54  os_msg.o(.text)
    OS_MsgPoolInit                           0x080083f7   Thumb Code    70  os_msg.o(.text)
    OS_MsgQFreeAll                           0x0800843d   Thumb Code    62  os_msg.o(.text)
    OS_MsgQInit                              0x0800847b   Thumb Code    14  os_msg.o(.text)
    OS_MsgQGet                               0x08008489   Thumb Code    98  os_msg.o(.text)
    OS_MsgQPut                               0x080084eb   Thumb Code   246  os_msg.o(.text)
    OS_MutexDbgListAdd                       0x080085ed   Thumb Code    38  os_mutex.o(.text)
    OSMutexCreate                            0x08008613   Thumb Code   178  os_mutex.o(.text)
    OS_MutexClr                              0x080086c5   Thumb Code    38  os_mutex.o(.text)
    OS_MutexDbgListRemove                    0x080086eb   Thumb Code    44  os_mutex.o(.text)
    OSMutexDel                               0x08008717   Thumb Code   842  os_mutex.o(.text)
    OSMutexPend                              0x08008a61   Thumb Code   706  os_mutex.o(.text)
    OSMutexPendAbort                         0x08008d23   Thumb Code   314  os_mutex.o(.text)
    OSMutexPost                              0x08008e5d   Thumb Code   564  os_mutex.o(.text)
    OS_MutexInit                             0x08009091   Thumb Code    14  os_mutex.o(.text)
    OS_PrioInit                              0x080090c1   Thumb Code    20  os_prio.o(.text)
    OS_PrioGetHighest                        0x080090d5   Thumb Code    36  os_prio.o(.text)
    OS_PrioInsert                            0x080090f9   Thumb Code    32  os_prio.o(.text)
    OS_PrioRemove                            0x08009119   Thumb Code    32  os_prio.o(.text)
    OS_QDbgListAdd                           0x0800913d   Thumb Code    38  os_q.o(.text)
    OSQCreate                                0x08009163   Thumb Code   186  os_q.o(.text)
    OS_QClr                                  0x0800921d   Thumb Code    40  os_q.o(.text)
    OS_QDbgListRemove                        0x08009245   Thumb Code    44  os_q.o(.text)
    OSQDel                                   0x08009271   Thumb Code   362  os_q.o(.text)
    OSQFlush                                 0x080093db   Thumb Code   210  os_q.o(.text)
    OSQPend                                  0x080094ad   Thumb Code   538  os_q.o(.text)
    OSQPendAbort                             0x080096c7   Thumb Code   292  os_q.o(.text)
    OS_QPost                                 0x080097eb   Thumb Code   324  os_q.o(.text)
    OSQPost                                  0x0800992f   Thumb Code   198  os_q.o(.text)
    OS_QInit                                 0x080099f5   Thumb Code    14  os_q.o(.text)
    OS_SemDbgListAdd                         0x08009a15   Thumb Code    38  os_sem.o(.text)
    OSSemCreate                              0x08009a3b   Thumb Code   172  os_sem.o(.text)
    OS_SemClr                                0x08009ae7   Thumb Code    28  os_sem.o(.text)
    OS_SemDbgListRemove                      0x08009b03   Thumb Code    44  os_sem.o(.text)
    OSSemDel                                 0x08009b2f   Thumb Code   362  os_sem.o(.text)
    OSSemPend                                0x08009c99   Thumb Code   504  os_sem.o(.text)
    OSSemPendAbort                           0x08009e91   Thumb Code   292  os_sem.o(.text)
    OS_SemPost                               0x08009fb5   Thumb Code   350  os_sem.o(.text)
    OSSemPost                                0x0800a113   Thumb Code   144  os_sem.o(.text)
    OSSemSet                                 0x0800a1a3   Thumb Code   138  os_sem.o(.text)
    OS_SemInit                               0x0800a22d   Thumb Code    14  os_sem.o(.text)
    OSStatReset                              0x0800a245   Thumb Code   270  os_stat.o(.text)
    OSStatTaskCPUUsageInit                   0x0800a353   Thumb Code   212  os_stat.o(.text)
    OS_StatTask                              0x0800a427   Thumb Code   888  os_stat.o(.text)
    OS_StatTaskInit                          0x0800a79f   Thumb Code   138  os_stat.o(.text)
    OSTaskChangePrio                         0x0800a87d   Thumb Code   416  os_task.o(.text)
    OS_TaskDbgListAdd                        0x0800aa1d   Thumb Code    42  os_task.o(.text)
    OS_TaskInitTCB                           0x0800aa47   Thumb Code   186  os_task.o(.text)
    OSTaskCreate                             0x0800ab01   Thumb Code   616  os_task.o(.text)
    OS_TaskDbgListRemove                     0x0800ad69   Thumb Code    64  os_task.o(.text)
    OSTaskDel                                0x0800ada9   Thumb Code   424  os_task.o(.text)
    OSTaskQFlush                             0x0800af51   Thumb Code   214  os_task.o(.text)
    OSTaskQPend                              0x0800b027   Thumb Code   554  os_task.o(.text)
    OSTaskQPendAbort                         0x0800b251   Thumb Code   242  os_task.o(.text)
    OS_TaskQPost                             0x0800b343   Thumb Code   526  os_task.o(.text)
    OSTaskQPost                              0x0800b551   Thumb Code   114  os_task.o(.text)
    OSTaskRegGet                             0x0800b5c3   Thumb Code    78  os_task.o(.text)
    OSTaskRegGetID                           0x0800b611   Thumb Code    84  os_task.o(.text)
    OSTaskRegSet                             0x0800b665   Thumb Code    78  os_task.o(.text)
    OS_TaskResume                            0x0800b6b3   Thumb Code   314  os_task.o(.text)
    OSTaskResume                             0x0800b7ed   Thumb Code   112  os_task.o(.text)
    OSTaskSemPend                            0x0800b85d   Thumb Code   550  os_task.o(.text)
    OSTaskSemPendAbort                       0x0800ba83   Thumb Code   270  os_task.o(.text)
    OS_TaskSemPost                           0x0800bb91   Thumb Code  1224  os_task.o(.text)
    OSTaskSemPost                            0x0800c059   Thumb Code    98  os_task.o(.text)
    OSTaskSemSet                             0x0800c0bb   Thumb Code    80  os_task.o(.text)
    OSTaskStkChk                             0x0800c10b   Thumb Code   224  os_task.o(.text)
    OS_TaskSuspend                           0x0800c1eb   Thumb Code   328  os_task.o(.text)
    OSTaskSuspend                            0x0800c333   Thumb Code    78  os_task.o(.text)
    OSTaskTimeQuantaSet                      0x0800c381   Thumb Code    96  os_task.o(.text)
    OS_TaskInit                              0x0800c3e1   Thumb Code    18  os_task.o(.text)
    OS_TaskReturn                            0x0800c3f3   Thumb Code    20  os_task.o(.text)
    OS_TickListRemove                        0x0800c431   Thumb Code    56  os_tick.o(.text)
    OS_TickListUpdate                        0x0800c469   Thumb Code   480  os_tick.o(.text)
    OS_TickTask                              0x0800c649   Thumb Code    38  os_tick.o(.text)
    OS_TickListInit                          0x0800c66f   Thumb Code    32  os_tick.o(.text)
    OS_TickTaskInit                          0x0800c68f   Thumb Code   130  os_tick.o(.text)
    OS_TickListInsert                        0x0800c711   Thumb Code   502  os_tick.o(.text)
    OS_TickListResetPeak                     0x0800c907   Thumb Code    28  os_tick.o(.text)
    OSTimeDly                                0x0800c92d   Thumb Code   266  os_time.o(.text)
    OSTimeDlyHMSM                            0x0800ca37   Thumb Code   480  os_time.o(.text)
    OSTimeDlyResume                          0x0800cc17   Thumb Code   466  os_time.o(.text)
    OSTimeGet                                0x0800cde9   Thumb Code    46  os_time.o(.text)
    OSTimeSet                                0x0800ce17   Thumb Code    46  os_time.o(.text)
    OSTimeTick                               0x0800ce45   Thumb Code    54  os_time.o(.text)
    OS_TmrDbgListAdd                         0x0800ce91   Thumb Code    34  os_tmr.o(.text)
    OSTmrCreate                              0x0800ceb3   Thumb Code   248  os_tmr.o(.text)
    OS_TmrClr                                0x0800cfab   Thumb Code    36  os_tmr.o(.text)
    OS_TmrUnlink                             0x0800cfcf   Thumb Code    72  os_tmr.o(.text)
    OS_TmrDbgListRemove                      0x0800d017   Thumb Code    44  os_tmr.o(.text)
    OSTmrDel                                 0x0800d043   Thumb Code   176  os_tmr.o(.text)
    OSTmrRemainGet                           0x0800d0f3   Thumb Code   184  os_tmr.o(.text)
    OS_TmrLink                               0x0800d1ab   Thumb Code   196  os_tmr.o(.text)
    OSTmrStart                               0x0800d26f   Thumb Code   210  os_tmr.o(.text)
    OSTmrStateGet                            0x0800d341   Thumb Code   134  os_tmr.o(.text)
    OSTmrStop                                0x0800d3c7   Thumb Code   232  os_tmr.o(.text)
    OS_TmrTask                               0x0800d4af   Thumb Code   176  os_tmr.o(.text)
    OS_TmrInit                               0x0800d55f   Thumb Code   208  os_tmr.o(.text)
    OS_TmrResetPeak                          0x0800d62f   Thumb Code    28  os_tmr.o(.text)
    OSIdleTaskHook                           0x0800d6a9   Thumb Code    16  os_cpu_c.o(.text)
    OSInitHook                               0x0800d6b9   Thumb Code    42  os_cpu_c.o(.text)
    OSStatTaskHook                           0x0800d6e3   Thumb Code    16  os_cpu_c.o(.text)
    OSTaskCreateHook                         0x0800d6f3   Thumb Code    20  os_cpu_c.o(.text)
    OSTaskDelHook                            0x0800d707   Thumb Code    20  os_cpu_c.o(.text)
    OSTaskReturnHook                         0x0800d71b   Thumb Code    20  os_cpu_c.o(.text)
    OSTaskStkInit                            0x0800d72f   Thumb Code   188  os_cpu_c.o(.text)
    OSTaskSwHook                             0x0800d7eb   Thumb Code   120  os_cpu_c.o(.text)
    OSTimeTickHook                           0x0800d863   Thumb Code    16  os_cpu_c.o(.text)
    OS_CPU_SysTickHandler                    0x0800d873   Thumb Code    52  os_cpu_c.o(.text)
    OS_CPU_SysTickInit                       0x0800d8a7   Thumb Code    44  os_cpu_c.o(.text)
    __use_no_semihosting                     0x0800d915   Thumb Code     2  use_no_semi_2.o(.text)
    __aeabi_uldivmod                         0x0800d917   Thumb Code     0  lludivv7m.o(.text)
    _ll_udiv                                 0x0800d917   Thumb Code   238  lludivv7m.o(.text)
    __2printf                                0x0800da05   Thumb Code    20  noretval__2printf.o(.text)
    __printf                                 0x0800da1d   Thumb Code   104  __printf.o(.text)
    _printf_int_dec                          0x0800da85   Thumb Code   104  _printf_dec.o(.text)
    _printf_int_hex                          0x0800dafd   Thumb Code    84  _printf_hex_int.o(.text)
    _printf_longlong_hex                     0x0800dafd   Thumb Code     0  _printf_hex_int.o(.text)
    memcmp                                   0x0800db55   Thumb Code    88  memcmp.o(.text)
    __aeabi_memcpy                           0x0800dbad   Thumb Code     0  rt_memcpy_v6.o(.text)
    __rt_memcpy                              0x0800dbad   Thumb Code   138  rt_memcpy_v6.o(.text)
    _memcpy_lastbytes                        0x0800dc13   Thumb Code     0  rt_memcpy_v6.o(.text)
    __aeabi_memclr                           0x0800dc37   Thumb Code     0  rt_memclr.o(.text)
    __rt_memclr                              0x0800dc37   Thumb Code    68  rt_memclr.o(.text)
    _memset                                  0x0800dc3b   Thumb Code     0  rt_memclr.o(.text)
    __use_two_region_memory                  0x0800dc7b   Thumb Code     2  heapauxi.o(.text)
    __rt_heap_escrow$2region                 0x0800dc7d   Thumb Code     2  heapauxi.o(.text)
    __rt_heap_expand$2region                 0x0800dc7f   Thumb Code     2  heapauxi.o(.text)
    __I$use$semihosting                      0x0800dc81   Thumb Code     0  use_no_semi.o(.text)
    __use_no_semihosting_swi                 0x0800dc81   Thumb Code     2  use_no_semi.o(.text)
    _printf_int_common                       0x0800dc83   Thumb Code   178  _printf_intcommon.o(.text)
    _printf_char_file                        0x0800dd35   Thumb Code    32  _printf_char_file.o(.text)
    __aeabi_memcpy4                          0x0800dd59   Thumb Code     0  rt_memcpy_w.o(.text)
    __aeabi_memcpy8                          0x0800dd59   Thumb Code     0  rt_memcpy_w.o(.text)
    __rt_memcpy_w                            0x0800dd59   Thumb Code   100  rt_memcpy_w.o(.text)
    _memcpy_lastbytes_aligned                0x0800dda1   Thumb Code     0  rt_memcpy_w.o(.text)
    __aeabi_memclr4                          0x0800ddbd   Thumb Code     0  rt_memclr_w.o(.text)
    __aeabi_memclr8                          0x0800ddbd   Thumb Code     0  rt_memclr_w.o(.text)
    __rt_memclr_w                            0x0800ddbd   Thumb Code    78  rt_memclr_w.o(.text)
    _memset_w                                0x0800ddc1   Thumb Code     0  rt_memclr_w.o(.text)
    _printf_char_common                      0x0800de17   Thumb Code    32  _printf_char_common.o(.text)
    ferror                                   0x0800de3d   Thumb Code     8  ferror.o(.text)
    __user_setup_stackheap                   0x0800de45   Thumb Code    74  sys_stackheap_outer.o(.text)
    exit                                     0x0800de8f   Thumb Code    12  exit.o(.text)
    __user_libspace                          0x0800de9d   Thumb Code     8  libspace.o(.text)
    __user_perproc_libspace                  0x0800de9d   Thumb Code     0  libspace.o(.text)
    __user_perthread_libspace                0x0800de9d   Thumb Code     0  libspace.o(.text)
    OSStartHighRdy                           0x0800dea5   Thumb Code     0  os_cpu_a.o(CODE)
    PendSV_Handler                           0x0800dedb   Thumb Code     0  os_cpu_a.o(CODE)
    memtblsize                               0x0800df54   Data           8  malloc.o(.constdata)
    memblksize                               0x0800df5c   Data           8  malloc.o(.constdata)
    memsize                                  0x0800df64   Data           8  malloc.o(.constdata)
    CPU_EndiannessTest                       0x0800e06c   Data           4  cpu_core.o(.constdata)
    OSCfg_IdleTaskStkBasePtr                 0x0800e104   Data           4  os_cfg_app.o(.constdata)
    OSCfg_IdleTaskStkLimit                   0x0800e108   Data           4  os_cfg_app.o(.constdata)
    OSCfg_IdleTaskStkSize                    0x0800e10c   Data           4  os_cfg_app.o(.constdata)
    OSCfg_IdleTaskStkSizeRAM                 0x0800e110   Data           4  os_cfg_app.o(.constdata)
    OSCfg_IntQBasePtr                        0x0800e114   Data           4  os_cfg_app.o(.constdata)
    OSCfg_IntQSize                           0x0800e118   Data           2  os_cfg_app.o(.constdata)
    OSCfg_IntQSizeRAM                        0x0800e11c   Data           4  os_cfg_app.o(.constdata)
    OSCfg_IntQTaskStkBasePtr                 0x0800e120   Data           4  os_cfg_app.o(.constdata)
    OSCfg_IntQTaskStkLimit                   0x0800e124   Data           4  os_cfg_app.o(.constdata)
    OSCfg_IntQTaskStkSize                    0x0800e128   Data           4  os_cfg_app.o(.constdata)
    OSCfg_IntQTaskStkSizeRAM                 0x0800e12c   Data           4  os_cfg_app.o(.constdata)
    OSCfg_ISRStkBasePtr                      0x0800e130   Data           4  os_cfg_app.o(.constdata)
    OSCfg_ISRStkSize                         0x0800e134   Data           4  os_cfg_app.o(.constdata)
    OSCfg_ISRStkSizeRAM                      0x0800e138   Data           4  os_cfg_app.o(.constdata)
    OSCfg_MsgPoolSize                        0x0800e13c   Data           2  os_cfg_app.o(.constdata)
    OSCfg_MsgPoolSizeRAM                     0x0800e140   Data           4  os_cfg_app.o(.constdata)
    OSCfg_MsgPoolBasePtr                     0x0800e144   Data           4  os_cfg_app.o(.constdata)
    OSCfg_StatTaskPrio                       0x0800e148   Data           1  os_cfg_app.o(.constdata)
    OSCfg_StatTaskRate_Hz                    0x0800e14c   Data           4  os_cfg_app.o(.constdata)
    OSCfg_StatTaskStkBasePtr                 0x0800e150   Data           4  os_cfg_app.o(.constdata)
    OSCfg_StatTaskStkLimit                   0x0800e154   Data           4  os_cfg_app.o(.constdata)
    OSCfg_StatTaskStkSize                    0x0800e158   Data           4  os_cfg_app.o(.constdata)
    OSCfg_StatTaskStkSizeRAM                 0x0800e15c   Data           4  os_cfg_app.o(.constdata)
    OSCfg_StkSizeMin                         0x0800e160   Data           4  os_cfg_app.o(.constdata)
    OSCfg_TickRate_Hz                        0x0800e164   Data           4  os_cfg_app.o(.constdata)
    OSCfg_TickTaskPrio                       0x0800e168   Data           1  os_cfg_app.o(.constdata)
    OSCfg_TickTaskStkBasePtr                 0x0800e16c   Data           4  os_cfg_app.o(.constdata)
    OSCfg_TickTaskStkLimit                   0x0800e170   Data           4  os_cfg_app.o(.constdata)
    OSCfg_TickTaskStkSize                    0x0800e174   Data           4  os_cfg_app.o(.constdata)
    OSCfg_TickTaskStkSizeRAM                 0x0800e178   Data           4  os_cfg_app.o(.constdata)
    OSCfg_TickWheelSize                      0x0800e17c   Data           2  os_cfg_app.o(.constdata)
    OSCfg_TickWheelSizeRAM                   0x0800e180   Data           4  os_cfg_app.o(.constdata)
    OSCfg_TmrTaskPrio                        0x0800e184   Data           1  os_cfg_app.o(.constdata)
    OSCfg_TmrTaskRate_Hz                     0x0800e188   Data           4  os_cfg_app.o(.constdata)
    OSCfg_TmrTaskStkBasePtr                  0x0800e18c   Data           4  os_cfg_app.o(.constdata)
    OSCfg_TmrTaskStkLimit                    0x0800e190   Data           4  os_cfg_app.o(.constdata)
    OSCfg_TmrTaskStkSize                     0x0800e194   Data           4  os_cfg_app.o(.constdata)
    OSCfg_TmrTaskStkSizeRAM                  0x0800e198   Data           4  os_cfg_app.o(.constdata)
    OSCfg_TmrWheelSize                       0x0800e19c   Data           2  os_cfg_app.o(.constdata)
    OSCfg_TmrWheelSizeRAM                    0x0800e1a0   Data           4  os_cfg_app.o(.constdata)
    OSCfg_DataSizeRAM                        0x0800e1a4   Data           4  os_cfg_app.o(.constdata)
    OSDbg_DbgEn                              0x0800e1a8   Data           2  os_dbg.o(.constdata)
    OSDbg_ArgChkEn                           0x0800e1aa   Data           1  os_dbg.o(.constdata)
    OSDbg_AppHooksEn                         0x0800e1ab   Data           1  os_dbg.o(.constdata)
    OSDbg_EndiannessTest                     0x0800e1ac   Data           4  os_dbg.o(.constdata)
    OSDbg_CalledFromISRChkEn                 0x0800e1b0   Data           1  os_dbg.o(.constdata)
    OSDbg_FlagEn                             0x0800e1b1   Data           1  os_dbg.o(.constdata)
    OSDbg_FlagGrp                            0x0800e1b4   Data          40  os_dbg.o(.constdata)
    OSDbg_FlagDelEn                          0x0800e1dc   Data           1  os_dbg.o(.constdata)
    OSDbg_FlagModeClrEn                      0x0800e1dd   Data           1  os_dbg.o(.constdata)
    OSDbg_FlagPendAbortEn                    0x0800e1de   Data           1  os_dbg.o(.constdata)
    OSDbg_FlagGrpSize                        0x0800e1e0   Data           2  os_dbg.o(.constdata)
    OSDbg_FlagWidth                          0x0800e1e2   Data           2  os_dbg.o(.constdata)
    OSDbg_IntQ                               0x0800e1e4   Data           2  os_dbg.o(.constdata)
    OSDbg_ISRPostDeferredEn                  0x0800e1e6   Data           1  os_dbg.o(.constdata)
    OSDbg_Mem                                0x0800e1e8   Data          32  os_dbg.o(.constdata)
    OSDbg_MemEn                              0x0800e208   Data           1  os_dbg.o(.constdata)
    OSDbg_MemSize                            0x0800e20a   Data           2  os_dbg.o(.constdata)
    OSDbg_MsgEn                              0x0800e20c   Data           1  os_dbg.o(.constdata)
    OSDbg_MsgSize                            0x0800e20e   Data           2  os_dbg.o(.constdata)
    OSDbg_MsgPoolSize                        0x0800e210   Data           2  os_dbg.o(.constdata)
    OSDbg_MsgQSize                           0x0800e212   Data           2  os_dbg.o(.constdata)
    OSDbg_Mutex                              0x0800e214   Data          44  os_dbg.o(.constdata)
    OSDbg_MutexEn                            0x0800e240   Data           1  os_dbg.o(.constdata)
    OSDbg_MutexDelEn                         0x0800e241   Data           1  os_dbg.o(.constdata)
    OSDbg_MutexPendAbortEn                   0x0800e242   Data           1  os_dbg.o(.constdata)
    OSDbg_MutexSize                          0x0800e244   Data           2  os_dbg.o(.constdata)
    OSDbg_ObjTypeChkEn                       0x0800e246   Data           1  os_dbg.o(.constdata)
    OSDbg_PendMultiEn                        0x0800e247   Data           1  os_dbg.o(.constdata)
    OSDbg_PendDataSize                       0x0800e248   Data           2  os_dbg.o(.constdata)
    OSDbg_PendListSize                       0x0800e24a   Data           2  os_dbg.o(.constdata)
    OSDbg_PendObjSize                        0x0800e24c   Data           2  os_dbg.o(.constdata)
    OSDbg_PrioMax                            0x0800e24e   Data           2  os_dbg.o(.constdata)
    OSDbg_PrioTblSize                        0x0800e250   Data           2  os_dbg.o(.constdata)
    OSDbg_PtrSize                            0x0800e252   Data           2  os_dbg.o(.constdata)
    OSDbg_Q                                  0x0800e254   Data          48  os_dbg.o(.constdata)
    OSDbg_QEn                                0x0800e284   Data           1  os_dbg.o(.constdata)
    OSDbg_QDelEn                             0x0800e285   Data           1  os_dbg.o(.constdata)
    OSDbg_QFlushEn                           0x0800e286   Data           1  os_dbg.o(.constdata)
    OSDbg_QPendAbortEn                       0x0800e287   Data           1  os_dbg.o(.constdata)
    OSDbg_QSize                              0x0800e288   Data           2  os_dbg.o(.constdata)
    OSDbg_SchedRoundRobinEn                  0x0800e28a   Data           1  os_dbg.o(.constdata)
    OSDbg_Sem                                0x0800e28c   Data          40  os_dbg.o(.constdata)
    OSDbg_SemEn                              0x0800e2b4   Data           1  os_dbg.o(.constdata)
    OSDbg_SemDelEn                           0x0800e2b5   Data           1  os_dbg.o(.constdata)
    OSDbg_SemPendAbortEn                     0x0800e2b6   Data           1  os_dbg.o(.constdata)
    OSDbg_SemSetEn                           0x0800e2b7   Data           1  os_dbg.o(.constdata)
    OSDbg_SemSize                            0x0800e2b8   Data           2  os_dbg.o(.constdata)
    OSDbg_RdyList                            0x0800e2ba   Data           2  os_dbg.o(.constdata)
    OSDbg_RdyListSize                        0x0800e2bc   Data           4  os_dbg.o(.constdata)
    OSDbg_StkWidth                           0x0800e2c0   Data           1  os_dbg.o(.constdata)
    OSDbg_StatTaskEn                         0x0800e2c1   Data           1  os_dbg.o(.constdata)
    OSDbg_StatTaskStkChkEn                   0x0800e2c2   Data           1  os_dbg.o(.constdata)
    OSDbg_TaskChangePrioEn                   0x0800e2c3   Data           1  os_dbg.o(.constdata)
    OSDbg_TaskDelEn                          0x0800e2c4   Data           1  os_dbg.o(.constdata)
    OSDbg_TaskQEn                            0x0800e2c5   Data           1  os_dbg.o(.constdata)
    OSDbg_TaskQPendAbortEn                   0x0800e2c6   Data           1  os_dbg.o(.constdata)
    OSDbg_TaskProfileEn                      0x0800e2c7   Data           1  os_dbg.o(.constdata)
    OSDbg_TaskRegTblSize                     0x0800e2c8   Data           2  os_dbg.o(.constdata)
    OSDbg_TaskSemPendAbortEn                 0x0800e2ca   Data           1  os_dbg.o(.constdata)
    OSDbg_TaskSuspendEn                      0x0800e2cb   Data           1  os_dbg.o(.constdata)
    OSDbg_TCBSize                            0x0800e2cc   Data           2  os_dbg.o(.constdata)
    OSDbg_TickSpokeSize                      0x0800e2ce   Data           2  os_dbg.o(.constdata)
    OSDbg_TimeDlyHMSMEn                      0x0800e2d0   Data           1  os_dbg.o(.constdata)
    OSDbg_TimeDlyResumeEn                    0x0800e2d1   Data           1  os_dbg.o(.constdata)
    OSDbg_TLS_TblSize                        0x0800e2d2   Data           2  os_dbg.o(.constdata)
    OSDbg_Tmr                                0x0800e2d4   Data          52  os_dbg.o(.constdata)
    OSDbg_TmrEn                              0x0800e308   Data           1  os_dbg.o(.constdata)
    OSDbg_TmrDelEn                           0x0800e309   Data           1  os_dbg.o(.constdata)
    OSDbg_TmrSize                            0x0800e30a   Data           2  os_dbg.o(.constdata)
    OSDbg_TmrSpokeSize                       0x0800e30c   Data           2  os_dbg.o(.constdata)
    OSDbg_VersionNbr                         0x0800e30e   Data           2  os_dbg.o(.constdata)
    OSDbg_DataSize                           0x0800e310   Data           4  os_dbg.o(.constdata)
    Region$$Table$$Base                      0x0800e33c   Number         0  anon$$obj.o(Region$$Table)
    Region$$Table$$Limit                     0x0800e35c   Number         0  anon$$obj.o(Region$$Table)
    g_printf_enable                          0x20000000   Data           1  main.o(.data)
    g_ota_sta                                0x20000001   Data           1  main.o(.data)
    g_ota_recv_sum                           0x20000004   Data           4  main.o(.data)
    g_ota_pg_numid                           0x20000008   Data           2  main.o(.data)
    g_ota_pg_nums                            0x2000000a   Data           2  main.o(.data)
    g_ota_bin_size                           0x2000000c   Data           4  main.o(.data)
    g_rx_sta_clr_pos                         0x20000010   Data           1  main.o(.data)
    SystemCoreClock                          0x20000014   Data           4  system_stm32f10x.o(.data)
    AHBPrescTable                            0x20000018   Data          16  system_stm32f10x.o(.data)
    PADDING                                  0x20000028   Data          64  gagent_md5.o(.data)
    U1_DMA_SEND_FREE_FLAG                    0x20000068   Data           1  dma.o(.data)
    DMA1_MEM_LEN                             0x2000006a   Data           2  dma.o(.data)
    jump2app                                 0x2000006c   Data           4  iap.o(.data)
    UPGRADE                                  0x20000070   Data           4  iap.o(.data)
    __stdout                                 0x20000078   Data           4  usart.o(.data)
    USART_RX_BUF                             0x2000007c   Data           4  usart.o(.data)
    USART_RX_BUF_BAK                         0x20000080   Data           4  usart.o(.data)
    STMFLASH_BUF                             0x20000084   Data           4  usart.o(.data)
    iapbuf                                   0x20000088   Data           4  usart.o(.data)
    USART_RX_STA                             0x2000008c   Data           4  usart.o(.data)
    g_after_rx_intr                          0x20000090   Data           1  usart.o(.data)
    mallco_dev                               0x20000094   Data          28  malloc.o(.data)
    CPU_TS_TmrFreq_Hz                        0x200000c4   Data           4  cpu_core.o(.data)
    Mem_PoolTbl                              0x200000c8   Data           4  lib_mem.o(.data)
    OSPrioTbl                                0x200000cc   Data           8  os_prio.o(.data)
    OS_AppTaskCreateHookPtr                  0x200000d4   Data           4  os_var.o(.data)
    OS_AppTaskDelHookPtr                     0x200000d8   Data           4  os_var.o(.data)
    OS_AppTaskReturnHookPtr                  0x200000dc   Data           4  os_var.o(.data)
    OS_AppIdleTaskHookPtr                    0x200000e0   Data           4  os_var.o(.data)
    OS_AppStatTaskHookPtr                    0x200000e4   Data           4  os_var.o(.data)
    OS_AppTaskSwHookPtr                      0x200000e8   Data           4  os_var.o(.data)
    OS_AppTimeTickHookPtr                    0x200000ec   Data           4  os_var.o(.data)
    OSIdleTaskCtr                            0x200000f0   Data           4  os_var.o(.data)
    OSIntNestingCtr                          0x200000f4   Data           1  os_var.o(.data)
    OSRunning                                0x200000f5   Data           1  os_var.o(.data)
    OSIntQInPtr                              0x200000f8   Data           4  os_var.o(.data)
    OSIntQOutPtr                             0x200000fc   Data           4  os_var.o(.data)
    OSIntQNbrEntries                         0x20000100   Data           2  os_var.o(.data)
    OSIntQNbrEntriesMax                      0x20000102   Data           2  os_var.o(.data)
    OSIntQOvfCtr                             0x20000104   Data           2  os_var.o(.data)
    OSIntQTaskTimeMax                        0x20000108   Data           4  os_var.o(.data)
    OSFlagDbgListPtr                         0x2000010c   Data           4  os_var.o(.data)
    OSFlagQty                                0x20000110   Data           2  os_var.o(.data)
    OSMemDbgListPtr                          0x20000114   Data           4  os_var.o(.data)
    OSMemQty                                 0x20000118   Data           2  os_var.o(.data)
    OSMutexDbgListPtr                        0x2000011c   Data           4  os_var.o(.data)
    OSMutexQty                               0x20000120   Data           2  os_var.o(.data)
    OSPrioCur                                0x20000122   Data           1  os_var.o(.data)
    OSPrioHighRdy                            0x20000123   Data           1  os_var.o(.data)
    OSPrioSaved                              0x20000124   Data           1  os_var.o(.data)
    OSQDbgListPtr                            0x20000128   Data           4  os_var.o(.data)
    OSQQty                                   0x2000012c   Data           2  os_var.o(.data)
    OSSchedLockTimeBegin                     0x20000130   Data           4  os_var.o(.data)
    OSSchedLockTimeMax                       0x20000134   Data           4  os_var.o(.data)
    OSSchedLockTimeMaxCur                    0x20000138   Data           4  os_var.o(.data)
    OSSchedLockNestingCtr                    0x2000013c   Data           1  os_var.o(.data)
    OSSchedRoundRobinDfltTimeQuanta          0x20000140   Data           4  os_var.o(.data)
    OSSchedRoundRobinEn                      0x20000144   Data           1  os_var.o(.data)
    OSSemDbgListPtr                          0x20000148   Data           4  os_var.o(.data)
    OSSemQty                                 0x2000014c   Data           2  os_var.o(.data)
    OSStatResetFlag                          0x2000014e   Data           1  os_var.o(.data)
    OSStatTaskCPUUsage                       0x20000150   Data           2  os_var.o(.data)
    OSStatTaskCPUUsageMax                    0x20000152   Data           2  os_var.o(.data)
    OSStatTaskCtr                            0x20000154   Data           4  os_var.o(.data)
    OSStatTaskCtrMax                         0x20000158   Data           4  os_var.o(.data)
    OSStatTaskCtrRun                         0x2000015c   Data           4  os_var.o(.data)
    OSStatTaskRdy                            0x20000160   Data           1  os_var.o(.data)
    OSStatTaskTimeMax                        0x20000164   Data           4  os_var.o(.data)
    OSTaskCtxSwCtr                           0x20000168   Data           4  os_var.o(.data)
    OSTaskDbgListPtr                         0x2000016c   Data           4  os_var.o(.data)
    OSTaskQty                                0x20000170   Data           2  os_var.o(.data)
    OSTaskRegNextAvailID                     0x20000172   Data           1  os_var.o(.data)
    OSTickCtr                                0x20000174   Data           4  os_var.o(.data)
    OSTickTaskTimeMax                        0x20000178   Data           4  os_var.o(.data)
    OSTmrDbgListPtr                          0x2000017c   Data           4  os_var.o(.data)
    OSTmrQty                                 0x20000180   Data           2  os_var.o(.data)
    OSTmrTaskTimeMax                         0x20000184   Data           4  os_var.o(.data)
    OSTmrTickCtr                             0x20000188   Data           4  os_var.o(.data)
    OSTmrUpdateCnt                           0x2000018c   Data           4  os_var.o(.data)
    OSTmrUpdateCtr                           0x20000190   Data           4  os_var.o(.data)
    OSTCBCurPtr                              0x20000194   Data           4  os_var.o(.data)
    OSTCBHighRdyPtr                          0x20000198   Data           4  os_var.o(.data)
    OS_CPU_ExceptStkBase                     0x2000019c   Data           4  os_cpu_c.o(.data)
    StartTaskTCB                             0x200001a0   Data         196  main.o(.bss)
    START_TASK_STK                           0x20000264   Data        1024  main.o(.bss)
    AppCmdsTaskTCB                           0x20000664   Data         196  main.o(.bss)
    APPCMDS_TASK_STK                         0x20000728   Data         256  main.o(.bss)
    IapTaskTCB                               0x20000828   Data         196  main.o(.bss)
    IAP_TASK_STK                             0x200008ec   Data        4096  main.o(.bss)
    g_ota_bin_md5                            0x200018ec   Data          16  main.o(.bss)
    g_ota_package_md5                        0x200018fc   Data          16  main.o(.bss)
    DMA_InitStructure                        0x2000190c   Data          44  dma.o(.bss)
    U1_DMA_R_BUF                             0x20001938   Data         512  dma.o(.bss)
    U1_DMA_T_BUF                             0x20001b38   Data          70  dma.o(.bss)
    flashBUF                                 0x20001b7e   Data        1024  iap.o(.bss)
    snd_buf                                  0x20001f7e   Data         128  usart.o(.bss)
    mem1base                                 0x20002000   Data       35840  malloc.o(.bss)
    mem1mapbase                              0x2000ac00   Data        2240  malloc.o(.bss)
    CPU_Name                                 0x2000b4c0   Data          16  cpu_core.o(.bss)
    Mem_PoolHeap                             0x2000b4d0   Data          72  lib_mem.o(.bss)
    Mem_Heap                                 0x2000b518   Data        1024  lib_mem.o(.bss)
    OSCfg_IdleTaskStk                        0x2000b918   Data         512  os_cfg_app.o(.bss)
    OSCfg_IntQ                               0x2000bb18   Data         320  os_cfg_app.o(.bss)
    OSCfg_IntQTaskStk                        0x2000bc58   Data         512  os_cfg_app.o(.bss)
    OSCfg_ISRStk                             0x2000be58   Data         512  os_cfg_app.o(.bss)
    OSCfg_MsgPool                            0x2000c058   Data        1600  os_cfg_app.o(.bss)
    OSCfg_StatTaskStk                        0x2000c698   Data         512  os_cfg_app.o(.bss)
    OSCfg_TickTaskStk                        0x2000c898   Data         512  os_cfg_app.o(.bss)
    OSCfg_TickWheel                          0x2000ca98   Data         136  os_cfg_app.o(.bss)
    OSCfg_TmrTaskStk                         0x2000cb20   Data         512  os_cfg_app.o(.bss)
    OSCfg_TmrWheel                           0x2000cd20   Data         136  os_cfg_app.o(.bss)
    OSIdleTaskTCB                            0x2000cda8   Data         196  os_var.o(.bss)
    OSIntQTaskTCB                            0x2000ce6c   Data         196  os_var.o(.bss)
    OSMsgPool                                0x2000cf30   Data          12  os_var.o(.bss)
    OSRdyList                                0x2000cf3c   Data         768  os_var.o(.bss)
    OSStatTaskTCB                            0x2000d23c   Data         196  os_var.o(.bss)
    OSTickTaskTCB                            0x2000d300   Data         196  os_var.o(.bss)
    OSTmrTaskTCB                             0x2000d3c4   Data         196  os_var.o(.bss)
    __libspace_start                         0x2000d488   Data          96  libspace.o(.bss)
    __temporary_stack_top$libspace           0x2000d4e8   Data           0  libspace.o(.bss)
    mem2base                                 0x68000000   Data       819200  malloc.o(.ARM.__AT_0x68000000)
    mem2mapbase                              0x680c8000   Data       51200  malloc.o(.ARM.__AT_0x680C8000)



==============================================================================

Memory Map of the image

  Image Entry point : 0x08000131

  Load Region LR_IROM1 (Base: 0x08000000, Size: 0x0000e4fc, Max: 0x00018800, ABSOLUTE, COMPRESSED[0x0000e394])

    Execution Region ER_IROM1 (Base: 0x08000000, Size: 0x0000e35c, Max: 0x00018800, ABSOLUTE)

    Base Addr    Size         Type   Attr      Idx    E Section Name        Object

    0x08000000   0x00000130   Data   RO          403    RESET               startup_stm32f10x_hd.o
    0x08000130   0x00000008   Code   RO         1003  * !!!main             c_w.l(__main.o)
    0x08000138   0x00000034   Code   RO         1186    !!!scatter          c_w.l(__scatter.o)
    0x0800016c   0x0000005a   Code   RO         1184    !!dczerorl2         c_w.l(__dczerorl2.o)
    0x080001c6   0x00000002   PAD
    0x080001c8   0x0000001c   Code   RO         1188    !!handler_zi        c_w.l(__scatter_zi.o)
    0x080001e4   0x00000000   Code   RO          994    .ARM.Collect$$_printf_percent$$00000000  c_w.l(_printf_percent.o)
    0x080001e4   0x00000006   Code   RO          993    .ARM.Collect$$_printf_percent$$00000009  c_w.l(_printf_d.o)
    0x080001ea   0x00000006   Code   RO          992    .ARM.Collect$$_printf_percent$$0000000C  c_w.l(_printf_x.o)
    0x080001f0   0x00000004   Code   RO         1016    .ARM.Collect$$_printf_percent$$00000017  c_w.l(_printf_percent_end.o)
    0x080001f4   0x00000002   Code   RO         1059    .ARM.Collect$$libinit$$00000000  c_w.l(libinit.o)
    0x080001f6   0x00000000   Code   RO         1072    .ARM.Collect$$libinit$$00000002  c_w.l(libinit2.o)
    0x080001f6   0x00000000   Code   RO         1074    .ARM.Collect$$libinit$$00000004  c_w.l(libinit2.o)
    0x080001f6   0x00000000   Code   RO         1077    .ARM.Collect$$libinit$$0000000A  c_w.l(libinit2.o)
    0x080001f6   0x00000000   Code   RO         1079    .ARM.Collect$$libinit$$0000000C  c_w.l(libinit2.o)
    0x080001f6   0x00000000   Code   RO         1081    .ARM.Collect$$libinit$$0000000E  c_w.l(libinit2.o)
    0x080001f6   0x00000000   Code   RO         1084    .ARM.Collect$$libinit$$00000011  c_w.l(libinit2.o)
    0x080001f6   0x00000000   Code   RO         1086    .ARM.Collect$$libinit$$00000013  c_w.l(libinit2.o)
    0x080001f6   0x00000000   Code   RO         1088    .ARM.Collect$$libinit$$00000015  c_w.l(libinit2.o)
    0x080001f6   0x00000000   Code   RO         1090    .ARM.Collect$$libinit$$00000017  c_w.l(libinit2.o)
    0x080001f6   0x00000000   Code   RO         1092    .ARM.Collect$$libinit$$00000019  c_w.l(libinit2.o)
    0x080001f6   0x00000000   Code   RO         1094    .ARM.Collect$$libinit$$0000001B  c_w.l(libinit2.o)
    0x080001f6   0x00000000   Code   RO         1096    .ARM.Collect$$libinit$$0000001D  c_w.l(libinit2.o)
    0x080001f6   0x00000000   Code   RO         1098    .ARM.Collect$$libinit$$0000001F  c_w.l(libinit2.o)
    0x080001f6   0x00000000   Code   RO         1100    .ARM.Collect$$libinit$$00000021  c_w.l(libinit2.o)
    0x080001f6   0x00000000   Code   RO         1102    .ARM.Collect$$libinit$$00000023  c_w.l(libinit2.o)
    0x080001f6   0x00000000   Code   RO         1104    .ARM.Collect$$libinit$$00000025  c_w.l(libinit2.o)
    0x080001f6   0x00000000   Code   RO         1108    .ARM.Collect$$libinit$$0000002C  c_w.l(libinit2.o)
    0x080001f6   0x00000000   Code   RO         1110    .ARM.Collect$$libinit$$0000002E  c_w.l(libinit2.o)
    0x080001f6   0x00000000   Code   RO         1112    .ARM.Collect$$libinit$$00000030  c_w.l(libinit2.o)
    0x080001f6   0x00000000   Code   RO         1114    .ARM.Collect$$libinit$$00000032  c_w.l(libinit2.o)
    0x080001f6   0x00000002   Code   RO         1115    .ARM.Collect$$libinit$$00000033  c_w.l(libinit2.o)
    0x080001f8   0x00000002   Code   RO         1141    .ARM.Collect$$libshutdown$$00000000  c_w.l(libshutdown.o)
    0x080001fa   0x00000000   Code   RO         1169    .ARM.Collect$$libshutdown$$00000003  c_w.l(libshutdown2.o)
    0x080001fa   0x00000000   Code   RO         1172    .ARM.Collect$$libshutdown$$00000006  c_w.l(libshutdown2.o)
    0x080001fa   0x00000000   Code   RO         1175    .ARM.Collect$$libshutdown$$00000009  c_w.l(libshutdown2.o)
    0x080001fa   0x00000000   Code   RO         1177    .ARM.Collect$$libshutdown$$0000000B  c_w.l(libshutdown2.o)
    0x080001fa   0x00000000   Code   RO         1180    .ARM.Collect$$libshutdown$$0000000E  c_w.l(libshutdown2.o)
    0x080001fa   0x00000002   Code   RO         1181    .ARM.Collect$$libshutdown$$0000000F  c_w.l(libshutdown2.o)
    0x080001fc   0x00000000   Code   RO         1007    .ARM.Collect$$rtentry$$00000000  c_w.l(__rtentry.o)
    0x080001fc   0x00000000   Code   RO         1022    .ARM.Collect$$rtentry$$00000002  c_w.l(__rtentry2.o)
    0x080001fc   0x00000006   Code   RO         1034    .ARM.Collect$$rtentry$$00000004  c_w.l(__rtentry4.o)
    0x08000202   0x00000000   Code   RO         1024    .ARM.Collect$$rtentry$$00000009  c_w.l(__rtentry2.o)
    0x08000202   0x00000004   Code   RO         1025    .ARM.Collect$$rtentry$$0000000A  c_w.l(__rtentry2.o)
    0x08000206   0x00000000   Code   RO         1027    .ARM.Collect$$rtentry$$0000000C  c_w.l(__rtentry2.o)
    0x08000206   0x00000008   Code   RO         1028    .ARM.Collect$$rtentry$$0000000D  c_w.l(__rtentry2.o)
    0x0800020e   0x00000002   Code   RO         1063    .ARM.Collect$$rtexit$$00000000  c_w.l(rtexit.o)
    0x08000210   0x00000000   Code   RO         1117    .ARM.Collect$$rtexit$$00000002  c_w.l(rtexit2.o)
    0x08000210   0x00000004   Code   RO         1118    .ARM.Collect$$rtexit$$00000003  c_w.l(rtexit2.o)
    0x08000214   0x00000006   Code   RO         1119    .ARM.Collect$$rtexit$$00000004  c_w.l(rtexit2.o)
    0x0800021a   0x00000002   PAD
    0x0800021c   0x00000006   Code   RO          343    .emb_text           sys.o
    0x08000222   0x00000002   PAD
    0x08000224   0x00000608   Code   RO            1    .text               main.o
    0x0800082c   0x00000016   Code   RO          174    .text               stm32f10x_it.o
    0x08000842   0x00000002   PAD
    0x08000844   0x000001e0   Code   RO          209    .text               system_stm32f10x.o
    0x08000a24   0x00000944   Code   RO          227    .text               gagent_md5.o
    0x08001368   0x00000038   Code   RO          245    .text               led.o
    0x080013a0   0x00000290   Code   RO          261    .text               dma.o
    0x08001630   0x000001c0   Code   RO          286    .text               timer.o
    0x080017f0   0x000000f0   Code   RO          299    .text               iap.o
    0x080018e0   0x00000188   Code   RO          316    .text               stmflash.o
    0x08001a68   0x0000014c   Code   RO          329    .text               delay.o
    0x08001bb4   0x00000370   Code   RO          360    .text               usart.o
    0x08001f24   0x00000040   Code   RO          404    .text               startup_stm32f10x_hd.o
    0x08001f64   0x0000022c   Code   RO          408    .text               malloc.o
    0x08002190   0x0000035c   Code   RO          442    .text               stm32f10x_gpio.o
    0x080024ec   0x00000e1a   Code   RO          454    .text               stm32f10x_tim.o
    0x08003306   0x00000002   PAD
    0x08003308   0x00000408   Code   RO          466    .text               stm32f10x_usart.o
    0x08003710   0x00000254   Code   RO          478    .text               stm32f10x_dma.o
    0x08003964   0x000005bc   Code   RO          490    .text               stm32f10x_flash.o
    0x08003f20   0x000003a4   Code   RO          502    .text               stm32f10x_rcc.o
    0x080042c4   0x000000dc   Code   RO          516    .text               misc.o
    0x080043a0   0x00000084   Code   RO          540    .text               bsp.o
    0x08004424   0x000002a8   Code   RO          555    .text               cpu_core.o
    0x080046cc   0x00000034   Code   RO          593    .text               cpu_a.o
    0x08004700   0x00000256   Code   RO          596    .text               lib_ascii.o
    0x08004956   0x00000002   PAD
    0x08004958   0x000009c6   Code   RO          629    .text               lib_mem.o
    0x0800531e   0x00000002   PAD
    0x08005320   0x0000092c   Code   RO          648    .text               lib_str.o
    0x08005c4c   0x00000220   Code   RO          665    .text               lib_mem_a.o
    0x08005e6c   0x000000fc   Code   RO          668    .text               os_cfg_app.o
    0x08005f68   0x00000e04   Code   RO          691    .text               os_core.o
    0x08006d6c   0x000001b0   Code   RO          703    .text               os_dbg.o
    0x08006f1c   0x00000e28   Code   RO          718    .text               os_flag.o
    0x08007d44   0x00000444   Code   RO          730    .text               os_int.o
    0x08008188   0x00000238   Code   RO          742    .text               os_mem.o
    0x080083c0   0x0000022c   Code   RO          754    .text               os_msg.o
    0x080085ec   0x00000ad4   Code   RO          766    .text               os_mutex.o
    0x080090c0   0x0000007c   Code   RO          784    .text               os_prio.o
    0x0800913c   0x000008d8   Code   RO          803    .text               os_q.o
    0x08009a14   0x00000830   Code   RO          815    .text               os_sem.o
    0x0800a244   0x00000638   Code   RO          827    .text               os_stat.o
    0x0800a87c   0x00001bb4   Code   RO          839    .text               os_task.o
    0x0800c430   0x000004fc   Code   RO          851    .text               os_tick.o
    0x0800c92c   0x00000564   Code   RO          863    .text               os_time.o
    0x0800ce90   0x00000818   Code   RO          875    .text               os_tmr.o
    0x0800d6a8   0x0000026c   Code   RO          901    .text               os_cpu_c.o
    0x0800d914   0x00000002   Code   RO          939    .text               c_w.l(use_no_semi_2.o)
    0x0800d916   0x000000ee   Code   RO          941    .text               c_w.l(lludivv7m.o)
    0x0800da04   0x00000018   Code   RO          945    .text               c_w.l(noretval__2printf.o)
    0x0800da1c   0x00000068   Code   RO          947    .text               c_w.l(__printf.o)
    0x0800da84   0x00000078   Code   RO          949    .text               c_w.l(_printf_dec.o)
    0x0800dafc   0x00000058   Code   RO          954    .text               c_w.l(_printf_hex_int.o)
    0x0800db54   0x00000058   Code   RO          995    .text               c_w.l(memcmp.o)
    0x0800dbac   0x0000008a   Code   RO          997    .text               c_w.l(rt_memcpy_v6.o)
    0x0800dc36   0x00000044   Code   RO          999    .text               c_w.l(rt_memclr.o)
    0x0800dc7a   0x00000006   Code   RO         1001    .text               c_w.l(heapauxi.o)
    0x0800dc80   0x00000002   Code   RO         1005    .text               c_w.l(use_no_semi.o)
    0x0800dc82   0x000000b2   Code   RO         1012    .text               c_w.l(_printf_intcommon.o)
    0x0800dd34   0x00000024   Code   RO         1014    .text               c_w.l(_printf_char_file.o)
    0x0800dd58   0x00000064   Code   RO         1017    .text               c_w.l(rt_memcpy_w.o)
    0x0800ddbc   0x0000004e   Code   RO         1019    .text               c_w.l(rt_memclr_w.o)
    0x0800de0a   0x00000002   PAD
    0x0800de0c   0x00000030   Code   RO         1038    .text               c_w.l(_printf_char_common.o)
    0x0800de3c   0x00000008   Code   RO         1040    .text               c_w.l(ferror.o)
    0x0800de44   0x0000004a   Code   RO         1044    .text               c_w.l(sys_stackheap_outer.o)
    0x0800de8e   0x0000000c   Code   RO         1048    .text               c_w.l(exit.o)
    0x0800de9a   0x00000002   PAD
    0x0800de9c   0x00000008   Code   RO         1060    .text               c_w.l(libspace.o)
    0x0800dea4   0x00000098   Code   RO          919    CODE                os_cpu_a.o
    0x0800df3c   0x00000018   Data   RO          362    .constdata          usart.o
    0x0800df54   0x00000018   Data   RO          412    .constdata          malloc.o
    0x0800df6c   0x00000104   Data   RO          557    .constdata          cpu_core.o
    0x0800e070   0x00000094   Data   RO          649    .constdata          lib_str.o
    0x0800e104   0x000000a4   Data   RO          670    .constdata          os_cfg_app.o
    0x0800e1a8   0x0000016c   Data   RO          704    .constdata          os_dbg.o
    0x0800e314   0x00000028   Data   RO          955    .constdata          c_w.l(_printf_hex_int.o)
    0x0800e33c   0x00000020   Data   RO         1182    Region$$Table       anon$$obj.o


    Execution Region RW_IRAM1 (Base: 0x20000000, Size: 0x0000dee8, Max: 0x00010000, ABSOLUTE, COMPRESSED[0x00000038])

    Base Addr    Size         Type   Attr      Idx    E Section Name        Object

    0x20000000   0x00000011   Data   RW            3    .data               main.o
    0x20000011   0x00000003   PAD
    0x20000014   0x00000014   Data   RW          210    .data               system_stm32f10x.o
    0x20000028   0x00000040   Data   RW          228    .data               gagent_md5.o
    0x20000068   0x00000004   Data   RW          263    .data               dma.o
    0x2000006c   0x00000008   Data   RW          301    .data               iap.o
    0x20000074   0x00000004   Data   RW          330    .data               delay.o
    0x20000078   0x00000019   Data   RW          363    .data               usart.o
    0x20000091   0x00000003   PAD
    0x20000094   0x0000001c   Data   RW          413    .data               malloc.o
    0x200000b0   0x00000014   Data   RW          503    .data               stm32f10x_rcc.o
    0x200000c4   0x00000004   Data   RW          558    .data               cpu_core.o
    0x200000c8   0x00000004   Data   RW          631    .data               lib_mem.o
    0x200000cc   0x00000008   Data   RW          785    .data               os_prio.o
    0x200000d4   0x000000c8   Data   RW          888    .data               os_var.o
    0x2000019c   0x00000004   Data   RW          902    .data               os_cpu_c.o
    0x200001a0   0x0000176c   Zero   RW            2    .bss                main.o
    0x2000190c   0x00000272   Zero   RW          262    .bss                dma.o
    0x20001b7e   0x00000400   Zero   RW          300    .bss                iap.o
    0x20001f7e   0x00000080   Zero   RW          361    .bss                usart.o
    0x20001ffe   0x00000002   PAD
    0x20002000   0x000094c0   Zero   RW          411    .bss                malloc.o
    0x2000b4c0   0x00000010   Zero   RW          556    .bss                cpu_core.o
    0x2000b4d0   0x00000448   Zero   RW          630    .bss                lib_mem.o
    0x2000b918   0x00001490   Zero   RW          669    .bss                os_cfg_app.o
    0x2000cda8   0x000006e0   Zero   RW          887    .bss                os_var.o
    0x2000d488   0x00000060   Zero   RW         1061    .bss                c_w.l(libspace.o)
    0x2000d4e8   0x00000200   Zero   RW          402    HEAP                startup_stm32f10x_hd.o
    0x2000d6e8   0x00000800   Zero   RW          401    STACK               startup_stm32f10x_hd.o



  Load Region LR$$.ARM.__AT_0x68000000 (Base: 0x68000000, Size: 0x00000000, Max: 0x000c8000, ABSOLUTE)

    Execution Region ER$$.ARM.__AT_0x68000000 (Base: 0x68000000, Size: 0x000c8000, Max: 0x000c8000, ABSOLUTE, UNINIT)

    Base Addr    Size         Type   Attr      Idx    E Section Name        Object

    0x68000000   0x000c8000   Zero   RW          409    .ARM.__AT_0x68000000  malloc.o



  Load Region LR$$.ARM.__AT_0x680C8000 (Base: 0x680c8000, Size: 0x00000000, Max: 0x0000c800, ABSOLUTE)

    Execution Region ER$$.ARM.__AT_0x680C8000 (Base: 0x680c8000, Size: 0x0000c800, Max: 0x0000c800, ABSOLUTE, UNINIT)

    Base Addr    Size         Type   Attr      Idx    E Section Name        Object

    0x680c8000   0x0000c800   Zero   RW          410    .ARM.__AT_0x680C8000  malloc.o


==============================================================================

Image component sizes


      Code (inc. data)   RO Data    RW Data    ZI Data      Debug   Object Name

       132         12          0          0          0       1115   bsp.o
        52          0          0          0          0        320   cpu_a.o
       680         14        260          4         16      14159   cpu_core.o
       332         28          0          4          0       1737   delay.o
       656         42          0          4        626       2671   dma.o
      2372        264          0         64          0       3206   gagent_md5.o
       240         22          0          8       1024       1969   iap.o
        56          6          0          0          0        463   led.o
       598          0          0          0          0       3672   lib_ascii.o
      2502         32          0          4       1096      21652   lib_mem.o
       544          0          0          0          0        464   lib_mem_a.o
      2348          6        148          0          0      12986   lib_str.o
      1544        198          0         17       5996     328719   main.o
       556         18         24         28     908480       4448   malloc.o
       220         22          0          0          0       1777   misc.o
       252        166        164          0       5264      20810   os_cfg_app.o
      3588        294          0          0          0      11985   os_core.o
       152         32          0          0          0        376   os_cpu_a.o
       620         66          0          4          0       3657   os_cpu_c.o
       432        286        364          0          0       4677   os_dbg.o
      3624        110          0          0          0       7647   os_flag.o
      1092        146          0          0          0       2220   os_int.o
       568         20          0          0          0       2620   os_mem.o
       556         12          0          0          0       2683   os_msg.o
      2772        114          0          0          0       5342   os_mutex.o
       124          4          0          8          0       1680   os_prio.o
      2264         76          0          0          0       6020   os_q.o
      2096         70          0          0          0       6032   os_sem.o
      1592        180          0          0          0       2725   os_stat.o
      7092        270          0          0          0      13394   os_task.o
      1276         90          0          0          0       3177   os_tick.o
      1380         46          0          0          0       3117   os_time.o
      2072        140          0          0          0       6218   os_tmr.o
         0          0          0        200       1760      19309   os_var.o
        64         26        304          0       2560        776   startup_stm32f10x_hd.o
       596          8          0          0          0       4306   stm32f10x_dma.o
      1468         34          0          0          0       8010   stm32f10x_flash.o
       860         38          0          0          0       5625   stm32f10x_gpio.o
        22          0          0          0          0        971   stm32f10x_it.o
       932         36          0         20          0       8772   stm32f10x_rcc.o
      3610         88          0          0          0      22108   stm32f10x_tim.o
      1032         22          0          0          0       8344   stm32f10x_usart.o
       392          8          0          0          0       2563   stmflash.o
         6          0          0          0          0        348   sys.o
       480         38          0         20          0       1659   system_stm32f10x.o
       448         34          0          0          0       1310   timer.o
       880        100         24         25        128       5502   usart.o

    ----------------------------------------------------------------------
     55184       3218       1320        416     926952     593341   Object Totals
         0          0         32          0          0          0   (incl. Generated)
        10          0          0          6          2          0   (incl. Padding)

    ----------------------------------------------------------------------

      Code (inc. data)   RO Data    RW Data    ZI Data      Debug   Library Member Name

        90          0          0          0          0          0   __dczerorl2.o
         8          0          0          0          0         68   __main.o
       104          0          0          0          0         84   __printf.o
         0          0          0          0          0          0   __rtentry.o
        12          0          0          0          0          0   __rtentry2.o
         6          0          0          0          0          0   __rtentry4.o
        52          8          0          0          0          0   __scatter.o
        28          0          0          0          0          0   __scatter_zi.o
        48          6          0          0          0         96   _printf_char_common.o
        36          4          0          0          0         80   _printf_char_file.o
         6          0          0          0          0          0   _printf_d.o
       120         16          0          0          0         92   _printf_dec.o
        88          4         40          0          0         88   _printf_hex_int.o
       178          0          0          0          0         88   _printf_intcommon.o
         0          0          0          0          0          0   _printf_percent.o
         4          0          0          0          0          0   _printf_percent_end.o
         6          0          0          0          0          0   _printf_x.o
        12          0          0          0          0         72   exit.o
         8          0          0          0          0         68   ferror.o
         6          0          0          0          0        152   heapauxi.o
         2          0          0          0          0          0   libinit.o
         2          0          0          0          0          0   libinit2.o
         2          0          0          0          0          0   libshutdown.o
         2          0          0          0          0          0   libshutdown2.o
         8          4          0          0         96         68   libspace.o
       238          0          0          0          0        100   lludivv7m.o
        88          0          0          0          0         76   memcmp.o
        24          4          0          0          0         84   noretval__2printf.o
        68          0          0          0          0         68   rt_memclr.o
        78          0          0          0          0         80   rt_memclr_w.o
       138          0          0          0          0         68   rt_memcpy_v6.o
       100          0          0          0          0         80   rt_memcpy_w.o
         2          0          0          0          0          0   rtexit.o
        10          0          0          0          0          0   rtexit2.o
        74          0          0          0          0         80   sys_stackheap_outer.o
         2          0          0          0          0         68   use_no_semi.o
         2          0          0          0          0         68   use_no_semi_2.o

    ----------------------------------------------------------------------
      1660         46         40          0         96       1728   Library Totals
         8          0          0          0          0          0   (incl. Padding)

    ----------------------------------------------------------------------

      Code (inc. data)   RO Data    RW Data    ZI Data      Debug   Library Name

      1652         46         40          0         96       1728   c_w.l

    ----------------------------------------------------------------------
      1660         46         40          0         96       1728   Library Totals

    ----------------------------------------------------------------------

==============================================================================


      Code (inc. data)   RO Data    RW Data    ZI Data      Debug   

     56844       3264       1360        416     927048     590021   Grand Totals
     56844       3264       1360         56     927048     590021   ELF Image Totals (compressed)
     56844       3264       1360         56          0          0   ROM Totals

==============================================================================

    Total RO  Size (Code + RO Data)                58204 (  56.84kB)
    Total RW  Size (RW Data + ZI Data)            927464 ( 905.73kB)
    Total ROM Size (Code + RO Data + RW Data)      58260 (  56.89kB)

==============================================================================

