Component: ARM Compiler 5.05 update 1 (build 106) Tool: armlink [4d0efa]

==============================================================================

Section Cross References

    main.o(.text) refers to usart.o(.text) for UART1_ReportOtaPackageSta
    main.o(.text) refers to iap.o(.text) for iap_write_appbin
    main.o(.text) refers to noretval__2printf.o(.text) for __2printf
    main.o(.text) refers to os_time.o(.text) for OSTimeDlyHMSM
    main.o(.text) refers to rtc.o(.text) for RTC_Set
    main.o(.text) refers to fflt_clz.o(x$fpl$fflt) for __aeabi_i2f
    main.o(.text) refers to fdiv.o(x$fpl$fdiv) for __aeabi_fdiv
    main.o(.text) refers to faddsub_clz.o(x$fpl$fadd) for __aeabi_fadd
    main.o(.text) refers to common.o(.text) for sys_env_update
    main.o(.text) refers to strstr.o(.text) for strstr
    main.o(.text) refers to main.o(.data) for USART_RX_STA_BAK
    main.o(.text) refers to usart.o(.data) for USART_RX_BUF_BAK
    main.o(.text) refers to timer.o(.data) for os_jiffies
    main.o(.text) refers to common.o(.bss) for g_sys_env_new
    main.o(.text) refers to rt_memcpy_v6.o(.text) for __aeabi_memcpy
    main.o(.text) refers to gagent_md5.o(.text) for GAgent_MD5Init
    main.o(.text) refers to memcmp.o(.text) for memcmp
    main.o(.text) refers to rt_memclr_w.o(.text) for __aeabi_memclr4
    main.o(.text) refers to w25qxx.o(.text) for W25QXX_ReadID
    main.o(.text) refers to ad.o(.text) for SPI_Read
    main.o(.text) refers to fflt_clz.o(x$fpl$ffltu) for __aeabi_ui2f
    main.o(.text) refers to f2d.o(x$fpl$f2d) for __aeabi_f2d
    main.o(.text) refers to dmul.o(x$fpl$dmul) for __aeabi_dmul
    main.o(.text) refers to d2f.o(x$fpl$d2f) for __aeabi_d2f
    main.o(.text) refers to faddsub_clz.o(x$fpl$fsub) for __aeabi_fsub
    main.o(.text) refers to fmul.o(x$fpl$fmul) for __aeabi_fmul
    main.o(.text) refers to frleqf.o(x$fpl$frleqf) for __aeabi_cfrcmple
    main.o(.text) refers to fleqf.o(x$fpl$fleqf) for __aeabi_cfcmple
    main.o(.text) refers to main.o(.bss) for recv_pack
    main.o(.text) refers to common.o(.data) for avaliable_count_64b
    main.o(.text) refers to cpu_core.o(.text) for CPU_Init
    main.o(.text) refers to os_stat.o(.text) for OSStatTaskCPUUsageInit
    main.o(.text) refers to os_core.o(.text) for OSSchedRoundRobinCfg
    main.o(.text) refers to stm32f10x_rcc.o(.text) for RCC_AHBPeriphClockCmd
    main.o(.text) refers to cpu_a.o(.text) for CPU_SR_Save
    main.o(.text) refers to os_mutex.o(.text) for OSMutexCreate
    main.o(.text) refers to os_task.o(.text) for OSTaskCreate
    main.o(.text) refers to delay.o(.text) for delay_init
    main.o(.text) refers to misc.o(.text) for NVIC_PriorityGroupConfig
    main.o(.text) refers to led.o(.text) for LED_Init
    main.o(.text) refers to malloc.o(.text) for my_mem_init
    main.o(.text) refers to timer.o(.text) for TIM3_Int_Init
    main.o(.text) refers to os_var.o(.data) for OSSchedLockNestingCtr
    stm32f10x_it.o(.text) refers to noretval__2printf.o(.text) for __2printf
    stm32f10x_it.o(.text) refers to delay.o(.text) for delay_ms
    system_stm32f10x.o(.text) refers to system_stm32f10x.o(.data) for SystemCoreClock
    gagent_md5.o(.text) refers to rt_memcpy_v6.o(.text) for __aeabi_memcpy
    gagent_md5.o(.text) refers to gagent_md5.o(.data) for PADDING
    common.o(.text) refers to os_mutex.o(.text) for OSMutexPend
    common.o(.text) refers to rtc.o(.text) for RTC_Get
    common.o(.text) refers to usart.o(.text) for parse_rtc_time
    common.o(.text) refers to ffixu.o(x$fpl$ffixu) for __aeabi_f2uiz
    common.o(.text) refers to fflt_clz.o(x$fpl$ffltu) for __aeabi_ui2f
    common.o(.text) refers to faddsub_clz.o(x$fpl$frsb) for __aeabi_frsub
    common.o(.text) refers to fmul.o(x$fpl$fmul) for __aeabi_fmul
    common.o(.text) refers to w25qxx.o(.text) for W25QXX_Write
    common.o(.text) refers to common.o(.data) for total_count_64b
    common.o(.text) refers to main.o(.bss) for g_sem_w25q
    common.o(.text) refers to main.o(.data) for sys_env_mode
    common.o(.text) refers to common.o(.bss) for g_sys_env_new
    led.o(.text) refers to stm32f10x_rcc.o(.text) for RCC_APB2PeriphClockCmd
    led.o(.text) refers to stm32f10x_gpio.o(.text) for GPIO_Init
    dma.o(.text) refers to stm32f10x_rcc.o(.text) for RCC_AHBPeriphClockCmd
    dma.o(.text) refers to stm32f10x_dma.o(.text) for DMA_DeInit
    dma.o(.text) refers to stm32f10x_usart.o(.text) for USART_DMACmd
    dma.o(.text) refers to misc.o(.text) for NVIC_Init
    dma.o(.text) refers to rt_memcpy_v6.o(.text) for __aeabi_memcpy
    dma.o(.text) refers to dma.o(.bss) for DMA_InitStructure
    dma.o(.text) refers to usart.o(.data) for USART_RX_STA
    dma.o(.text) refers to dma.o(.data) for U1_DMA_SEND_FREE_FLAG
    timer.o(.text) refers to stm32f10x_rcc.o(.text) for RCC_APB1PeriphClockCmd
    timer.o(.text) refers to stm32f10x_tim.o(.text) for TIM_TimeBaseInit
[...]
    SPI_GetCRCPolynomial                     0x0801ef41   Thumb Code     6  stm32f10x_spi.o(.text)
    SPI_BiDirectionalLineConfig              0x0801ef47   Thumb Code    28  stm32f10x_spi.o(.text)
    SPI_I2S_GetFlagStatus                    0x0801ef63   Thumb Code    18  stm32f10x_spi.o(.text)
    SPI_I2S_ClearFlag                        0x0801ef75   Thumb Code     6  stm32f10x_spi.o(.text)
    SPI_I2S_GetITStatus                      0x0801ef7b   Thumb Code    52  stm32f10x_spi.o(.text)
    SPI_I2S_ClearITPendingBit                0x0801efaf   Thumb Code    20  stm32f10x_spi.o(.text)
    RTC_ITConfig                             0x0801efd1   Thumb Code    26  stm32f10x_rtc.o(.text)
    RTC_EnterConfigMode                      0x0801efeb   Thumb Code    18  stm32f10x_rtc.o(.text)
    RTC_ExitConfigMode                       0x0801effd   Thumb Code    20  stm32f10x_rtc.o(.text)
    RTC_GetCounter                           0x0801f011   Thumb Code    18  stm32f10x_rtc.o(.text)
    RTC_SetCounter                           0x0801f023   Thumb Code    26  stm32f10x_rtc.o(.text)
    RTC_SetPrescaler                         0x0801f03d   Thumb Code    28  stm32f10x_rtc.o(.text)
    RTC_SetAlarm                             0x0801f059   Thumb Code    26  stm32f10x_rtc.o(.text)
    RTC_GetDivider                           0x0801f073   Thumb Code    22  stm32f10x_rtc.o(.text)
    RTC_WaitForLastTask                      0x0801f089   Thumb Code    18  stm32f10x_rtc.o(.text)
    RTC_WaitForSynchro                       0x0801f09b   Thumb Code    36  stm32f10x_rtc.o(.text)
    RTC_GetFlagStatus                        0x0801f0bf   Thumb Code    22  stm32f10x_rtc.o(.text)
    RTC_ClearFlag                            0x0801f0d5   Thumb Code    16  stm32f10x_rtc.o(.text)
    RTC_GetITStatus                          0x0801f0e5   Thumb Code    32  stm32f10x_rtc.o(.text)
    RTC_ClearITPendingBit                    0x0801f105   Thumb Code    16  stm32f10x_rtc.o(.text)
    BKP_DeInit                               0x0801f119   Thumb Code    16  stm32f10x_bkp.o(.text)
    BKP_TamperPinLevelConfig                 0x0801f129   Thumb Code     6  stm32f10x_bkp.o(.text)
    BKP_TamperPinCmd                         0x0801f12f   Thumb Code     8  stm32f10x_bkp.o(.text)
    BKP_ITConfig                             0x0801f137   Thumb Code     8  stm32f10x_bkp.o(.text)
    BKP_RTCOutputConfig                      0x0801f13f   Thumb Code    22  stm32f10x_bkp.o(.text)
    BKP_SetRTCCalibrationValue               0x0801f155   Thumb Code    22  stm32f10x_bkp.o(.text)
    BKP_WriteBackupRegister                  0x0801f16b   Thumb Code    24  stm32f10x_bkp.o(.text)
    BKP_ReadBackupRegister                   0x0801f183   Thumb Code    26  stm32f10x_bkp.o(.text)
    BKP_GetFlagStatus                        0x0801f19d   Thumb Code    10  stm32f10x_bkp.o(.text)
    BKP_ClearFlag                            0x0801f1a7   Thumb Code    18  stm32f10x_bkp.o(.text)
    BKP_GetITStatus                          0x0801f1b9   Thumb Code    10  stm32f10x_bkp.o(.text)
    BKP_ClearITPendingBit                    0x0801f1c3   Thumb Code    18  stm32f10x_bkp.o(.text)
    PWR_DeInit                               0x0801f1dd   Thumb Code    22  stm32f10x_pwr.o(.text)
    PWR_BackupAccessCmd                      0x0801f1f3   Thumb Code     6  stm32f10x_pwr.o(.text)
    PWR_PVDCmd                               0x0801f1f9   Thumb Code     6  stm32f10x_pwr.o(.text)
    PWR_PVDLevelConfig                       0x0801f1ff   Thumb Code    18  stm32f10x_pwr.o(.text)
    PWR_WakeUpPinCmd                         0x0801f211   Thumb Code     8  stm32f10x_pwr.o(.text)
    PWR_EnterSTOPMode                        0x0801f219   Thumb Code    54  stm32f10x_pwr.o(.text)
    PWR_EnterSTANDBYMode                     0x0801f24f   Thumb Code    42  stm32f10x_pwr.o(.text)
    PWR_GetFlagStatus                        0x0801f279   Thumb Code    20  stm32f10x_pwr.o(.text)
    PWR_ClearFlag                            0x0801f28d   Thumb Code    14  stm32f10x_pwr.o(.text)
    BSP_CPU_ClkFreq                          0x0801f2a9   Thumb Code    16  bsp.o(.text)
    CPU_TS_TmrInit                           0x0801f2b9   Thumb Code    44  bsp.o(.text)
    CPU_TS_TmrRd                             0x0801f2e5   Thumb Code     6  bsp.o(.text)
    CPU_TS32_to_uSec                         0x0801f2eb   Thumb Code    54  bsp.o(.text)
    CPU_NameClr                              0x0801f32d   Thumb Code    42  cpu_core.o(.text)
    CPU_Init                                 0x0801f36d   Thumb Code    12  cpu_core.o(.text)
    CPU_SW_Exception                         0x0801f379   Thumb Code     4  cpu_core.o(.text)
    CPU_NameGet                              0x0801f37d   Thumb Code    70  cpu_core.o(.text)
    CPU_NameSet                              0x0801f3c3   Thumb Code    96  cpu_core.o(.text)
    CPU_TS_Get32                             0x0801f423   Thumb Code    12  cpu_core.o(.text)
    CPU_TS_Update                            0x0801f42f   Thumb Code     2  cpu_core.o(.text)
    CPU_TS_TmrFreqGet                        0x0801f431   Thumb Code    30  cpu_core.o(.text)
    CPU_TS_TmrFreqSet                        0x0801f44f   Thumb Code     6  cpu_core.o(.text)
    CPU_CntLeadZeros08                       0x0801f455   Thumb Code    18  cpu_core.o(.text)
    CPU_CntLeadZeros16                       0x0801f467   Thumb Code    18  cpu_core.o(.text)
    CPU_CntLeadZeros32                       0x0801f479   Thumb Code    18  cpu_core.o(.text)
    CPU_CntLeadZeros64                       0x0801f48b   Thumb Code   188  cpu_core.o(.text)
    CPU_CntTrailZeros08                      0x0801f547   Thumb Code    22  cpu_core.o(.text)
    CPU_CntTrailZeros16                      0x0801f55d   Thumb Code    22  cpu_core.o(.text)
    CPU_CntTrailZeros32                      0x0801f573   Thumb Code    22  cpu_core.o(.text)
    CPU_CntTrailZeros64                      0x0801f589   Thumb Code    62  cpu_core.o(.text)
    CPU_IntDis                               0x0801f5d5   Thumb Code     0  cpu_a.o(.text)
    CPU_IntEn                                0x0801f5d9   Thumb Code     0  cpu_a.o(.text)
    CPU_SR_Save                              0x0801f5dd   Thumb Code     0  cpu_a.o(.text)
    CPU_SR_Restore                           0x0801f5e5   Thumb Code     0  cpu_a.o(.text)
    CPU_WaitForInt                           0x0801f5eb   Thumb Code     0  cpu_a.o(.text)
    CPU_WaitForExcept                        0x0801f5ef   Thumb Code     0  cpu_a.o(.text)
    CPU_CntLeadZeros                         0x0801f5f3   Thumb Code     0  cpu_a.o(.text)
    CPU_CntTrailZeros                        0x0801f5f9   Thumb Code     0  cpu_a.o(.text)
    CPU_RevBits                              0x0801f603   Thumb Code     0  cpu_a.o(.text)
    ASCII_IsAlpha                            0x0801f609   Thumb Code    48  lib_ascii.o(.text)
    ASCII_IsAlphaNum                         0x0801f639   Thumb Code    76  lib_ascii.o(.text)
    ASCII_IsLower                            0x0801f685   Thumb Code    20  lib_ascii.o(.text)
    ASCII_IsUpper                            0x0801f699   Thumb Code    20  lib_ascii.o(.text)
    ASCII_IsDig                              0x0801f6ad   Thumb Code    20  lib_ascii.o(.text)
    ASCII_IsDigOct                           0x0801f6c1   Thumb Code    20  lib_ascii.o(.text)
    ASCII_IsDigHex                           0x0801f6d5   Thumb Code    36  lib_ascii.o(.text)
    ASCII_IsBlank                            0x0801f6f9   Thumb Code    20  lib_ascii.o(.text)
    ASCII_IsSpace                            0x0801f70d   Thumb Code    36  lib_ascii.o(.text)
    ASCII_IsPrint                            0x0801f731   Thumb Code    20  lib_ascii.o(.text)
    ASCII_IsGraph                            0x0801f745   Thumb Code    20  lib_ascii.o(.text)
    ASCII_IsPunct                            0x0801f759   Thumb Code   134  lib_ascii.o(.text)
    ASCII_IsCtrl                             0x0801f7df   Thumb Code    26  lib_ascii.o(.text)
    ASCII_ToLower                            0x0801f7f9   Thumb Code    32  lib_ascii.o(.text)
    ASCII_ToUpper                            0x0801f819   Thumb Code    32  lib_ascii.o(.text)
    ASCII_Cmp                                0x0801f839   Thumb Code    38  lib_ascii.o(.text)
    Mem_Init                                 0x0801f861   Thumb Code    54  lib_mem.o(.text)
    Mem_Set                                  0x0801f897   Thumb Code    84  lib_mem.o(.text)
    Mem_Clr                                  0x0801f8eb   Thumb Code    18  lib_mem.o(.text)
    Mem_Move                                 0x0801f8fd   Thumb Code   186  lib_mem.o(.text)
    Mem_Cmp                                  0x0801f9b7   Thumb Code   192  lib_mem.o(.text)
    Mem_HeapAlloc                            0x0801faef   Thumb Code   168  lib_mem.o(.text)
    Mem_SegGetSizeRem                        0x0801fb97   Thumb Code   108  lib_mem.o(.text)
    Mem_HeapGetSizeRem                       0x0801fc03   Thumb Code    22  lib_mem.o(.text)
    Mem_PoolClr                              0x0801fc19   Thumb Code    80  lib_mem.o(.text)
    Mem_PoolCreate                           0x0801fc69   Thumb Code   838  lib_mem.o(.text)
    Mem_PoolBlkGetNbrAvail                   0x0801ffaf   Thumb Code    52  lib_mem.o(.text)
    Mem_PoolBlkGet                           0x0801ffe3   Thumb Code   126  lib_mem.o(.text)
    Mem_PoolBlkGetUsedAtIx                   0x08020061   Thumb Code   140  lib_mem.o(.text)
    Mem_PoolBlkFree                          0x080200ed   Thumb Code   152  lib_mem.o(.text)
    Mem_PoolBlkIxGet                         0x08020185   Thumb Code   162  lib_mem.o(.text)
    Str_Len_N                                0x08020229   Thumb Code    28  lib_str.o(.text)
    Str_Len                                  0x08020245   Thumb Code    20  lib_str.o(.text)
    Str_Copy_N                               0x08020259   Thumb Code    70  lib_str.o(.text)
    Str_Copy                                 0x0802029f   Thumb Code    24  lib_str.o(.text)
    Str_Cat_N                                0x080202b7   Thumb Code    90  lib_str.o(.text)
    Str_Cat                                  0x08020311   Thumb Code    24  lib_str.o(.text)
    Str_Cmp_N                                0x08020329   Thumb Code   156  lib_str.o(.text)
    Str_Cmp                                  0x080203c5   Thumb Code    24  lib_str.o(.text)
    Str_CmpIgnoreCase_N                      0x080203dd   Thumb Code   264  lib_str.o(.text)
    Str_CmpIgnoreCase                        0x080204e5   Thumb Code    24  lib_str.o(.text)
    Str_Char_N                               0x080204fd   Thumb Code    74  lib_str.o(.text)
    Str_Char                                 0x08020547   Thumb Code    24  lib_str.o(.text)
    Str_Char_Last_N                          0x0802055f   Thumb Code    76  lib_str.o(.text)
    Str_Char_Last                            0x080205ab   Thumb Code    24  lib_str.o(.text)
    Str_Char_Replace_N                       0x080205c3   Thumb Code    52  lib_str.o(.text)
    Str_Char_Replace                         0x080205f7   Thumb Code    28  lib_str.o(.text)
    Str_Str_N                                0x08020613   Thumb Code   182  lib_str.o(.text)
    Str_Str                                  0x080206c9   Thumb Code    24  lib_str.o(.text)
    Str_FmtNbr_Int32U                        0x080208bd   Thumb Code    46  lib_str.o(.text)
    Str_FmtNbr_Int32S                        0x080208eb   Thumb Code    62  lib_str.o(.text)
    Str_ParseNbr_Int32U                      0x08020ae7   Thumb Code    30  lib_str.o(.text)
    Str_ParseNbr_Int32S                      0x08020b05   Thumb Code    74  lib_str.o(.text)
    Mem_Copy                                 0x08020b55   Thumb Code     0  lib_mem_a.o(.text)
    OSCfg_Init                               0x08020d75   Thumb Code    86  os_cfg_app.o(.text)
    OS_IdleTask                              0x08020e71   Thumb Code    60  os_core.o(.text)
    OS_IdleTaskInit                          0x08020ead   Thumb Code    68  os_core.o(.text)
    OS_RdyListInit                           0x08020ef1   Thumb Code    32  os_core.o(.text)
    OSInit                                   0x08020f11   Thumb Code   300  os_core.o(.text)
    OSIntEnter                               0x0802103d   Thumb Code    34  os_core.o(.text)
    OSIntExit                                0x0802105f   Thumb Code   192  os_core.o(.text)
    OSSched                                  0x0802111f   Thumb Code   134  os_core.o(.text)
    OS_SchedLockTimeMeasStart                0x080211a5   Thumb Code    20  os_core.o(.text)
    OSSchedLock                              0x080211b9   Thumb Code   104  os_core.o(.text)
    OS_SchedLockTimeMeasStop                 0x08021221   Thumb Code    44  os_core.o(.text)
    OSSchedUnlock                            0x0802124d   Thumb Code   290  os_core.o(.text)
    OSSchedRoundRobinCfg                     0x0802136f   Thumb Code    88  os_core.o(.text)
    OS_RdyListMoveHeadToTail                 0x080213c7   Thumb Code    68  os_core.o(.text)
    OSSchedRoundRobinYield                   0x0802140b   Thumb Code   164  os_core.o(.text)
    OSStart                                  0x080214af   Thumb Code    78  os_core.o(.text)
    OSVersion                                0x080214fd   Thumb Code    12  os_core.o(.text)
    OS_PendDbgNameAdd                        0x08021509   Thumb Code    66  os_core.o(.text)
    OS_PendListInsertPrio                    0x0802154b   Thumb Code   102  os_core.o(.text)
    OS_PendDataInit                          0x080215b1   Thumb Code    38  os_core.o(.text)
    OS_RdyListRemove                         0x080215d7   Thumb Code    86  os_core.o(.text)
    OS_TaskBlock                             0x0802162d   Thumb Code    56  os_core.o(.text)
    OS_Pend                                  0x08021665   Thumb Code    98  os_core.o(.text)
    OS_PendListRemove1                       0x080216c7   Thumb Code   134  os_core.o(.text)
    OS_PendListRemove                        0x0802174d   Thumb Code    48  os_core.o(.text)
    OS_PendAbort1                            0x0802177d   Thumb Code    36  os_core.o(.text)
    OS_RdyListInsertHead                     0x080217a1   Thumb Code    58  os_core.o(.text)
    OS_RdyListInsertTail                     0x080217db   Thumb Code    56  os_core.o(.text)
    OS_RdyListInsert                         0x08021813   Thumb Code    40  os_core.o(.text)
    OS_TaskRdy                               0x0802183b   Thumb Code    28  os_core.o(.text)
    OS_PendAbort                             0x08021857   Thumb Code   166  os_core.o(.text)
    OS_PendDbgNameRemove                     0x080218fd   Thumb Code    34  os_core.o(.text)
    OS_PendListChangePrio                    0x0802191f   Thumb Code    70  os_core.o(.text)
    OS_PendListInit                          0x08021965   Thumb Code    10  os_core.o(.text)
    OS_PendListInsertHead                    0x0802196f   Thumb Code    32  os_core.o(.text)
    OS_PendObjDel1                           0x0802198f   Thumb Code    36  os_core.o(.text)
    OS_PendObjDel                            0x080219b3   Thumb Code   162  os_core.o(.text)
    OS_Post1                                 0x08021a55   Thumb Code    42  os_core.o(.text)
    OS_Post                                  0x08021a7f   Thumb Code   192  os_core.o(.text)
    OS_Sched0                                0x08021b3f   Thumb Code   102  os_core.o(.text)
    OS_SchedRoundRobin                       0x08021ba5   Thumb Code   190  os_core.o(.text)
    OS_Dbg_Init                              0x08021c75   Thumb Code   146  os_dbg.o(.text)
    OS_FlagDbgListAdd                        0x08021e25   Thumb Code    38  os_flag.o(.text)
    OSFlagCreate                             0x08021e4b   Thumb Code   172  os_flag.o(.text)
    OS_FlagClr                               0x08021ef7   Thumb Code    28  os_flag.o(.text)
    OS_FlagDbgListRemove                     0x08021f13   Thumb Code    44  os_flag.o(.text)
    OSFlagDel                                0x08021f3f   Thumb Code   594  os_flag.o(.text)
    OS_FlagBlock                             0x08022191   Thumb Code    58  os_flag.o(.text)
    OSFlagPend                               0x080221cb   Thumb Code  1488  os_flag.o(.text)
    OSFlagPendAbort                          0x0802279b   Thumb Code   292  os_flag.o(.text)
    OSFlagPendGetFlagsRdy                    0x080228bf   Thumb Code    68  os_flag.o(.text)
    OS_FlagTaskRdy                           0x08022903   Thumb Code    86  os_flag.o(.text)
    OS_FlagPost                              0x08022959   Thumb Code   570  os_flag.o(.text)
    OSFlagPost                               0x08022b93   Thumb Code   146  os_flag.o(.text)
    OS_FlagInit                              0x08022c25   Thumb Code    14  os_flag.o(.text)
    OS_IntQPost                              0x08022c4d   Thumb Code   216  os_int.o(.text)
    OS_IntQRePost                            0x08022d25   Thumb Code   360  os_int.o(.text)
    OS_IntQTask                              0x08022e8d   Thumb Code   162  os_int.o(.text)
    OS_IntQTaskInit                          0x08022f2f   Thumb Code   208  os_int.o(.text)
    OS_MemDbgListAdd                         0x08023091   Thumb Code    34  os_mem.o(.text)
    OSMemCreate                              0x080230b3   Thumb Code   288  os_mem.o(.text)
    OSMemGet                                 0x080231d3   Thumb Code   100  os_mem.o(.text)
    OSMemPut                                 0x08023237   Thumb Code   112  os_mem.o(.text)
    OS_MemInit                               0x080232a7   Thumb Code    14  os_mem.o(.text)
    OS_MsgPoolCreate                         0x080232c9   Thumb Code    54  os_msg.o(.text)
    OS_MsgPoolInit                           0x080232ff   Thumb Code    70  os_msg.o(.text)
    OS_MsgQFreeAll                           0x08023345   Thumb Code    62  os_msg.o(.text)
    OS_MsgQInit                              0x08023383   Thumb Code    14  os_msg.o(.text)
    OS_MsgQGet                               0x08023391   Thumb Code    98  os_msg.o(.text)
    OS_MsgQPut                               0x080233f3   Thumb Code   246  os_msg.o(.text)
    OS_MutexDbgListAdd                       0x080234f5   Thumb Code    38  os_mutex.o(.text)
    OSMutexCreate                            0x0802351b   Thumb Code   178  os_mutex.o(.text)
    OS_MutexClr                              0x080235cd   Thumb Code    38  os_mutex.o(.text)
    OS_MutexDbgListRemove                    0x080235f3   Thumb Code    44  os_mutex.o(.text)
    OSMutexDel                               0x0802361f   Thumb Code   842  os_mutex.o(.text)
    OSMutexPend                              0x08023969   Thumb Code   706  os_mutex.o(.text)
    OSMutexPendAbort                         0x08023c2b   Thumb Code   314  os_mutex.o(.text)
    OSMutexPost                              0x08023d65   Thumb Code   564  os_mutex.o(.text)
    OS_MutexInit                             0x08023f99   Thumb Code    14  os_mutex.o(.text)
    OS_PrioInit                              0x08023fc9   Thumb Code    20  os_prio.o(.text)
    OS_PrioGetHighest                        0x08023fdd   Thumb Code    36  os_prio.o(.text)
    OS_PrioInsert                            0x08024001   Thumb Code    32  os_prio.o(.text)
    OS_PrioRemove                            0x08024021   Thumb Code    32  os_prio.o(.text)
    OS_QDbgListAdd                           0x08024045   Thumb Code    38  os_q.o(.text)
    OSQCreate                                0x0802406b   Thumb Code   186  os_q.o(.text)
    OS_QClr                                  0x08024125   Thumb Code    40  os_q.o(.text)
    OS_QDbgListRemove                        0x0802414d   Thumb Code    44  os_q.o(.text)
    OSQDel                                   0x08024179   Thumb Code   362  os_q.o(.text)
    OSQFlush                                 0x080242e3   Thumb Code   210  os_q.o(.text)
    OSQPend                                  0x080243b5   Thumb Code   538  os_q.o(.text)
    OSQPendAbort                             0x080245cf   Thumb Code   292  os_q.o(.text)
    OS_QPost                                 0x080246f3   Thumb Code   324  os_q.o(.text)
    OSQPost                                  0x08024837   Thumb Code   198  os_q.o(.text)
    OS_QInit                                 0x080248fd   Thumb Code    14  os_q.o(.text)
    OS_SemDbgListAdd                         0x0802491d   Thumb Code    38  os_sem.o(.text)
    OSSemCreate                              0x08024943   Thumb Code   172  os_sem.o(.text)
    OS_SemClr                                0x080249ef   Thumb Code    28  os_sem.o(.text)
    OS_SemDbgListRemove                      0x08024a0b   Thumb Code    44  os_sem.o(.text)
    OSSemDel                                 0x08024a37   Thumb Code   362  os_sem.o(.text)
    OSSemPend                                0x08024ba1   Thumb Code   504  os_sem.o(.text)
    OSSemPendAbort                           0x08024d99   Thumb Code   292  os_sem.o(.text)
    OS_SemPost                               0x08024ebd   Thumb Code   350  os_sem.o(.text)
    OSSemPost                                0x0802501b   Thumb Code   144  os_sem.o(.text)
    OSSemSet                                 0x080250ab   Thumb Code   138  os_sem.o(.text)
    OS_SemInit                               0x08025135   Thumb Code    14  os_sem.o(.text)
    OSStatReset                              0x0802514d   Thumb Code   270  os_stat.o(.text)
    OSStatTaskCPUUsageInit                   0x0802525b   Thumb Code   212  os_stat.o(.text)
    OS_StatTask                              0x0802532f   Thumb Code   888  os_stat.o(.text)
    OS_StatTaskInit                          0x080256a7   Thumb Code   138  os_stat.o(.text)
    OSTaskChangePrio                         0x08025785   Thumb Code   416  os_task.o(.text)
    OS_TaskDbgListAdd                        0x08025925   Thumb Code    42  os_task.o(.text)
    OS_TaskInitTCB                           0x0802594f   Thumb Code   186  os_task.o(.text)
    OSTaskCreate                             0x08025a09   Thumb Code   616  os_task.o(.text)
    OS_TaskDbgListRemove                     0x08025c71   Thumb Code    64  os_task.o(.text)
    OSTaskDel                                0x08025cb1   Thumb Code   424  os_task.o(.text)
    OSTaskQFlush                             0x08025e59   Thumb Code   214  os_task.o(.text)
    OSTaskQPend                              0x08025f2f   Thumb Code   554  os_task.o(.text)
    OSTaskQPendAbort                         0x08026159   Thumb Code   242  os_task.o(.text)
    OS_TaskQPost                             0x0802624b   Thumb Code   526  os_task.o(.text)
    OSTaskQPost                              0x08026459   Thumb Code   114  os_task.o(.text)
    OSTaskRegGet                             0x080264cb   Thumb Code    78  os_task.o(.text)
    OSTaskRegGetID                           0x08026519   Thumb Code    84  os_task.o(.text)
    OSTaskRegSet                             0x0802656d   Thumb Code    78  os_task.o(.text)
    OS_TaskResume                            0x080265bb   Thumb Code   314  os_task.o(.text)
    OSTaskResume                             0x080266f5   Thumb Code   112  os_task.o(.text)
    OSTaskSemPend                            0x08026765   Thumb Code   550  os_task.o(.text)
    OSTaskSemPendAbort                       0x0802698b   Thumb Code   270  os_task.o(.text)
    OS_TaskSemPost                           0x08026a99   Thumb Code  1224  os_task.o(.text)
    OSTaskSemPost                            0x08026f61   Thumb Code    98  os_task.o(.text)
    OSTaskSemSet                             0x08026fc3   Thumb Code    80  os_task.o(.text)
    OSTaskStkChk                             0x08027013   Thumb Code   224  os_task.o(.text)
    OS_TaskSuspend                           0x080270f3   Thumb Code   328  os_task.o(.text)
    OSTaskSuspend                            0x0802723b   Thumb Code    78  os_task.o(.text)
    OSTaskTimeQuantaSet                      0x08027289   Thumb Code    96  os_task.o(.text)
    OS_TaskInit                              0x080272e9   Thumb Code    18  os_task.o(.text)
    OS_TaskReturn                            0x080272fb   Thumb Code    20  os_task.o(.text)
    OS_TickListRemove                        0x08027339   Thumb Code    56  os_tick.o(.text)
    OS_TickListUpdate                        0x08027371   Thumb Code   480  os_tick.o(.text)
    OS_TickTask                              0x08027551   Thumb Code    38  os_tick.o(.text)
    OS_TickListInit                          0x08027577   Thumb Code    32  os_tick.o(.text)
    OS_TickTaskInit                          0x08027597   Thumb Code   130  os_tick.o(.text)
    OS_TickListInsert                        0x08027619   Thumb Code   502  os_tick.o(.text)
    OS_TickListResetPeak                     0x0802780f   Thumb Code    28  os_tick.o(.text)
    OSTimeDly                                0x08027835   Thumb Code   266  os_time.o(.text)
    OSTimeDlyHMSM                            0x0802793f   Thumb Code   480  os_time.o(.text)
    OSTimeDlyResume                          0x08027b1f   Thumb Code   466  os_time.o(.text)
    OSTimeGet                                0x08027cf1   Thumb Code    46  os_time.o(.text)
    OSTimeSet                                0x08027d1f   Thumb Code    46  os_time.o(.text)
    OSTimeTick                               0x08027d4d   Thumb Code    54  os_time.o(.text)
    OS_TmrDbgListAdd                         0x08027d99   Thumb Code    34  os_tmr.o(.text)
    OSTmrCreate                              0x08027dbb   Thumb Code   248  os_tmr.o(.text)
    OS_TmrClr                                0x08027eb3   Thumb Code    36  os_tmr.o(.text)
    OS_TmrUnlink                             0x08027ed7   Thumb Code    72  os_tmr.o(.text)
    OS_TmrDbgListRemove                      0x08027f1f   Thumb Code    44  os_tmr.o(.text)
    OSTmrDel                                 0x08027f4b   Thumb Code   176  os_tmr.o(.text)
    OSTmrRemainGet                           0x08027ffb   Thumb Code   184  os_tmr.o(.text)
    OS_TmrLink                               0x080280b3   Thumb Code   196  os_tmr.o(.text)
    OSTmrStart                               0x08028177   Thumb Code   210  os_tmr.o(.text)
    OSTmrStateGet                            0x08028249   Thumb Code   134  os_tmr.o(.text)
    OSTmrStop                                0x080282cf   Thumb Code   232  os_tmr.o(.text)
    OS_TmrTask                               0x080283b7   Thumb Code   176  os_tmr.o(.text)
    OS_TmrInit                               0x08028467   Thumb Code   208  os_tmr.o(.text)
    OS_TmrResetPeak                          0x08028537   Thumb Code    28  os_tmr.o(.text)
    OSIdleTaskHook                           0x080285b1   Thumb Code    16  os_cpu_c.o(.text)
    OSInitHook                               0x080285c1   Thumb Code    42  os_cpu_c.o(.text)
    OSStatTaskHook                           0x080285eb   Thumb Code    16  os_cpu_c.o(.text)
    OSTaskCreateHook                         0x080285fb   Thumb Code    20  os_cpu_c.o(.text)
    OSTaskDelHook                            0x0802860f   Thumb Code    20  os_cpu_c.o(.text)
    OSTaskReturnHook                         0x08028623   Thumb Code    20  os_cpu_c.o(.text)
    OSTaskStkInit                            0x08028637   Thumb Code   188  os_cpu_c.o(.text)
    OSTaskSwHook                             0x080286f3   Thumb Code   120  os_cpu_c.o(.text)
    OSTimeTickHook                           0x0802876b   Thumb Code    16  os_cpu_c.o(.text)
    OS_CPU_SysTickHandler                    0x0802877b   Thumb Code    52  os_cpu_c.o(.text)
    OS_CPU_SysTickInit                       0x080287af   Thumb Code    44  os_cpu_c.o(.text)
    STMFLASH_ReadHalfWord                    0x0802881d   Thumb Code     6  iap.o(.text)
    STMFLASH_Write_NoCheck                   0x08028823   Thumb Code    38  iap.o(.text)
    STMFLASH_Read                            0x08028849   Thumb Code    34  iap.o(.text)
    STMFLASH_Write                           0x0802886b   Thumb Code   230  iap.o(.text)
    Test_Write                               0x08028951   Thumb Code    16  iap.o(.text)
    iap_write_appbin                         0x08028961   Thumb Code   106  iap.o(.text)
    iap_load_app                             0x080289cb   Thumb Code    36  iap.o(.text)
    recv_bin_success                         0x080289ef   Thumb Code    60  iap.o(.text)
    download_success                         0x08028a2b   Thumb Code     8  iap.o(.text)
    UP_success                               0x08028a33   Thumb Code    68  iap.o(.text)
    __use_no_semihosting                     0x08028a91   Thumb Code     2  use_no_semi_2.o(.text)
    __aeabi_uldivmod                         0x08028a93   Thumb Code     0  lludivv7m.o(.text)
    _ll_udiv                                 0x08028a93   Thumb Code   238  lludivv7m.o(.text)
    __2printf                                0x08028b81   Thumb Code    20  noretval__2printf.o(.text)
    __2sprintf                               0x08028b99   Thumb Code    34  noretval__2sprintf.o(.text)
    _printf_int_dec                          0x08028bc1   Thumb Code   104  _printf_dec.o(.text)
    __printf                                 0x08028c39   Thumb Code   270  __printf_wp.o(.text)
    strstr                                   0x08028d47   Thumb Code    36  strstr.o(.text)
    memcmp                                   0x08028d6b   Thumb Code    88  memcmp.o(.text)
    strncmp                                  0x08028dc3   Thumb Code   150  strncmp.o(.text)
    __aeabi_memcpy                           0x08028e59   Thumb Code     0  rt_memcpy_v6.o(.text)
    __rt_memcpy                              0x08028e59   Thumb Code   138  rt_memcpy_v6.o(.text)
    _memcpy_lastbytes                        0x08028ebf   Thumb Code     0  rt_memcpy_v6.o(.text)
    __aeabi_memset                           0x08028ee3   Thumb Code    16  aeabi_memset.o(.text)
    __aeabi_memclr4                          0x08028ef3   Thumb Code     0  rt_memclr_w.o(.text)
    __aeabi_memclr8                          0x08028ef3   Thumb Code     0  rt_memclr_w.o(.text)
    __rt_memclr_w                            0x08028ef3   Thumb Code    78  rt_memclr_w.o(.text)
    _memset_w                                0x08028ef7   Thumb Code     0  rt_memclr_w.o(.text)
    __use_two_region_memory                  0x08028f41   Thumb Code     2  heapauxi.o(.text)
    __rt_heap_escrow$2region                 0x08028f43   Thumb Code     2  heapauxi.o(.text)
    __rt_heap_expand$2region                 0x08028f45   Thumb Code     2  heapauxi.o(.text)
    __I$use$semihosting                      0x08028f47   Thumb Code     0  use_no_semi.o(.text)
    __use_no_semihosting_swi                 0x08028f47   Thumb Code     2  use_no_semi.o(.text)
    _printf_int_common                       0x08028f49   Thumb Code   178  _printf_intcommon.o(.text)
    _printf_char_common                      0x08029007   Thumb Code    32  _printf_char_common.o(.text)
    _sputc                                   0x0802902d   Thumb Code    10  _sputc.o(.text)
    _printf_char_file                        0x08029039   Thumb Code    32  _printf_char_file.o(.text)
    __aeabi_memcpy4                          0x0802905d   Thumb Code     0  rt_memcpy_w.o(.text)
    __aeabi_memcpy8                          0x0802905d   Thumb Code     0  rt_memcpy_w.o(.text)
    __rt_memcpy_w                            0x0802905d   Thumb Code   100  rt_memcpy_w.o(.text)
    _memcpy_lastbytes_aligned                0x080290a5   Thumb Code     0  rt_memcpy_w.o(.text)
    __aeabi_memclr                           0x080290c1   Thumb Code     0  rt_memclr.o(.text)
    __rt_memclr                              0x080290c1   Thumb Code    68  rt_memclr.o(.text)
    _memset                                  0x080290c5   Thumb Code     0  rt_memclr.o(.text)
    ferror                                   0x08029105   Thumb Code     8  ferror.o(.text)
    __user_setup_stackheap                   0x0802910d   Thumb Code    74  sys_stackheap_outer.o(.text)
    exit                                     0x08029157   Thumb Code    12  exit.o(.text)
    __user_libspace                          0x08029165   Thumb Code     8  libspace.o(.text)
    __user_perproc_libspace                  0x08029165   Thumb Code     0  libspace.o(.text)
    __user_perthread_libspace                0x08029165   Thumb Code     0  libspace.o(.text)
    OSStartHighRdy                           0x0802916d   Thumb Code     0  os_cpu_a.o(CODE)
    PendSV_Handler                           0x080291a3   Thumb Code     0  os_cpu_a.o(CODE)
    _is_digit                                0x08029205   Thumb Code    14  __printf_wp.o(i._is_digit)
    __aeabi_d2f                              0x08029215   Thumb Code     0  d2f.o(x$fpl$d2f)
    _d2f                                     0x08029215   Thumb Code    98  d2f.o(x$fpl$d2f)
    __aeabi_dadd                             0x08029279   Thumb Code     0  daddsub_clz.o(x$fpl$dadd)
    _dadd                                    0x08029279   Thumb Code   332  daddsub_clz.o(x$fpl$dadd)
    __aeabi_d2uiz                            0x080293c9   Thumb Code     0  dfixu.o(x$fpl$dfixu)
    _dfixu                                   0x080293c9   Thumb Code    90  dfixu.o(x$fpl$dfixu)
    __aeabi_dmul                             0x08029425   Thumb Code     0  dmul.o(x$fpl$dmul)
    _dmul                                    0x08029425   Thumb Code   332  dmul.o(x$fpl$dmul)
    __fpl_dnaninf                            0x08029579   Thumb Code   156  dnaninf.o(x$fpl$dnaninf)
    __fpl_dretinf                            0x08029615   Thumb Code    12  dretinf.o(x$fpl$dretinf)
    __aeabi_dsub                             0x08029621   Thumb Code     0  daddsub_clz.o(x$fpl$dsub)
    _dsub                                    0x08029621   Thumb Code   464  daddsub_clz.o(x$fpl$dsub)
    __aeabi_f2d                              0x080297f5   Thumb Code     0  f2d.o(x$fpl$f2d)
    _f2d                                     0x080297f5   Thumb Code    86  f2d.o(x$fpl$f2d)
    __aeabi_fadd                             0x0802984d   Thumb Code     0  faddsub_clz.o(x$fpl$fadd)
    _fadd                                    0x0802984d   Thumb Code   196  faddsub_clz.o(x$fpl$fadd)
    __fpl_fcmp_Inf                           0x08029911   Thumb Code    24  fcmpi.o(x$fpl$fcmpinf)
    __aeabi_fdiv                             0x08029929   Thumb Code     0  fdiv.o(x$fpl$fdiv)
    _fdiv                                    0x08029929   Thumb Code   384  fdiv.o(x$fpl$fdiv)
    __aeabi_f2uiz                            0x08029aad   Thumb Code     0  ffixu.o(x$fpl$ffixu)
    _ffixu                                   0x08029aad   Thumb Code    62  ffixu.o(x$fpl$ffixu)
    __aeabi_i2f                              0x08029aed   Thumb Code     0  fflt_clz.o(x$fpl$fflt)
    _fflt                                    0x08029aed   Thumb Code    48  fflt_clz.o(x$fpl$fflt)
    __aeabi_ui2f                             0x08029b1d   Thumb Code     0  fflt_clz.o(x$fpl$ffltu)
    _ffltu                                   0x08029b1d   Thumb Code    38  fflt_clz.o(x$fpl$ffltu)
    __aeabi_cfcmple                          0x08029b45   Thumb Code     0  fleqf.o(x$fpl$fleqf)
    _fcmple                                  0x08029b45   Thumb Code   104  fleqf.o(x$fpl$fleqf)
    __fpl_fcmple_InfNaN                      0x08029b97   Thumb Code     0  fleqf.o(x$fpl$fleqf)
    __aeabi_fmul                             0x08029bad   Thumb Code     0  fmul.o(x$fpl$fmul)
    _fmul                                    0x08029bad   Thumb Code   258  fmul.o(x$fpl$fmul)
    __fpl_fnaninf                            0x08029caf   Thumb Code   140  fnaninf.o(x$fpl$fnaninf)
    __fpl_fretinf                            0x08029d3b   Thumb Code    10  fretinf.o(x$fpl$fretinf)
    __aeabi_cfrcmple                         0x08029d45   Thumb Code     0  frleqf.o(x$fpl$frleqf)
    _frcmple                                 0x08029d45   Thumb Code    98  frleqf.o(x$fpl$frleqf)
    __aeabi_frsub                            0x08029da7   Thumb Code     0  faddsub_clz.o(x$fpl$frsb)
    _frsb                                    0x08029da7   Thumb Code    20  faddsub_clz.o(x$fpl$frsb)
    __aeabi_fsub                             0x08029dbd   Thumb Code     0  faddsub_clz.o(x$fpl$fsub)
    _fsub                                    0x08029dbd   Thumb Code   234  faddsub_clz.o(x$fpl$fsub)
    __I$use$fp                               0x08029ea6   Number         0  usenofp.o(x$fpl$usenofp)
    table_week                               0x08029ea6   Data          12  rtc.o(.constdata)
    mon_table                                0x08029eb2   Data          12  rtc.o(.constdata)
    memtblsize                               0x08029ec0   Data           8  malloc.o(.constdata)
    memblksize                               0x08029ec8   Data           8  malloc.o(.constdata)
    memsize                                  0x08029ed0   Data           8  malloc.o(.constdata)
    CPU_EndiannessTest                       0x08029fd8   Data           4  cpu_core.o(.constdata)
    OSCfg_IdleTaskStkBasePtr                 0x0802a070   Data           4  os_cfg_app.o(.constdata)
    OSCfg_IdleTaskStkLimit                   0x0802a074   Data           4  os_cfg_app.o(.constdata)
    OSCfg_IdleTaskStkSize                    0x0802a078   Data           4  os_cfg_app.o(.constdata)
    OSCfg_IdleTaskStkSizeRAM                 0x0802a07c   Data           4  os_cfg_app.o(.constdata)
    OSCfg_IntQBasePtr                        0x0802a080   Data           4  os_cfg_app.o(.constdata)
    OSCfg_IntQSize                           0x0802a084   Data           2  os_cfg_app.o(.constdata)
    OSCfg_IntQSizeRAM                        0x0802a088   Data           4  os_cfg_app.o(.constdata)
    OSCfg_IntQTaskStkBasePtr                 0x0802a08c   Data           4  os_cfg_app.o(.constdata)
    OSCfg_IntQTaskStkLimit                   0x0802a090   Data           4  os_cfg_app.o(.constdata)
    OSCfg_IntQTaskStkSize                    0x0802a094   Data           4  os_cfg_app.o(.constdata)
    OSCfg_IntQTaskStkSizeRAM                 0x0802a098   Data           4  os_cfg_app.o(.constdata)
    OSCfg_ISRStkBasePtr                      0x0802a09c   Data           4  os_cfg_app.o(.constdata)
    OSCfg_ISRStkSize                         0x0802a0a0   Data           4  os_cfg_app.o(.constdata)
    OSCfg_ISRStkSizeRAM                      0x0802a0a4   Data           4  os_cfg_app.o(.constdata)
    OSCfg_MsgPoolSize                        0x0802a0a8   Data           2  os_cfg_app.o(.constdata)
    OSCfg_MsgPoolSizeRAM                     0x0802a0ac   Data           4  os_cfg_app.o(.constdata)
    OSCfg_MsgPoolBasePtr                     0x0802a0b0   Data           4  os_cfg_app.o(.constdata)
    OSCfg_StatTaskPrio                       0x0802a0b4   Data           1  os_cfg_app.o(.constdata)
    OSCfg_StatTaskRate_Hz                    0x0802a0b8   Data           4  os_cfg_app.o(.constdata)
    OSCfg_StatTaskStkBasePtr                 0x0802a0bc   Data           4  os_cfg_app.o(.constdata)
    OSCfg_StatTaskStkLimit                   0x0802a0c0   Data           4  os_cfg_app.o(.constdata)
    OSCfg_StatTaskStkSize                    0x0802a0c4   Data           4  os_cfg_app.o(.constdata)
    OSCfg_StatTaskStkSizeRAM                 0x0802a0c8   Data           4  os_cfg_app.o(.constdata)
    OSCfg_StkSizeMin                         0x0802a0cc   Data           4  os_cfg_app.o(.constdata)
    OSCfg_TickRate_Hz                        0x0802a0d0   Data           4  os_cfg_app.o(.constdata)
    OSCfg_TickTaskPrio                       0x0802a0d4   Data           1  os_cfg_app.o(.constdata)
    OSCfg_TickTaskStkBasePtr                 0x0802a0d8   Data           4  os_cfg_app.o(.constdata)
    OSCfg_TickTaskStkLimit                   0x0802a0dc   Data           4  os_cfg_app.o(.constdata)
    OSCfg_TickTaskStkSize                    0x0802a0e0   Data           4  os_cfg_app.o(.constdata)
    OSCfg_TickTaskStkSizeRAM                 0x0802a0e4   Data           4  os_cfg_app.o(.constdata)
    OSCfg_TickWheelSize                      0x0802a0e8   Data           2  os_cfg_app.o(.constdata)
    OSCfg_TickWheelSizeRAM                   0x0802a0ec   Data           4  os_cfg_app.o(.constdata)
    OSCfg_TmrTaskPrio                        0x0802a0f0   Data           1  os_cfg_app.o(.constdata)
    OSCfg_TmrTaskRate_Hz                     0x0802a0f4   Data           4  os_cfg_app.o(.constdata)
    OSCfg_TmrTaskStkBasePtr                  0x0802a0f8   Data           4  os_cfg_app.o(.constdata)
    OSCfg_TmrTaskStkLimit                    0x0802a0fc   Data           4  os_cfg_app.o(.constdata)
    OSCfg_TmrTaskStkSize                     0x0802a100   Data           4  os_cfg_app.o(.constdata)
    OSCfg_TmrTaskStkSizeRAM                  0x0802a104   Data           4  os_cfg_app.o(.constdata)
    OSCfg_TmrWheelSize                       0x0802a108   Data           2  os_cfg_app.o(.constdata)
    OSCfg_TmrWheelSizeRAM                    0x0802a10c   Data           4  os_cfg_app.o(.constdata)
    OSCfg_DataSizeRAM                        0x0802a110   Data           4  os_cfg_app.o(.constdata)
    OSDbg_DbgEn                              0x0802a114   Data           2  os_dbg.o(.constdata)
    OSDbg_ArgChkEn                           0x0802a116   Data           1  os_dbg.o(.constdata)
    OSDbg_AppHooksEn                         0x0802a117   Data           1  os_dbg.o(.constdata)
    OSDbg_EndiannessTest                     0x0802a118   Data           4  os_dbg.o(.constdata)
    OSDbg_CalledFromISRChkEn                 0x0802a11c   Data           1  os_dbg.o(.constdata)
    OSDbg_FlagEn                             0x0802a11d   Data           1  os_dbg.o(.constdata)
    OSDbg_FlagGrp                            0x0802a120   Data          40  os_dbg.o(.constdata)
    OSDbg_FlagDelEn                          0x0802a148   Data           1  os_dbg.o(.constdata)
    OSDbg_FlagModeClrEn                      0x0802a149   Data           1  os_dbg.o(.constdata)
    OSDbg_FlagPendAbortEn                    0x0802a14a   Data           1  os_dbg.o(.constdata)
    OSDbg_FlagGrpSize                        0x0802a14c   Data           2  os_dbg.o(.constdata)
    OSDbg_FlagWidth                          0x0802a14e   Data           2  os_dbg.o(.constdata)
    OSDbg_IntQ                               0x0802a150   Data           2  os_dbg.o(.constdata)
    OSDbg_ISRPostDeferredEn                  0x0802a152   Data           1  os_dbg.o(.constdata)
    OSDbg_Mem                                0x0802a154   Data          32  os_dbg.o(.constdata)
    OSDbg_MemEn                              0x0802a174   Data           1  os_dbg.o(.constdata)
    OSDbg_MemSize                            0x0802a176   Data           2  os_dbg.o(.constdata)
    OSDbg_MsgEn                              0x0802a178   Data           1  os_dbg.o(.constdata)
    OSDbg_MsgSize                            0x0802a17a   Data           2  os_dbg.o(.constdata)
    OSDbg_MsgPoolSize                        0x0802a17c   Data           2  os_dbg.o(.constdata)
    OSDbg_MsgQSize                           0x0802a17e   Data           2  os_dbg.o(.constdata)
    OSDbg_Mutex                              0x0802a180   Data          44  os_dbg.o(.constdata)
    OSDbg_MutexEn                            0x0802a1ac   Data           1  os_dbg.o(.constdata)
    OSDbg_MutexDelEn                         0x0802a1ad   Data           1  os_dbg.o(.constdata)
    OSDbg_MutexPendAbortEn                   0x0802a1ae   Data           1  os_dbg.o(.constdata)
    OSDbg_MutexSize                          0x0802a1b0   Data           2  os_dbg.o(.constdata)
    OSDbg_ObjTypeChkEn                       0x0802a1b2   Data           1  os_dbg.o(.constdata)
    OSDbg_PendMultiEn                        0x0802a1b3   Data           1  os_dbg.o(.constdata)
    OSDbg_PendDataSize                       0x0802a1b4   Data           2  os_dbg.o(.constdata)
    OSDbg_PendListSize                       0x0802a1b6   Data           2  os_dbg.o(.constdata)
    OSDbg_PendObjSize                        0x0802a1b8   Data           2  os_dbg.o(.constdata)
    OSDbg_PrioMax                            0x0802a1ba   Data           2  os_dbg.o(.constdata)
    OSDbg_PrioTblSize                        0x0802a1bc   Data           2  os_dbg.o(.constdata)
    OSDbg_PtrSize                            0x0802a1be   Data           2  os_dbg.o(.constdata)
    OSDbg_Q                                  0x0802a1c0   Data          48  os_dbg.o(.constdata)
    OSDbg_QEn                                0x0802a1f0   Data           1  os_dbg.o(.constdata)
    OSDbg_QDelEn                             0x0802a1f1   Data           1  os_dbg.o(.constdata)
    OSDbg_QFlushEn                           0x0802a1f2   Data           1  os_dbg.o(.constdata)
    OSDbg_QPendAbortEn                       0x0802a1f3   Data           1  os_dbg.o(.constdata)
    OSDbg_QSize                              0x0802a1f4   Data           2  os_dbg.o(.constdata)
    OSDbg_SchedRoundRobinEn                  0x0802a1f6   Data           1  os_dbg.o(.constdata)
    OSDbg_Sem                                0x0802a1f8   Data          40  os_dbg.o(.constdata)
    OSDbg_SemEn                              0x0802a220   Data           1  os_dbg.o(.constdata)
    OSDbg_SemDelEn                           0x0802a221   Data           1  os_dbg.o(.constdata)
    OSDbg_SemPendAbortEn                     0x0802a222   Data           1  os_dbg.o(.constdata)
    OSDbg_SemSetEn                           0x0802a223   Data           1  os_dbg.o(.constdata)
    OSDbg_SemSize                            0x0802a224   Data           2  os_dbg.o(.constdata)
    OSDbg_RdyList                            0x0802a226   Data           2  os_dbg.o(.constdata)
    OSDbg_RdyListSize                        0x0802a228   Data           4  os_dbg.o(.constdata)
    OSDbg_StkWidth                           0x0802a22c   Data           1  os_dbg.o(.constdata)
    OSDbg_StatTaskEn                         0x0802a22d   Data           1  os_dbg.o(.constdata)
    OSDbg_StatTaskStkChkEn                   0x0802a22e   Data           1  os_dbg.o(.constdata)
    OSDbg_TaskChangePrioEn                   0x0802a22f   Data           1  os_dbg.o(.constdata)
    OSDbg_TaskDelEn                          0x0802a230   Data           1  os_dbg.o(.constdata)
    OSDbg_TaskQEn                            0x0802a231   Data           1  os_dbg.o(.constdata)
    OSDbg_TaskQPendAbortEn                   0x0802a232   Data           1  os_dbg.o(.constdata)
    OSDbg_TaskProfileEn                      0x0802a233   Data           1  os_dbg.o(.constdata)
    OSDbg_TaskRegTblSize                     0x0802a234   Data           2  os_dbg.o(.constdata)
    OSDbg_TaskSemPendAbortEn                 0x0802a236   Data           1  os_dbg.o(.constdata)
    OSDbg_TaskSuspendEn                      0x0802a237   Data           1  os_dbg.o(.constdata)
    OSDbg_TCBSize                            0x0802a238   Data           2  os_dbg.o(.constdata)
    OSDbg_TickSpokeSize                      0x0802a23a   Data           2  os_dbg.o(.constdata)
    OSDbg_TimeDlyHMSMEn                      0x0802a23c   Data           1  os_dbg.o(.constdata)
    OSDbg_TimeDlyResumeEn                    0x0802a23d   Data           1  os_dbg.o(.constdata)
    OSDbg_TLS_TblSize                        0x0802a23e   Data           2  os_dbg.o(.constdata)
    OSDbg_Tmr                                0x0802a240   Data          52  os_dbg.o(.constdata)
    OSDbg_TmrEn                              0x0802a274   Data           1  os_dbg.o(.constdata)
    OSDbg_TmrDelEn                           0x0802a275   Data           1  os_dbg.o(.constdata)
    OSDbg_TmrSize                            0x0802a276   Data           2  os_dbg.o(.constdata)
    OSDbg_TmrSpokeSize                       0x0802a278   Data           2  os_dbg.o(.constdata)
    OSDbg_VersionNbr                         0x0802a27a   Data           2  os_dbg.o(.constdata)
    OSDbg_DataSize                           0x0802a27c   Data           4  os_dbg.o(.constdata)
    Region$$Table$$Base                      0x0802a280   Number         0  anon$$obj.o(Region$$Table)
    Region$$Table$$Limit                     0x0802a2a0   Number         0  anon$$obj.o(Region$$Table)
    g_printf_enable                          0x20000000   Data           1  main.o(.data)
    g_ota_sta                                0x20000001   Data           1  main.o(.data)
    g_ota_recv_sum                           0x20000004   Data           4  main.o(.data)
    g_ota_pg_numid                           0x20000008   Data           2  main.o(.data)
    g_ota_pg_nums                            0x2000000a   Data           2  main.o(.data)
    g_ota_bin_size                           0x2000000c   Data           4  main.o(.data)
    USART_RX_STA_BAK                         0x20000010   Data           4  main.o(.data)
    report_gap                               0x20000014   Data           2  main.o(.data)
    hbeat_gap                                0x20000016   Data           2  main.o(.data)
    net_ok                                   0x20000018   Data           1  main.o(.data)
    hbeat_cnt                                0x2000001a   Data           2  main.o(.data)
    time_start_hbeat                         0x2000001c   Data           4  main.o(.data)
    time_start_report                        0x20000020   Data           4  main.o(.data)
    time_start_srv_hbeat                     0x20000024   Data           4  main.o(.data)
    sys_env_mode                             0x20000028   Data           1  main.o(.data)
    SystemCoreClock                          0x2000002c   Data           4  system_stm32f10x.o(.data)
    AHBPrescTable                            0x20000030   Data          16  system_stm32f10x.o(.data)
    PADDING                                  0x20000040   Data          64  gagent_md5.o(.data)
    total_count_64b                          0x20000080   Data           4  common.o(.data)
    avaliable_count_64b                      0x20000084   Data           4  common.o(.data)
    read_pos_next_count_64b                  0x20000088   Data           4  common.o(.data)
    write_pos_next_count_64b                 0x2000008c   Data           4  common.o(.data)
    U1_DMA_SEND_FREE_FLAG                    0x20000090   Data           1  dma.o(.data)
    DMA1_MEM_LEN                             0x20000092   Data           2  dma.o(.data)
    os_jiffies                               0x20000094   Data           4  timer.o(.data)
    W25QXX_TYPE                              0x20000098   Data           2  w25qxx.o(.data)
    Analog_Data_Buf                          0x2000009a   Data          16  ad.o(.data)
    __stdout                                 0x200000b0   Data           4  usart.o(.data)
    USART_RX_BUF                             0x200000b4   Data           4  usart.o(.data)
    USART_RX_BUF2                            0x200000b8   Data           4  usart.o(.data)
    USART_RX_BUF_BAK                         0x200000bc   Data           4  usart.o(.data)
    STMFLASH_BUF                             0x200000c0   Data           4  usart.o(.data)
    iapbuf                                   0x200000c4   Data           4  usart.o(.data)
    USART_RX_STA                             0x200000c8   Data           4  usart.o(.data)
    USART_RX_STA2                            0x200000cc   Data           4  usart.o(.data)
    g_after_rx_intr                          0x200000d0   Data           1  usart.o(.data)
    mallco_dev                               0x200000d4   Data          28  malloc.o(.data)
    CPU_TS_TmrFreq_Hz                        0x20000104   Data           4  cpu_core.o(.data)
    Mem_PoolTbl                              0x20000108   Data           4  lib_mem.o(.data)
    OSPrioTbl                                0x2000010c   Data           8  os_prio.o(.data)
    OS_AppTaskCreateHookPtr                  0x20000114   Data           4  os_var.o(.data)
    OS_AppTaskDelHookPtr                     0x20000118   Data           4  os_var.o(.data)
    OS_AppTaskReturnHookPtr                  0x2000011c   Data           4  os_var.o(.data)
    OS_AppIdleTaskHookPtr                    0x20000120   Data           4  os_var.o(.data)
    OS_AppStatTaskHookPtr                    0x20000124   Data           4  os_var.o(.data)
    OS_AppTaskSwHookPtr                      0x20000128   Data           4  os_var.o(.data)
    OS_AppTimeTickHookPtr                    0x2000012c   Data           4  os_var.o(.data)
    OSIdleTaskCtr                            0x20000130   Data           4  os_var.o(.data)
    OSIntNestingCtr                          0x20000134   Data           1  os_var.o(.data)
    OSRunning                                0x20000135   Data           1  os_var.o(.data)
    OSIntQInPtr                              0x20000138   Data           4  os_var.o(.data)
    OSIntQOutPtr                             0x2000013c   Data           4  os_var.o(.data)
    OSIntQNbrEntries                         0x20000140   Data           2  os_var.o(.data)
    OSIntQNbrEntriesMax                      0x20000142   Data           2  os_var.o(.data)
    OSIntQOvfCtr                             0x20000144   Data           2  os_var.o(.data)
    OSIntQTaskTimeMax                        0x20000148   Data           4  os_var.o(.data)
    OSFlagDbgListPtr                         0x2000014c   Data           4  os_var.o(.data)
    OSFlagQty                                0x20000150   Data           2  os_var.o(.data)
    OSMemDbgListPtr                          0x20000154   Data           4  os_var.o(.data)
    OSMemQty                                 0x20000158   Data           2  os_var.o(.data)
    OSMutexDbgListPtr                        0x2000015c   Data           4  os_var.o(.data)
    OSMutexQty                               0x20000160   Data           2  os_var.o(.data)
    OSPrioCur                                0x20000162   Data           1  os_var.o(.data)
    OSPrioHighRdy                            0x20000163   Data           1  os_var.o(.data)
    OSPrioSaved                              0x20000164   Data           1  os_var.o(.data)
    OSQDbgListPtr                            0x20000168   Data           4  os_var.o(.data)
    OSQQty                                   0x2000016c   Data           2  os_var.o(.data)
    OSSchedLockTimeBegin                     0x20000170   Data           4  os_var.o(.data)
    OSSchedLockTimeMax                       0x20000174   Data           4  os_var.o(.data)
    OSSchedLockTimeMaxCur                    0x20000178   Data           4  os_var.o(.data)
    OSSchedLockNestingCtr                    0x2000017c   Data           1  os_var.o(.data)
    OSSchedRoundRobinDfltTimeQuanta          0x20000180   Data           4  os_var.o(.data)
    OSSchedRoundRobinEn                      0x20000184   Data           1  os_var.o(.data)
    OSSemDbgListPtr                          0x20000188   Data           4  os_var.o(.data)
    OSSemQty                                 0x2000018c   Data           2  os_var.o(.data)
    OSStatResetFlag                          0x2000018e   Data           1  os_var.o(.data)
    OSStatTaskCPUUsage                       0x20000190   Data           2  os_var.o(.data)
    OSStatTaskCPUUsageMax                    0x20000192   Data           2  os_var.o(.data)
    OSStatTaskCtr                            0x20000194   Data           4  os_var.o(.data)
    OSStatTaskCtrMax                         0x20000198   Data           4  os_var.o(.data)
    OSStatTaskCtrRun                         0x2000019c   Data           4  os_var.o(.data)
    OSStatTaskRdy                            0x200001a0   Data           1  os_var.o(.data)
    OSStatTaskTimeMax                        0x200001a4   Data           4  os_var.o(.data)
    OSTaskCtxSwCtr                           0x200001a8   Data           4  os_var.o(.data)
    OSTaskDbgListPtr                         0x200001ac   Data           4  os_var.o(.data)
    OSTaskQty                                0x200001b0   Data           2  os_var.o(.data)
    OSTaskRegNextAvailID                     0x200001b2   Data           1  os_var.o(.data)
    OSTickCtr                                0x200001b4   Data           4  os_var.o(.data)
    OSTickTaskTimeMax                        0x200001b8   Data           4  os_var.o(.data)
    OSTmrDbgListPtr                          0x200001bc   Data           4  os_var.o(.data)
    OSTmrQty                                 0x200001c0   Data           2  os_var.o(.data)
    OSTmrTaskTimeMax                         0x200001c4   Data           4  os_var.o(.data)
    OSTmrTickCtr                             0x200001c8   Data           4  os_var.o(.data)
    OSTmrUpdateCnt                           0x200001cc   Data           4  os_var.o(.data)
    OSTmrUpdateCtr                           0x200001d0   Data           4  os_var.o(.data)
    OSTCBCurPtr                              0x200001d4   Data           4  os_var.o(.data)
    OSTCBHighRdyPtr                          0x200001d8   Data           4  os_var.o(.data)
    OS_CPU_ExceptStkBase                     0x200001dc   Data           4  os_cpu_c.o(.data)
    jump2app                                 0x200001e0   Data           4  iap.o(.data)
    UPGRADE                                  0x200001e4   Data           4  iap.o(.data)
    StartTaskTCB                             0x200001e8   Data         196  main.o(.bss)
    START_TASK_STK                           0x200002ac   Data        1024  main.o(.bss)
    AppCmdsTaskTCB                           0x200006ac   Data         196  main.o(.bss)
    APPCMDS_TASK_STK                         0x20000770   Data        2048  main.o(.bss)
    IapTaskTCB                               0x20000f70   Data         196  main.o(.bss)
    IAP_TASK_STK                             0x20001034   Data        2048  main.o(.bss)
    g_ota_bin_md5                            0x20001834   Data          16  main.o(.bss)
    g_ota_package_md5                        0x20001844   Data          16  main.o(.bss)
    recv_pack                                0x20001854   Data          47  main.o(.bss)
    ad_val                                   0x20001884   Data          44  main.o(.bss)
    ad_val_f                                 0x200018b0   Data          88  main.o(.bss)
    offline_save                             0x20001908   Data          44  main.o(.bss)
    measured_val                             0x20001934   Data          88  main.o(.bss)
    g_sem_w25q                               0x2000198c   Data          44  main.o(.bss)
    g_sys_env_old                            0x200019b8   Data         380  common.o(.bss)
    g_sys_env_new                            0x20001b34   Data         380  common.o(.bss)
    DMA_InitStructure                        0x20001cb0   Data          44  dma.o(.bss)
    U1_DMA_R_BUF                             0x20001cdc   Data         512  dma.o(.bss)
    U1_DMA_T_BUF                             0x20001edc   Data          70  dma.o(.bss)
    SPI3_InitStructure                       0x20001f22   Data          18  spi.o(.bss)
    W25QXX_BUFFER                            0x20001f34   Data        4096  w25qxx.o(.bss)
    calendar                                 0x20002f34   Data          10  rtc.o(.bss)
    mem1base                                 0x20002f40   Data       35840  malloc.o(.bss)
    mem1mapbase                              0x2000bb40   Data        2240  malloc.o(.bss)
    CPU_Name                                 0x2000c400   Data          16  cpu_core.o(.bss)
    Mem_PoolHeap                             0x2000c410   Data          72  lib_mem.o(.bss)
    Mem_Heap                                 0x2000c458   Data        1024  lib_mem.o(.bss)
    OSCfg_IdleTaskStk                        0x2000c858   Data         512  os_cfg_app.o(.bss)
    OSCfg_IntQ                               0x2000ca58   Data         320  os_cfg_app.o(.bss)
    OSCfg_IntQTaskStk                        0x2000cb98   Data         512  os_cfg_app.o(.bss)
    OSCfg_ISRStk                             0x2000cd98   Data         512  os_cfg_app.o(.bss)
    OSCfg_MsgPool                            0x2000cf98   Data        1600  os_cfg_app.o(.bss)
    OSCfg_StatTaskStk                        0x2000d5d8   Data         512  os_cfg_app.o(.bss)
    OSCfg_TickTaskStk                        0x2000d7d8   Data         512  os_cfg_app.o(.bss)
    OSCfg_TickWheel                          0x2000d9d8   Data         136  os_cfg_app.o(.bss)
    OSCfg_TmrTaskStk                         0x2000da60   Data         512  os_cfg_app.o(.bss)
    OSCfg_TmrWheel                           0x2000dc60   Data         136  os_cfg_app.o(.bss)
    OSIdleTaskTCB                            0x2000dce8   Data         196  os_var.o(.bss)
    OSIntQTaskTCB                            0x2000ddac   Data         196  os_var.o(.bss)
    OSMsgPool                                0x2000de70   Data          12  os_var.o(.bss)
    OSRdyList                                0x2000de7c   Data         768  os_var.o(.bss)
    OSStatTaskTCB                            0x2000e17c   Data         196  os_var.o(.bss)
    OSTickTaskTCB                            0x2000e240   Data         196  os_var.o(.bss)
    OSTmrTaskTCB                             0x2000e304   Data         196  os_var.o(.bss)
    flashBUF                                 0x2000e3c8   Data        1024  iap.o(.bss)
    __libspace_start                         0x2000e7c8   Data          96  libspace.o(.bss)
    __temporary_stack_top$libspace           0x2000e828   Data           0  libspace.o(.bss)
    mem2base                                 0x68000000   Data       819200  malloc.o(.ARM.__AT_0x68000000)
    mem2mapbase                              0x680c8000   Data       51200  malloc.o(.ARM.__AT_0x680C8000)



==============================================================================

Memory Map of the image

  Image Entry point : 0x08019131

  Load Region LR_IROM1 (Base: 0x08019000, Size: 0x00011488, Max: 0x00032000, ABSOLUTE, COMPRESSED[0x000112e4])

    Execution Region ER_IROM1 (Base: 0x08019000, Size: 0x000112a0, Max: 0x00032000, ABSOLUTE)

    Base Addr    Size         Type   Attr      Idx    E Section Name        Object

    0x08019000   0x00000130   Data   RO          500    RESET               startup_stm32f10x_hd.o
    0x08019130   0x00000008   Code   RO         1209  * !!!main             c_w.l(__main.o)
    0x08019138   0x00000034   Code   RO         1447    !!!scatter          c_w.l(__scatter.o)
    0x0801916c   0x0000005a   Code   RO         1445    !!dczerorl2         c_w.l(__dczerorl2.o)
    0x080191c6   0x00000002   PAD
    0x080191c8   0x0000001c   Code   RO         1449    !!handler_zi        c_w.l(__scatter_zi.o)
    0x080191e4   0x00000000   Code   RO         1194    .ARM.Collect$$_printf_percent$$00000000  c_w.l(_printf_percent.o)
    0x080191e4   0x00000006   Code   RO         1193    .ARM.Collect$$_printf_percent$$00000009  c_w.l(_printf_d.o)
    0x080191ea   0x00000004   Code   RO         1268    .ARM.Collect$$_printf_percent$$00000017  c_w.l(_printf_percent_end.o)
    0x080191ee   0x00000002   Code   RO         1320    .ARM.Collect$$libinit$$00000000  c_w.l(libinit.o)
    0x080191f0   0x00000000   Code   RO         1333    .ARM.Collect$$libinit$$00000002  c_w.l(libinit2.o)
    0x080191f0   0x00000000   Code   RO         1335    .ARM.Collect$$libinit$$00000004  c_w.l(libinit2.o)
    0x080191f0   0x00000000   Code   RO         1338    .ARM.Collect$$libinit$$0000000A  c_w.l(libinit2.o)
    0x080191f0   0x00000000   Code   RO         1340    .ARM.Collect$$libinit$$0000000C  c_w.l(libinit2.o)
    0x080191f0   0x00000000   Code   RO         1342    .ARM.Collect$$libinit$$0000000E  c_w.l(libinit2.o)
    0x080191f0   0x00000000   Code   RO         1345    .ARM.Collect$$libinit$$00000011  c_w.l(libinit2.o)
    0x080191f0   0x00000000   Code   RO         1347    .ARM.Collect$$libinit$$00000013  c_w.l(libinit2.o)
    0x080191f0   0x00000000   Code   RO         1349    .ARM.Collect$$libinit$$00000015  c_w.l(libinit2.o)
    0x080191f0   0x00000000   Code   RO         1351    .ARM.Collect$$libinit$$00000017  c_w.l(libinit2.o)
    0x080191f0   0x00000000   Code   RO         1353    .ARM.Collect$$libinit$$00000019  c_w.l(libinit2.o)
    0x080191f0   0x00000000   Code   RO         1355    .ARM.Collect$$libinit$$0000001B  c_w.l(libinit2.o)
    0x080191f0   0x00000000   Code   RO         1357    .ARM.Collect$$libinit$$0000001D  c_w.l(libinit2.o)
    0x080191f0   0x00000000   Code   RO         1359    .ARM.Collect$$libinit$$0000001F  c_w.l(libinit2.o)
    0x080191f0   0x00000000   Code   RO         1361    .ARM.Collect$$libinit$$00000021  c_w.l(libinit2.o)
    0x080191f0   0x00000000   Code   RO         1363    .ARM.Collect$$libinit$$00000023  c_w.l(libinit2.o)
    0x080191f0   0x00000000   Code   RO         1365    .ARM.Collect$$libinit$$00000025  c_w.l(libinit2.o)
    0x080191f0   0x00000000   Code   RO         1369    .ARM.Collect$$libinit$$0000002C  c_w.l(libinit2.o)
    0x080191f0   0x00000000   Code   RO         1371    .ARM.Collect$$libinit$$0000002E  c_w.l(libinit2.o)
    0x080191f0   0x00000000   Code   RO         1373    .ARM.Collect$$libinit$$00000030  c_w.l(libinit2.o)
    0x080191f0   0x00000000   Code   RO         1375    .ARM.Collect$$libinit$$00000032  c_w.l(libinit2.o)
    0x080191f0   0x00000002   Code   RO         1376    .ARM.Collect$$libinit$$00000033  c_w.l(libinit2.o)
    0x080191f2   0x00000002   Code   RO         1402    .ARM.Collect$$libshutdown$$00000000  c_w.l(libshutdown.o)
    0x080191f4   0x00000000   Code   RO         1430    .ARM.Collect$$libshutdown$$00000003  c_w.l(libshutdown2.o)
    0x080191f4   0x00000000   Code   RO         1433    .ARM.Collect$$libshutdown$$00000006  c_w.l(libshutdown2.o)
    0x080191f4   0x00000000   Code   RO         1436    .ARM.Collect$$libshutdown$$00000009  c_w.l(libshutdown2.o)
    0x080191f4   0x00000000   Code   RO         1438    .ARM.Collect$$libshutdown$$0000000B  c_w.l(libshutdown2.o)
    0x080191f4   0x00000000   Code   RO         1441    .ARM.Collect$$libshutdown$$0000000E  c_w.l(libshutdown2.o)
    0x080191f4   0x00000002   Code   RO         1442    .ARM.Collect$$libshutdown$$0000000F  c_w.l(libshutdown2.o)
    0x080191f6   0x00000000   Code   RO         1255    .ARM.Collect$$rtentry$$00000000  c_w.l(__rtentry.o)
    0x080191f6   0x00000000   Code   RO         1285    .ARM.Collect$$rtentry$$00000002  c_w.l(__rtentry2.o)
    0x080191f6   0x00000006   Code   RO         1297    .ARM.Collect$$rtentry$$00000004  c_w.l(__rtentry4.o)
    0x080191fc   0x00000000   Code   RO         1287    .ARM.Collect$$rtentry$$00000009  c_w.l(__rtentry2.o)
    0x080191fc   0x00000004   Code   RO         1288    .ARM.Collect$$rtentry$$0000000A  c_w.l(__rtentry2.o)
    0x08019200   0x00000000   Code   RO         1290    .ARM.Collect$$rtentry$$0000000C  c_w.l(__rtentry2.o)
    0x08019200   0x00000008   Code   RO         1291    .ARM.Collect$$rtentry$$0000000D  c_w.l(__rtentry2.o)
    0x08019208   0x00000002   Code   RO         1324    .ARM.Collect$$rtexit$$00000000  c_w.l(rtexit.o)
    0x0801920a   0x00000000   Code   RO         1378    .ARM.Collect$$rtexit$$00000002  c_w.l(rtexit2.o)
    0x0801920a   0x00000004   Code   RO         1379    .ARM.Collect$$rtexit$$00000003  c_w.l(rtexit2.o)
    0x0801920e   0x00000006   Code   RO         1380    .ARM.Collect$$rtexit$$00000004  c_w.l(rtexit2.o)
    0x08019214   0x00000006   Code   RO          444    .emb_text           sys.o
    0x0801921a   0x00000002   PAD
    0x0801921c   0x00000d24   Code   RO            1    .text               main.o
    0x08019f40   0x00000044   Code   RO          195    .text               stm32f10x_it.o
    0x08019f84   0x000001e0   Code   RO          230    .text               system_stm32f10x.o
    0x0801a164   0x00000944   Code   RO          248    .text               gagent_md5.o
    0x0801aaa8   0x000001c8   Code   RO          266    .text               common.o
    0x0801ac70   0x00000038   Code   RO          294    .text               led.o
    0x0801aca8   0x00000290   Code   RO          306    .text               dma.o
    0x0801af38   0x00000228   Code   RO          327    .text               timer.o
    0x0801b160   0x000002f0   Code   RO          343    .text               spi.o
    0x0801b450   0x00000350   Code   RO          376    .text               w25qxx.o
    0x0801b7a0   0x000002dc   Code   RO          395    .text               ad.o
    0x0801ba7c   0x00000478   Code   RO          410    .text               rtc.o
    0x0801bef4   0x0000014c   Code   RO          430    .text               delay.o
    0x0801c040   0x00000808   Code   RO          461    .text               usart.o
    0x0801c848   0x00000040   Code   RO          501    .text               startup_stm32f10x_hd.o
    0x0801c888   0x0000022c   Code   RO          505    .text               malloc.o
    0x0801cab4   0x0000035c   Code   RO          539    .text               stm32f10x_gpio.o
    0x0801ce10   0x00000e1a   Code   RO          551    .text               stm32f10x_tim.o
    0x0801dc2a   0x00000002   PAD
    0x0801dc2c   0x00000408   Code   RO          563    .text               stm32f10x_usart.o
    0x0801e034   0x00000254   Code   RO          575    .text               stm32f10x_dma.o
    0x0801e288   0x000005bc   Code   RO          587    .text               stm32f10x_flash.o
    0x0801e844   0x000003a4   Code   RO          599    .text               stm32f10x_rcc.o
    0x0801ebe8   0x000000dc   Code   RO          613    .text               misc.o
    0x0801ecc4   0x0000030c   Code   RO          637    .text               stm32f10x_spi.o
    0x0801efd0   0x00000148   Code   RO          649    .text               stm32f10x_rtc.o
    0x0801f118   0x000000c4   Code   RO          661    .text               stm32f10x_bkp.o
    0x0801f1dc   0x000000cc   Code   RO          673    .text               stm32f10x_pwr.o
    0x0801f2a8   0x00000084   Code   RO          685    .text               bsp.o
    0x0801f32c   0x000002a8   Code   RO          700    .text               cpu_core.o
    0x0801f5d4   0x00000034   Code   RO          738    .text               cpu_a.o
    0x0801f608   0x00000256   Code   RO          741    .text               lib_ascii.o
    0x0801f85e   0x00000002   PAD
    0x0801f860   0x000009c6   Code   RO          774    .text               lib_mem.o
    0x08020226   0x00000002   PAD
    0x08020228   0x0000092c   Code   RO          793    .text               lib_str.o
    0x08020b54   0x00000220   Code   RO          810    .text               lib_mem_a.o
    0x08020d74   0x000000fc   Code   RO          813    .text               os_cfg_app.o
    0x08020e70   0x00000e04   Code   RO          836    .text               os_core.o
    0x08021c74   0x000001b0   Code   RO          848    .text               os_dbg.o
    0x08021e24   0x00000e28   Code   RO          863    .text               os_flag.o
    0x08022c4c   0x00000444   Code   RO          875    .text               os_int.o
    0x08023090   0x00000238   Code   RO          887    .text               os_mem.o
    0x080232c8   0x0000022c   Code   RO          899    .text               os_msg.o
    0x080234f4   0x00000ad4   Code   RO          911    .text               os_mutex.o
    0x08023fc8   0x0000007c   Code   RO          929    .text               os_prio.o
    0x08024044   0x000008d8   Code   RO          948    .text               os_q.o
    0x0802491c   0x00000830   Code   RO          960    .text               os_sem.o
    0x0802514c   0x00000638   Code   RO          972    .text               os_stat.o
    0x08025784   0x00001bb4   Code   RO          984    .text               os_task.o
    0x08027338   0x000004fc   Code   RO          996    .text               os_tick.o
    0x08027834   0x00000564   Code   RO         1008    .text               os_time.o
    0x08027d98   0x00000818   Code   RO         1020    .text               os_tmr.o
    0x080285b0   0x0000026c   Code   RO         1046    .text               os_cpu_c.o
    0x0802881c   0x00000274   Code   RO         1082    .text               IAP.lib(iap.o)
    0x08028a90   0x00000002   Code   RO         1157    .text               c_w.l(use_no_semi_2.o)
    0x08028a92   0x000000ee   Code   RO         1159    .text               c_w.l(lludivv7m.o)
    0x08028b80   0x00000018   Code   RO         1165    .text               c_w.l(noretval__2printf.o)
    0x08028b98   0x00000028   Code   RO         1167    .text               c_w.l(noretval__2sprintf.o)
    0x08028bc0   0x00000078   Code   RO         1171    .text               c_w.l(_printf_dec.o)
    0x08028c38   0x0000010e   Code   RO         1181    .text               c_w.l(__printf_wp.o)
    0x08028d46   0x00000024   Code   RO         1195    .text               c_w.l(strstr.o)
    0x08028d6a   0x00000058   Code   RO         1197    .text               c_w.l(memcmp.o)
    0x08028dc2   0x00000096   Code   RO         1199    .text               c_w.l(strncmp.o)
    0x08028e58   0x0000008a   Code   RO         1201    .text               c_w.l(rt_memcpy_v6.o)
    0x08028ee2   0x00000010   Code   RO         1203    .text               c_w.l(aeabi_memset.o)
    0x08028ef2   0x0000004e   Code   RO         1205    .text               c_w.l(rt_memclr_w.o)
    0x08028f40   0x00000006   Code   RO         1207    .text               c_w.l(heapauxi.o)
    0x08028f46   0x00000002   Code   RO         1253    .text               c_w.l(use_no_semi.o)
    0x08028f48   0x000000b2   Code   RO         1260    .text               c_w.l(_printf_intcommon.o)
    0x08028ffa   0x00000002   PAD
    0x08028ffc   0x00000030   Code   RO         1262    .text               c_w.l(_printf_char_common.o)
    0x0802902c   0x0000000a   Code   RO         1264    .text               c_w.l(_sputc.o)
    0x08029036   0x00000002   PAD
    0x08029038   0x00000024   Code   RO         1266    .text               c_w.l(_printf_char_file.o)
    0x0802905c   0x00000064   Code   RO         1269    .text               c_w.l(rt_memcpy_w.o)
    0x080290c0   0x00000044   Code   RO         1271    .text               c_w.l(rt_memclr.o)
    0x08029104   0x00000008   Code   RO         1303    .text               c_w.l(ferror.o)
    0x0802910c   0x0000004a   Code   RO         1307    .text               c_w.l(sys_stackheap_outer.o)
    0x08029156   0x0000000c   Code   RO         1309    .text               c_w.l(exit.o)
    0x08029162   0x00000002   PAD
    0x08029164   0x00000008   Code   RO         1321    .text               c_w.l(libspace.o)
    0x0802916c   0x00000098   Code   RO         1064    CODE                os_cpu_a.o
    0x08029204   0x0000000e   Code   RO         1183    i._is_digit         c_w.l(__printf_wp.o)
    0x08029212   0x00000002   PAD
    0x08029214   0x00000062   Code   RO         1211    x$fpl$d2f           fz_ws.l(d2f.o)
    0x08029276   0x00000002   PAD
    0x08029278   0x00000150   Code   RO         1213    x$fpl$dadd          fz_ws.l(daddsub_clz.o)
    0x080293c8   0x0000005a   Code   RO         1219    x$fpl$dfixu         fz_ws.l(dfixu.o)
    0x08029422   0x00000002   PAD
    0x08029424   0x00000154   Code   RO         1223    x$fpl$dmul          fz_ws.l(dmul.o)
    0x08029578   0x0000009c   Code   RO         1273    x$fpl$dnaninf       fz_ws.l(dnaninf.o)
    0x08029614   0x0000000c   Code   RO         1275    x$fpl$dretinf       fz_ws.l(dretinf.o)
    0x08029620   0x000001d4   Code   RO         1215    x$fpl$dsub          fz_ws.l(daddsub_clz.o)
    0x080297f4   0x00000056   Code   RO         1225    x$fpl$f2d           fz_ws.l(f2d.o)
    0x0802984a   0x00000002   PAD
    0x0802984c   0x000000c4   Code   RO         1227    x$fpl$fadd          fz_ws.l(faddsub_clz.o)
    0x08029910   0x00000018   Code   RO         1277    x$fpl$fcmpinf       fz_ws.l(fcmpi.o)
    0x08029928   0x00000184   Code   RO         1234    x$fpl$fdiv          fz_ws.l(fdiv.o)
    0x08029aac   0x0000003e   Code   RO         1237    x$fpl$ffixu         fz_ws.l(ffixu.o)
    0x08029aea   0x00000002   PAD
    0x08029aec   0x00000030   Code   RO         1242    x$fpl$fflt          fz_ws.l(fflt_clz.o)
    0x08029b1c   0x00000026   Code   RO         1241    x$fpl$ffltu         fz_ws.l(fflt_clz.o)
    0x08029b42   0x00000002   PAD
    0x08029b44   0x00000068   Code   RO         1247    x$fpl$fleqf         fz_ws.l(fleqf.o)
    0x08029bac   0x00000102   Code   RO         1249    x$fpl$fmul          fz_ws.l(fmul.o)
    0x08029cae   0x0000008c   Code   RO         1279    x$fpl$fnaninf       fz_ws.l(fnaninf.o)
    0x08029d3a   0x0000000a   Code   RO         1281    x$fpl$fretinf       fz_ws.l(fretinf.o)
    0x08029d44   0x00000062   Code   RO         1251    x$fpl$frleqf        fz_ws.l(frleqf.o)
    0x08029da6   0x00000014   Code   RO         1228    x$fpl$frsb          fz_ws.l(faddsub_clz.o)
    0x08029dba   0x00000002   PAD
    0x08029dbc   0x000000ea   Code   RO         1229    x$fpl$fsub          fz_ws.l(faddsub_clz.o)
    0x08029ea6   0x00000000   Code   RO         1283    x$fpl$usenofp       fz_ws.l(usenofp.o)
    0x08029ea6   0x00000018   Data   RO          412    .constdata          rtc.o
    0x08029ebe   0x00000002   PAD
    0x08029ec0   0x00000018   Data   RO          509    .constdata          malloc.o
    0x08029ed8   0x00000104   Data   RO          702    .constdata          cpu_core.o
    0x08029fdc   0x00000094   Data   RO          794    .constdata          lib_str.o
    0x0802a070   0x000000a4   Data   RO          815    .constdata          os_cfg_app.o
    0x0802a114   0x0000016c   Data   RO          849    .constdata          os_dbg.o
    0x0802a280   0x00000020   Data   RO         1443    Region$$Table       anon$$obj.o


    Execution Region RW_IRAM1 (Base: 0x20000000, Size: 0x0000fa28, Max: 0x00010000, ABSOLUTE, COMPRESSED[0x00000044])

    Base Addr    Size         Type   Attr      Idx    E Section Name        Object

    0x20000000   0x00000029   Data   RW            3    .data               main.o
    0x20000029   0x00000003   PAD
    0x2000002c   0x00000014   Data   RW          231    .data               system_stm32f10x.o
    0x20000040   0x00000040   Data   RW          249    .data               gagent_md5.o
    0x20000080   0x00000010   Data   RW          268    .data               common.o
    0x20000090   0x00000004   Data   RW          308    .data               dma.o
    0x20000094   0x00000004   Data   RW          328    .data               timer.o
    0x20000098   0x00000002   Data   RW          378    .data               w25qxx.o
    0x2000009a   0x00000010   Data   RW          396    .data               ad.o
    0x200000aa   0x00000002   Data   RW          413    .data               rtc.o
    0x200000ac   0x00000004   Data   RW          431    .data               delay.o
    0x200000b0   0x00000021   Data   RW          463    .data               usart.o
    0x200000d1   0x00000003   PAD
    0x200000d4   0x0000001c   Data   RW          510    .data               malloc.o
    0x200000f0   0x00000014   Data   RW          600    .data               stm32f10x_rcc.o
    0x20000104   0x00000004   Data   RW          703    .data               cpu_core.o
    0x20000108   0x00000004   Data   RW          776    .data               lib_mem.o
    0x2000010c   0x00000008   Data   RW          930    .data               os_prio.o
    0x20000114   0x000000c8   Data   RW         1033    .data               os_var.o
    0x200001dc   0x00000004   Data   RW         1047    .data               os_cpu_c.o
    0x200001e0   0x00000008   Data   RW         1084    .data               IAP.lib(iap.o)
    0x200001e8   0x000017d0   Zero   RW            2    .bss                main.o
    0x200019b8   0x000002f8   Zero   RW          267    .bss                common.o
    0x20001cb0   0x00000272   Zero   RW          307    .bss                dma.o
    0x20001f22   0x00000012   Zero   RW          344    .bss                spi.o
    0x20001f34   0x00001000   Zero   RW          377    .bss                w25qxx.o
    0x20002f34   0x0000000a   Zero   RW          411    .bss                rtc.o
    0x20002f3e   0x00000002   PAD
    0x20002f40   0x000094c0   Zero   RW          508    .bss                malloc.o
    0x2000c400   0x00000010   Zero   RW          701    .bss                cpu_core.o
    0x2000c410   0x00000448   Zero   RW          775    .bss                lib_mem.o
    0x2000c858   0x00001490   Zero   RW          814    .bss                os_cfg_app.o
    0x2000dce8   0x000006e0   Zero   RW         1032    .bss                os_var.o
    0x2000e3c8   0x00000400   Zero   RW         1083    .bss                IAP.lib(iap.o)
    0x2000e7c8   0x00000060   Zero   RW         1322    .bss                c_w.l(libspace.o)
    0x2000e828   0x00000200   Zero   RW          499    HEAP                startup_stm32f10x_hd.o
    0x2000ea28   0x00001000   Zero   RW          498    STACK               startup_stm32f10x_hd.o



  Load Region LR$$.ARM.__AT_0x68000000 (Base: 0x68000000, Size: 0x00000000, Max: 0x000c8000, ABSOLUTE)

    Execution Region ER$$.ARM.__AT_0x68000000 (Base: 0x68000000, Size: 0x000c8000, Max: 0x000c8000, ABSOLUTE, UNINIT)

    Base Addr    Size         Type   Attr      Idx    E Section Name        Object

    0x68000000   0x000c8000   Zero   RW          506    .ARM.__AT_0x68000000  malloc.o



  Load Region LR$$.ARM.__AT_0x680C8000 (Base: 0x680c8000, Size: 0x00000000, Max: 0x0000c800, ABSOLUTE)

    Execution Region ER$$.ARM.__AT_0x680C8000 (Base: 0x680c8000, Size: 0x0000c800, Max: 0x0000c800, ABSOLUTE, UNINIT)

    Base Addr    Size         Type   Attr      Idx    E Section Name        Object

    0x680c8000   0x0000c800   Zero   RW          507    .ARM.__AT_0x680C8000  malloc.o


==============================================================================

Image component sizes


      Code (inc. data)   RO Data    RW Data    ZI Data      Debug   Object Name

       732         28          0         16          0       2358   ad.o
       132         12          0          0          0       1115   bsp.o
       456         42          0         16        760       3228   common.o
        52          0          0          0          0        320   cpu_a.o
       680         14        260          4         16      14159   cpu_core.o
       332         28          0          4          0       1737   delay.o
       656         42          0          4        626       2671   dma.o
      2372        264          0         64          0       3206   gagent_md5.o
        56          6          0          0          0        463   led.o
       598          0          0          0          0       3672   lib_ascii.o
      2502         32          0          4       1096      21652   lib_mem.o
       544          0          0          0          0        464   lib_mem_a.o
      2348          6        148          0          0      12986   lib_str.o
      3364        544          0         41       6096     338996   main.o
       556         18         24         28     908480       4448   malloc.o
       220         22          0          0          0       1777   misc.o
       252        166        164          0       5264      20810   os_cfg_app.o
      3588        294          0          0          0      11985   os_core.o
       152         32          0          0          0        376   os_cpu_a.o
       620         66          0          4          0       3657   os_cpu_c.o
       432        286        364          0          0       4677   os_dbg.o
      3624        110          0          0          0       7647   os_flag.o
      1092        146          0          0          0       2220   os_int.o
       568         20          0          0          0       2620   os_mem.o
       556         12          0          0          0       2683   os_msg.o
      2772        114          0          0          0       5342   os_mutex.o
       124          4          0          8          0       1680   os_prio.o
      2264         76          0          0          0       6020   os_q.o
      2096         70          0          0          0       6032   os_sem.o
      1592        180          0          0          0       2725   os_stat.o
      7092        270          0          0          0      13394   os_task.o
      1276         90          0          0          0       3177   os_tick.o
      1380         46          0          0          0       3117   os_time.o
      2072        140          0          0          0       6218   os_tmr.o
         0          0          0        200       1760      19309   os_var.o
      1144         62         24          2         10       4138   rtc.o
       752         28          0          0         18       2776   spi.o
        64         26        304          0       4608        776   startup_stm32f10x_hd.o
       196          8          0          0          0       3440   stm32f10x_bkp.o
       596          8          0          0          0       4306   stm32f10x_dma.o
      1468         34          0          0          0       8010   stm32f10x_flash.o
       860         38          0          0          0       5625   stm32f10x_gpio.o
        68         24          0          0          0     204103   stm32f10x_it.o
       204         14          0          0          0       1903   stm32f10x_pwr.o
       932         36          0         20          0       8772   stm32f10x_rcc.o
       328          4          0          0          0       2654   stm32f10x_rtc.o
       780         14          0          0          0       6502   stm32f10x_spi.o
      3610         88          0          0          0      22108   stm32f10x_tim.o
      1032         22          0          0          0       8344   stm32f10x_usart.o
         6          0          0          0          0        348   sys.o
       480         40          0         20          0       1663   system_stm32f10x.o
       552         32          0          4          0       1619   timer.o
      2056        128          0         33          0       8735   usart.o
       848         20          0          2       4096       4237   w25qxx.o

    ----------------------------------------------------------------------
     63136       3806       1322        480     932832     837000   Object Totals
         0          0         32          0          0          0   (incl. Generated)
         8          0          2          6          2          0   (incl. Padding)

    ----------------------------------------------------------------------

      Code (inc. data)   RO Data    RW Data    ZI Data      Debug   Library Member Name

       628         26          0          8       1024     207052   iap.o
        90          0          0          0          0          0   __dczerorl2.o
         8          0          0          0          0         68   __main.o
       284          0          0          0          0        156   __printf_wp.o
         0          0          0          0          0          0   __rtentry.o
        12          0          0          0          0          0   __rtentry2.o
         6          0          0          0          0          0   __rtentry4.o
        52          8          0          0          0          0   __scatter.o
        28          0          0          0          0          0   __scatter_zi.o
        48          6          0          0          0         96   _printf_char_common.o
        36          4          0          0          0         80   _printf_char_file.o
         6          0          0          0          0          0   _printf_d.o
       120         16          0          0          0         92   _printf_dec.o
       178          0          0          0          0         88   _printf_intcommon.o
         0          0          0          0          0          0   _printf_percent.o
         4          0          0          0          0          0   _printf_percent_end.o
        10          0          0          0          0         68   _sputc.o
        16          0          0          0          0         68   aeabi_memset.o
        12          0          0          0          0         72   exit.o
         8          0          0          0          0         68   ferror.o
         6          0          0          0          0        152   heapauxi.o
         2          0          0          0          0          0   libinit.o
         2          0          0          0          0          0   libinit2.o
         2          0          0          0          0          0   libshutdown.o
         2          0          0          0          0          0   libshutdown2.o
         8          4          0          0         96         68   libspace.o
       238          0          0          0          0        100   lludivv7m.o
        88          0          0          0          0         76   memcmp.o
        24          4          0          0          0         84   noretval__2printf.o
        40          6          0          0          0         84   noretval__2sprintf.o
        68          0          0          0          0         68   rt_memclr.o
        78          0          0          0          0         80   rt_memclr_w.o
       138          0          0          0          0         68   rt_memcpy_v6.o
       100          0          0          0          0         80   rt_memcpy_w.o
         2          0          0          0          0          0   rtexit.o
        10          0          0          0          0          0   rtexit2.o
       150          0          0          0          0         80   strncmp.o
        36          0          0          0          0         80   strstr.o
        74          0          0          0          0         80   sys_stackheap_outer.o
         2          0          0          0          0         68   use_no_semi.o
         2          0          0          0          0         68   use_no_semi_2.o
        98          4          0          0          0         92   d2f.o
       804         16          0          0          0        272   daddsub_clz.o
        90          4          0          0          0         92   dfixu.o
       340         12          0          0          0        104   dmul.o
       156          4          0          0          0         92   dnaninf.o
        12          0          0          0          0         68   dretinf.o
        86          4          0          0          0         84   f2d.o
       450          8          0          0          0        236   faddsub_clz.o
        24          0          0          0          0         68   fcmpi.o
       388         76          0          0          0         96   fdiv.o
        62          4          0          0          0         84   ffixu.o
        86          0          0          0          0        136   fflt_clz.o
       104          4          0          0          0         84   fleqf.o
       258          4          0          0          0         84   fmul.o
       140          4          0          0          0         84   fnaninf.o
        10          0          0          0          0         68   fretinf.o
        98          0          0          0          0         68   frleqf.o
         0          0          0          0          0          0   usenofp.o

    ----------------------------------------------------------------------
      5846        218          0          8       1120     210956   Library Totals
        22          0          0          0          0          0   (incl. Padding)

    ----------------------------------------------------------------------

      Code (inc. data)   RO Data    RW Data    ZI Data      Debug   Library Name

       628         26          0          8       1024     207052   IAP.lib
      1990         48          0          0         96       2092   c_w.l
      3206        144          0          0          0       1812   fz_ws.l

    ----------------------------------------------------------------------
      5846        218          0          8       1120     210956   Library Totals

    ----------------------------------------------------------------------

==============================================================================


      Code (inc. data)   RO Data    RW Data    ZI Data      Debug   

     68982       4024       1322        488     933952    1040412   Grand Totals
     68982       4024       1322         68     933952    1040412   ELF Image Totals (compressed)
     68982       4024       1322         68          0          0   ROM Totals

==============================================================================

    Total RO  Size (Code + RO Data)                70304 (  68.66kB)
    Total RW  Size (RW Data + ZI Data)            934440 ( 912.54kB)
    Total ROM Size (Code + RO Data + RW Data)      70372 (  68.72kB)

==============================================================================

