Component: ARM Compiler 5.05 update 1 (build 106) Tool: armlink [4d0efa]

==============================================================================

Section Cross References

    main.o(.text) refers to usart.o(.text) for UART1_ReportOtaPackageSta
    main.o(.text) refers to iap.o(.text) for iap_write_appbin
    main.o(.text) refers to os_time.o(.text) for OSTimeDlyHMSM
    main.o(.text) refers to strstr.o(.text) for strstr
    main.o(.text) refers to rt_memcpy_v6.o(.text) for __aeabi_memcpy
    main.o(.text) refers to gagent_md5.o(.text) for GAgent_MD5Init
    main.o(.text) refers to memcmp.o(.text) for memcmp
    main.o(.text) refers to rt_memclr_w.o(.text) for __aeabi_memclr4
    main.o(.text) refers to w25qxx.o(.text) for W25QXX_ReadID
    main.o(.text) refers to ad.o(.text) for SPI_Read
    main.o(.text) refers to cpu_core.o(.text) for CPU_Init
    main.o(.text) refers to os_stat.o(.text) for OSStatTaskCPUUsageInit
    main.o(.text) refers to os_core.o(.text) for OSSchedRoundRobinCfg
    main.o(.text) refers to stm32f10x_rcc.o(.text) for RCC_AHBPeriphClockCmd
    main.o(.text) refers to cpu_a.o(.text) for CPU_SR_Save
    main.o(.text) refers to os_task.o(.text) for OSTaskCreate
    main.o(.text) refers to main.o(.data) for USART_RX_STA_BAK
    main.o(.text) refers to usart.o(.data) for USART_RX_BUF_BAK
    main.o(.text) refers to main.o(.bss) for recv_pack
    main.o(.text) refers to os_var.o(.data) for OSSchedLockNestingCtr
    main.o(.text) refers to delay.o(.text) for delay_init
    main.o(.text) refers to misc.o(.text) for NVIC_PriorityGroupConfig
    main.o(.text) refers to led.o(.text) for LED_Init
    main.o(.text) refers to malloc.o(.text) for my_mem_init
    system_stm32f10x.o(.text) refers to system_stm32f10x.o(.data) for SystemCoreClock
    gagent_md5.o(.text) refers to rt_memcpy_v6.o(.text) for __aeabi_memcpy
    gagent_md5.o(.text) refers to gagent_md5.o(.data) for PADDING
    led.o(.text) refers to stm32f10x_rcc.o(.text) for RCC_APB2PeriphClockCmd
    led.o(.text) refers to stm32f10x_gpio.o(.text) for GPIO_Init
    dma.o(.text) refers to stm32f10x_rcc.o(.text) for RCC_AHBPeriphClockCmd
    dma.o(.text) refers to stm32f10x_dma.o(.text) for DMA_DeInit
    dma.o(.text) refers to stm32f10x_usart.o(.text) for USART_DMACmd
    dma.o(.text) refers to misc.o(.text) for NVIC_Init
    dma.o(.text) refers to rt_memcpy_v6.o(.text) for __aeabi_memcpy
    dma.o(.text) refers to dma.o(.bss) for DMA_InitStructure
    dma.o(.text) refers to usart.o(.data) for USART_RX_STA
    dma.o(.text) refers to dma.o(.data) for U1_DMA_SEND_FREE_FLAG
    timer.o(.text) refers to stm32f10x_rcc.o(.text) for RCC_APB1PeriphClockCmd
    timer.o(.text) refers to stm32f10x_tim.o(.text) for TIM_TimeBaseInit
    timer.o(.text) refers to misc.o(.text) for NVIC_Init
    timer.o(.text) refers to os_core.o(.text) for OSIntEnter
    timer.o(.text) refers to stm32f10x_dma.o(.text) for DMA_Cmd
    timer.o(.text) refers to rt_memcpy_v6.o(.text) for __aeabi_memcpy
    timer.o(.text) refers to usart.o(.data) for g_after_rx_intr
    timer.o(.text) refers to dma.o(.bss) for U1_DMA_R_BUF
    spi.o(.text) refers to stm32f10x_spi.o(.text) for SPI_I2S_GetFlagStatus
    spi.o(.text) refers to stm32f10x_rcc.o(.text) for RCC_APB2PeriphClockCmd
    spi.o(.text) refers to stm32f10x_gpio.o(.text) for GPIO_Init
    spi.o(.text) refers to spi.o(.bss) for SPI3_InitStructure
    mcp3204.o(.text) refers to stm32f10x_gpio.o(.text) for GPIO_Init
    mcp3204.o(.text) refers to spi.o(.text) for SPI3_Init
    w25qxx.o(.text) refers to spi.o(.text) for SPI1_ReadWriteByte
    w25qxx.o(.text) refers to stm32f10x_rcc.o(.text) for RCC_APB2PeriphClockCmd
    w25qxx.o(.text) refers to stm32f10x_gpio.o(.text) for GPIO_Init
    w25qxx.o(.text) refers to delay.o(.text) for delay_us
    w25qxx.o(.text) refers to w25qxx.o(.data) for W25QXX_TYPE
    w25qxx.o(.text) refers to w25qxx.o(.bss) for W25QXX_BUFFER
    ad.o(.text) refers to stm32f10x_gpio.o(.text) for GPIO_SetBits
    ad.o(.text) refers to fflt_clz.o(x$fpl$ffltu) for __aeabi_ui2f
    ad.o(.text) refers to fmul.o(x$fpl$fmul) for __aeabi_fmul
    ad.o(.text) refers to fdiv.o(x$fpl$fdiv) for __aeabi_fdiv
    ad.o(.text) refers to f2d.o(x$fpl$f2d) for __aeabi_f2d
    ad.o(.text) refers to daddsub_clz.o(x$fpl$dadd) for __aeabi_dadd
    ad.o(.text) refers to dfixu.o(x$fpl$dfixu) for __aeabi_d2uiz
    ad.o(.text) refers to stm32f10x_rcc.o(.text) for RCC_APB2PeriphClockCmd
    ad.o(.text) refers to ad.o(.data) for Analog_Data_Buf
    delay.o(.text) refers to os_core.o(.text) for OSSchedLock
    delay.o(.text) refers to os_time.o(.text) for OSTimeDly
    delay.o(.text) refers to misc.o(.text) for SysTick_CLKSourceConfig
    delay.o(.text) refers to os_var.o(.data) for OSRunning
    delay.o(.text) refers to system_stm32f10x.o(.data) for SystemCoreClock
    delay.o(.text) refers to delay.o(.data) for fac_us
[...]
    TIM_SelectMasterSlaveMode                0x0801cbbf   Thumb Code    18  stm32f10x_tim.o(.text)
    TIM_SetCounter                           0x0801cbd1   Thumb Code     4  stm32f10x_tim.o(.text)
    TIM_SetAutoreload                        0x0801cbd5   Thumb Code     4  stm32f10x_tim.o(.text)
    TIM_SetCompare1                          0x0801cbd9   Thumb Code     4  stm32f10x_tim.o(.text)
    TIM_SetCompare2                          0x0801cbdd   Thumb Code     4  stm32f10x_tim.o(.text)
    TIM_SetCompare3                          0x0801cbe1   Thumb Code     4  stm32f10x_tim.o(.text)
    TIM_SetCompare4                          0x0801cbe5   Thumb Code     6  stm32f10x_tim.o(.text)
    TIM_SetClockDivision                     0x0801cbeb   Thumb Code    18  stm32f10x_tim.o(.text)
    TIM_GetCapture1                          0x0801cbfd   Thumb Code     6  stm32f10x_tim.o(.text)
    TIM_GetCapture2                          0x0801cc03   Thumb Code     6  stm32f10x_tim.o(.text)
    TIM_GetCapture3                          0x0801cc09   Thumb Code     6  stm32f10x_tim.o(.text)
    TIM_GetCapture4                          0x0801cc0f   Thumb Code     8  stm32f10x_tim.o(.text)
    TIM_GetCounter                           0x0801cc17   Thumb Code     6  stm32f10x_tim.o(.text)
    TIM_GetPrescaler                         0x0801cc1d   Thumb Code     6  stm32f10x_tim.o(.text)
    TIM_GetFlagStatus                        0x0801cc23   Thumb Code    18  stm32f10x_tim.o(.text)
    TIM_ClearFlag                            0x0801cc35   Thumb Code     6  stm32f10x_tim.o(.text)
    TIM_GetITStatus                          0x0801cc3b   Thumb Code    34  stm32f10x_tim.o(.text)
    TIM_ClearITPendingBit                    0x0801cc5d   Thumb Code     6  stm32f10x_tim.o(.text)
    USART_DeInit                             0x0801cc65   Thumb Code   134  stm32f10x_usart.o(.text)
    USART_Init                               0x0801cceb   Thumb Code   210  stm32f10x_usart.o(.text)
    USART_StructInit                         0x0801cdbd   Thumb Code    24  stm32f10x_usart.o(.text)
    USART_ClockInit                          0x0801cdd5   Thumb Code    34  stm32f10x_usart.o(.text)
    USART_ClockStructInit                    0x0801cdf7   Thumb Code    12  stm32f10x_usart.o(.text)
    USART_Cmd                                0x0801ce03   Thumb Code    24  stm32f10x_usart.o(.text)
    USART_ITConfig                           0x0801ce1b   Thumb Code    74  stm32f10x_usart.o(.text)
    USART_DMACmd                             0x0801ce65   Thumb Code    18  stm32f10x_usart.o(.text)
    USART_SetAddress                         0x0801ce77   Thumb Code    18  stm32f10x_usart.o(.text)
    USART_WakeUpConfig                       0x0801ce89   Thumb Code    18  stm32f10x_usart.o(.text)
    USART_ReceiverWakeUpCmd                  0x0801ce9b   Thumb Code    24  stm32f10x_usart.o(.text)
    USART_LINBreakDetectLengthConfig         0x0801ceb3   Thumb Code    18  stm32f10x_usart.o(.text)
    USART_LINCmd                             0x0801cec5   Thumb Code    24  stm32f10x_usart.o(.text)
    USART_SendData                           0x0801cedd   Thumb Code     8  stm32f10x_usart.o(.text)
    USART_ReceiveData                        0x0801cee5   Thumb Code    10  stm32f10x_usart.o(.text)
    USART_SendBreak                          0x0801ceef   Thumb Code    10  stm32f10x_usart.o(.text)
    USART_SetGuardTime                       0x0801cef9   Thumb Code    16  stm32f10x_usart.o(.text)
    USART_SetPrescaler                       0x0801cf09   Thumb Code    16  stm32f10x_usart.o(.text)
    USART_SmartCardCmd                       0x0801cf19   Thumb Code    24  stm32f10x_usart.o(.text)
    USART_SmartCardNACKCmd                   0x0801cf31   Thumb Code    24  stm32f10x_usart.o(.text)
    USART_HalfDuplexCmd                      0x0801cf49   Thumb Code    24  stm32f10x_usart.o(.text)
    USART_OverSampling8Cmd                   0x0801cf61   Thumb Code    22  stm32f10x_usart.o(.text)
    USART_OneBitMethodCmd                    0x0801cf77   Thumb Code    24  stm32f10x_usart.o(.text)
    USART_IrDAConfig                         0x0801cf8f   Thumb Code    18  stm32f10x_usart.o(.text)
    USART_IrDACmd                            0x0801cfa1   Thumb Code    24  stm32f10x_usart.o(.text)
    USART_GetFlagStatus                      0x0801cfb9   Thumb Code    26  stm32f10x_usart.o(.text)
    USART_ClearFlag                          0x0801cfd3   Thumb Code    18  stm32f10x_usart.o(.text)
    USART_GetITStatus                        0x0801cfe5   Thumb Code    84  stm32f10x_usart.o(.text)
    USART_ClearITPendingBit                  0x0801d039   Thumb Code    52  stm32f10x_usart.o(.text)
    DMA_DeInit                               0x0801d06d   Thumb Code   324  stm32f10x_dma.o(.text)
    DMA_Init                                 0x0801d1b1   Thumb Code    60  stm32f10x_dma.o(.text)
    DMA_StructInit                           0x0801d1ed   Thumb Code    26  stm32f10x_dma.o(.text)
    DMA_Cmd                                  0x0801d207   Thumb Code    24  stm32f10x_dma.o(.text)
    DMA_ITConfig                             0x0801d21f   Thumb Code    18  stm32f10x_dma.o(.text)
    DMA_SetCurrDataCounter                   0x0801d231   Thumb Code     4  stm32f10x_dma.o(.text)
    DMA_GetCurrDataCounter                   0x0801d235   Thumb Code     8  stm32f10x_dma.o(.text)
    DMA_GetFlagStatus                        0x0801d23d   Thumb Code    40  stm32f10x_dma.o(.text)
    DMA_ClearFlag                            0x0801d265   Thumb Code    22  stm32f10x_dma.o(.text)
    DMA_GetITStatus                          0x0801d27b   Thumb Code    40  stm32f10x_dma.o(.text)
    DMA_ClearITPendingBit                    0x0801d2a3   Thumb Code    22  stm32f10x_dma.o(.text)
    FLASH_SetLatency                         0x0801d2c1   Thumb Code    18  stm32f10x_flash.o(.text)
    FLASH_HalfCycleAccessCmd                 0x0801d2d3   Thumb Code    22  stm32f10x_flash.o(.text)
    FLASH_PrefetchBufferCmd                  0x0801d2e9   Thumb Code    22  stm32f10x_flash.o(.text)
    FLASH_Unlock                             0x0801d2ff   Thumb Code    12  stm32f10x_flash.o(.text)
    FLASH_UnlockBank1                        0x0801d30b   Thumb Code    12  stm32f10x_flash.o(.text)
    FLASH_Lock                               0x0801d317   Thumb Code    14  stm32f10x_flash.o(.text)
    FLASH_LockBank1                          0x0801d325   Thumb Code    14  stm32f10x_flash.o(.text)
    FLASH_GetBank1Status                     0x0801d333   Thumb Code    48  stm32f10x_flash.o(.text)
    FLASH_WaitForLastOperation               0x0801d363   Thumb Code    38  stm32f10x_flash.o(.text)
    FLASH_ErasePage                          0x0801d389   Thumb Code    72  stm32f10x_flash.o(.text)
    FLASH_EraseAllPages                      0x0801d3d1   Thumb Code    68  stm32f10x_flash.o(.text)
    FLASH_WaitForLastBank1Operation          0x0801d415   Thumb Code    38  stm32f10x_flash.o(.text)
    FLASH_EraseAllBank1Pages                 0x0801d43b   Thumb Code    68  stm32f10x_flash.o(.text)
    FLASH_GetReadOutProtectionStatus         0x0801d47f   Thumb Code    20  stm32f10x_flash.o(.text)
    FLASH_EraseOptionBytes                   0x0801d493   Thumb Code   150  stm32f10x_flash.o(.text)
    FLASH_ProgramWord                        0x0801d529   Thumb Code   102  stm32f10x_flash.o(.text)
    FLASH_ProgramHalfWord                    0x0801d58f   Thumb Code    60  stm32f10x_flash.o(.text)
    FLASH_ProgramOptionByteData              0x0801d5cb   Thumb Code    72  stm32f10x_flash.o(.text)
    FLASH_EnableWriteProtection              0x0801d613   Thumb Code   200  stm32f10x_flash.o(.text)
    FLASH_ReadOutProtection                  0x0801d6db   Thumb Code   156  stm32f10x_flash.o(.text)
    FLASH_UserOptionByteConfig               0x0801d777   Thumb Code    88  stm32f10x_flash.o(.text)
    FLASH_GetUserOptionByte                  0x0801d7cf   Thumb Code     8  stm32f10x_flash.o(.text)
    FLASH_GetWriteProtectionOptionByte       0x0801d7d7   Thumb Code     6  stm32f10x_flash.o(.text)
    FLASH_GetPrefetchBufferStatus            0x0801d7dd   Thumb Code    20  stm32f10x_flash.o(.text)
    FLASH_ITConfig                           0x0801d7f1   Thumb Code    26  stm32f10x_flash.o(.text)
    FLASH_GetFlagStatus                      0x0801d80b   Thumb Code    42  stm32f10x_flash.o(.text)
    FLASH_ClearFlag                          0x0801d835   Thumb Code     6  stm32f10x_flash.o(.text)
    FLASH_GetStatus                          0x0801d83b   Thumb Code    48  stm32f10x_flash.o(.text)
    RCC_DeInit                               0x0801d87d   Thumb Code    64  stm32f10x_rcc.o(.text)
    RCC_HSEConfig                            0x0801d8bd   Thumb Code    70  stm32f10x_rcc.o(.text)
    RCC_GetFlagStatus                        0x0801d903   Thumb Code    56  stm32f10x_rcc.o(.text)
    RCC_WaitForHSEStartUp                    0x0801d93b   Thumb Code    56  stm32f10x_rcc.o(.text)
    RCC_AdjustHSICalibrationValue            0x0801d973   Thumb Code    20  stm32f10x_rcc.o(.text)
    RCC_HSICmd                               0x0801d987   Thumb Code     6  stm32f10x_rcc.o(.text)
    RCC_PLLConfig                            0x0801d98d   Thumb Code    24  stm32f10x_rcc.o(.text)
    RCC_PLLCmd                               0x0801d9a5   Thumb Code     6  stm32f10x_rcc.o(.text)
    RCC_SYSCLKConfig                         0x0801d9ab   Thumb Code    18  stm32f10x_rcc.o(.text)
    RCC_GetSYSCLKSource                      0x0801d9bd   Thumb Code    10  stm32f10x_rcc.o(.text)
    RCC_HCLKConfig                           0x0801d9c7   Thumb Code    18  stm32f10x_rcc.o(.text)
    RCC_PCLK1Config                          0x0801d9d9   Thumb Code    18  stm32f10x_rcc.o(.text)
    RCC_PCLK2Config                          0x0801d9eb   Thumb Code    20  stm32f10x_rcc.o(.text)
    RCC_ITConfig                             0x0801d9ff   Thumb Code    26  stm32f10x_rcc.o(.text)
    RCC_USBCLKConfig                         0x0801da19   Thumb Code     8  stm32f10x_rcc.o(.text)
    RCC_ADCCLKConfig                         0x0801da21   Thumb Code    18  stm32f10x_rcc.o(.text)
    RCC_LSEConfig                            0x0801da33   Thumb Code    50  stm32f10x_rcc.o(.text)
    RCC_LSICmd                               0x0801da65   Thumb Code     6  stm32f10x_rcc.o(.text)
    RCC_RTCCLKConfig                         0x0801da6b   Thumb Code    12  stm32f10x_rcc.o(.text)
    RCC_RTCCLKCmd                            0x0801da77   Thumb Code     8  stm32f10x_rcc.o(.text)
    RCC_GetClocksFreq                        0x0801da7f   Thumb Code   192  stm32f10x_rcc.o(.text)
    RCC_AHBPeriphClockCmd                    0x0801db3f   Thumb Code    26  stm32f10x_rcc.o(.text)
    RCC_APB2PeriphClockCmd                   0x0801db59   Thumb Code    26  stm32f10x_rcc.o(.text)
    RCC_APB1PeriphClockCmd                   0x0801db73   Thumb Code    26  stm32f10x_rcc.o(.text)
    RCC_APB2PeriphResetCmd                   0x0801db8d   Thumb Code    26  stm32f10x_rcc.o(.text)
    RCC_APB1PeriphResetCmd                   0x0801dba7   Thumb Code    26  stm32f10x_rcc.o(.text)
    RCC_BackupResetCmd                       0x0801dbc1   Thumb Code     8  stm32f10x_rcc.o(.text)
    RCC_ClockSecuritySystemCmd               0x0801dbc9   Thumb Code     6  stm32f10x_rcc.o(.text)
    RCC_MCOConfig                            0x0801dbcf   Thumb Code     6  stm32f10x_rcc.o(.text)
    RCC_ClearFlag                            0x0801dbd5   Thumb Code    14  stm32f10x_rcc.o(.text)
    RCC_GetITStatus                          0x0801dbe3   Thumb Code    20  stm32f10x_rcc.o(.text)
    RCC_ClearITPendingBit                    0x0801dbf7   Thumb Code     6  stm32f10x_rcc.o(.text)
    NVIC_PriorityGroupConfig                 0x0801dc21   Thumb Code    10  misc.o(.text)
    NVIC_Init                                0x0801dc2b   Thumb Code   100  misc.o(.text)
    NVIC_SetVectorTable                      0x0801dc8f   Thumb Code    14  misc.o(.text)
    NVIC_SystemLPConfig                      0x0801dc9d   Thumb Code    34  misc.o(.text)
    SysTick_CLKSourceConfig                  0x0801dcbf   Thumb Code    40  misc.o(.text)
    SPI_I2S_DeInit                           0x0801dcfd   Thumb Code    76  stm32f10x_spi.o(.text)
    SPI_Init                                 0x0801dd49   Thumb Code    60  stm32f10x_spi.o(.text)
    I2S_Init                                 0x0801dd85   Thumb Code   226  stm32f10x_spi.o(.text)
    SPI_StructInit                           0x0801de67   Thumb Code    24  stm32f10x_spi.o(.text)
    I2S_StructInit                           0x0801de7f   Thumb Code    20  stm32f10x_spi.o(.text)
    SPI_Cmd                                  0x0801de93   Thumb Code    24  stm32f10x_spi.o(.text)
    I2S_Cmd                                  0x0801deab   Thumb Code    24  stm32f10x_spi.o(.text)
    SPI_I2S_ITConfig                         0x0801dec3   Thumb Code    32  stm32f10x_spi.o(.text)
    SPI_I2S_DMACmd                           0x0801dee3   Thumb Code    18  stm32f10x_spi.o(.text)
    SPI_I2S_SendData                         0x0801def5   Thumb Code     4  stm32f10x_spi.o(.text)
    SPI_I2S_ReceiveData                      0x0801def9   Thumb Code     6  stm32f10x_spi.o(.text)
    SPI_NSSInternalSoftwareConfig            0x0801deff   Thumb Code    30  stm32f10x_spi.o(.text)
    SPI_SSOutputCmd                          0x0801df1d   Thumb Code    24  stm32f10x_spi.o(.text)
    SPI_DataSizeConfig                       0x0801df35   Thumb Code    18  stm32f10x_spi.o(.text)
    SPI_TransmitCRC                          0x0801df47   Thumb Code    10  stm32f10x_spi.o(.text)
    SPI_CalculateCRC                         0x0801df51   Thumb Code    24  stm32f10x_spi.o(.text)
    SPI_GetCRC                               0x0801df69   Thumb Code    16  stm32f10x_spi.o(.text)
    SPI_GetCRCPolynomial                     0x0801df79   Thumb Code     6  stm32f10x_spi.o(.text)
    SPI_BiDirectionalLineConfig              0x0801df7f   Thumb Code    28  stm32f10x_spi.o(.text)
    SPI_I2S_GetFlagStatus                    0x0801df9b   Thumb Code    18  stm32f10x_spi.o(.text)
    SPI_I2S_ClearFlag                        0x0801dfad   Thumb Code     6  stm32f10x_spi.o(.text)
    SPI_I2S_GetITStatus                      0x0801dfb3   Thumb Code    52  stm32f10x_spi.o(.text)
    SPI_I2S_ClearITPendingBit                0x0801dfe7   Thumb Code    20  stm32f10x_spi.o(.text)
    BSP_CPU_ClkFreq                          0x0801e009   Thumb Code    16  bsp.o(.text)
    CPU_TS_TmrInit                           0x0801e019   Thumb Code    44  bsp.o(.text)
    CPU_TS_TmrRd                             0x0801e045   Thumb Code     6  bsp.o(.text)
    CPU_TS32_to_uSec                         0x0801e04b   Thumb Code    54  bsp.o(.text)
    CPU_NameClr                              0x0801e08d   Thumb Code    42  cpu_core.o(.text)
    CPU_Init                                 0x0801e0cd   Thumb Code    12  cpu_core.o(.text)
    CPU_SW_Exception                         0x0801e0d9   Thumb Code     4  cpu_core.o(.text)
    CPU_NameGet                              0x0801e0dd   Thumb Code    70  cpu_core.o(.text)
    CPU_NameSet                              0x0801e123   Thumb Code    96  cpu_core.o(.text)
    CPU_TS_Get32                             0x0801e183   Thumb Code    12  cpu_core.o(.text)
    CPU_TS_Update                            0x0801e18f   Thumb Code     2  cpu_core.o(.text)
    CPU_TS_TmrFreqGet                        0x0801e191   Thumb Code    30  cpu_core.o(.text)
    CPU_TS_TmrFreqSet                        0x0801e1af   Thumb Code     6  cpu_core.o(.text)
    CPU_CntLeadZeros08                       0x0801e1b5   Thumb Code    18  cpu_core.o(.text)
    CPU_CntLeadZeros16                       0x0801e1c7   Thumb Code    18  cpu_core.o(.text)
    CPU_CntLeadZeros32                       0x0801e1d9   Thumb Code    18  cpu_core.o(.text)
    CPU_CntLeadZeros64                       0x0801e1eb   Thumb Code   188  cpu_core.o(.text)
    CPU_CntTrailZeros08                      0x0801e2a7   Thumb Code    22  cpu_core.o(.text)
    CPU_CntTrailZeros16                      0x0801e2bd   Thumb Code    22  cpu_core.o(.text)
    CPU_CntTrailZeros32                      0x0801e2d3   Thumb Code    22  cpu_core.o(.text)
    CPU_CntTrailZeros64                      0x0801e2e9   Thumb Code    62  cpu_core.o(.text)
    CPU_IntDis                               0x0801e335   Thumb Code     0  cpu_a.o(.text)
    CPU_IntEn                                0x0801e339   Thumb Code     0  cpu_a.o(.text)
    CPU_SR_Save                              0x0801e33d   Thumb Code     0  cpu_a.o(.text)
    CPU_SR_Restore                           0x0801e345   Thumb Code     0  cpu_a.o(.text)
    CPU_WaitForInt                           0x0801e34b   Thumb Code     0  cpu_a.o(.text)
    CPU_WaitForExcept                        0x0801e34f   Thumb Code     0  cpu_a.o(.text)
    CPU_CntLeadZeros                         0x0801e353   Thumb Code     0  cpu_a.o(.text)
    CPU_CntTrailZeros                        0x0801e359   Thumb Code     0  cpu_a.o(.text)
    CPU_RevBits                              0x0801e363   Thumb Code     0  cpu_a.o(.text)
    ASCII_IsAlpha                            0x0801e369   Thumb Code    48  lib_ascii.o(.text)
    ASCII_IsAlphaNum                         0x0801e399   Thumb Code    76  lib_ascii.o(.text)
    ASCII_IsLower                            0x0801e3e5   Thumb Code    20  lib_ascii.o(.text)
    ASCII_IsUpper                            0x0801e3f9   Thumb Code    20  lib_ascii.o(.text)
    ASCII_IsDig                              0x0801e40d   Thumb Code    20  lib_ascii.o(.text)
    ASCII_IsDigOct                           0x0801e421   Thumb Code    20  lib_ascii.o(.text)
    ASCII_IsDigHex                           0x0801e435   Thumb Code    36  lib_ascii.o(.text)
    ASCII_IsBlank                            0x0801e459   Thumb Code    20  lib_ascii.o(.text)
    ASCII_IsSpace                            0x0801e46d   Thumb Code    36  lib_ascii.o(.text)
    ASCII_IsPrint                            0x0801e491   Thumb Code    20  lib_ascii.o(.text)
    ASCII_IsGraph                            0x0801e4a5   Thumb Code    20  lib_ascii.o(.text)
    ASCII_IsPunct                            0x0801e4b9   Thumb Code   134  lib_ascii.o(.text)
    ASCII_IsCtrl                             0x0801e53f   Thumb Code    26  lib_ascii.o(.text)
    ASCII_ToLower                            0x0801e559   Thumb Code    32  lib_ascii.o(.text)
    ASCII_ToUpper                            0x0801e579   Thumb Code    32  lib_ascii.o(.text)
    ASCII_Cmp                                0x0801e599   Thumb Code    38  lib_ascii.o(.text)
    Mem_Init                                 0x0801e5c1   Thumb Code    54  lib_mem.o(.text)
    Mem_Set                                  0x0801e5f7   Thumb Code    84  lib_mem.o(.text)
    Mem_Clr                                  0x0801e64b   Thumb Code    18  lib_mem.o(.text)
    Mem_Move                                 0x0801e65d   Thumb Code   186  lib_mem.o(.text)
    Mem_Cmp                                  0x0801e717   Thumb Code   192  lib_mem.o(.text)
    Mem_HeapAlloc                            0x0801e84f   Thumb Code   168  lib_mem.o(.text)
    Mem_SegGetSizeRem                        0x0801e8f7   Thumb Code   108  lib_mem.o(.text)
    Mem_HeapGetSizeRem                       0x0801e963   Thumb Code    22  lib_mem.o(.text)
    Mem_PoolClr                              0x0801e979   Thumb Code    80  lib_mem.o(.text)
    Mem_PoolCreate                           0x0801e9c9   Thumb Code   838  lib_mem.o(.text)
    Mem_PoolBlkGetNbrAvail                   0x0801ed0f   Thumb Code    52  lib_mem.o(.text)
    Mem_PoolBlkGet                           0x0801ed43   Thumb Code   126  lib_mem.o(.text)
    Mem_PoolBlkGetUsedAtIx                   0x0801edc1   Thumb Code   140  lib_mem.o(.text)
    Mem_PoolBlkFree                          0x0801ee4d   Thumb Code   152  lib_mem.o(.text)
    Mem_PoolBlkIxGet                         0x0801eee5   Thumb Code   162  lib_mem.o(.text)
    Str_Len_N                                0x0801ef89   Thumb Code    28  lib_str.o(.text)
    Str_Len                                  0x0801efa5   Thumb Code    20  lib_str.o(.text)
    Str_Copy_N                               0x0801efb9   Thumb Code    70  lib_str.o(.text)
    Str_Copy                                 0x0801efff   Thumb Code    24  lib_str.o(.text)
    Str_Cat_N                                0x0801f017   Thumb Code    90  lib_str.o(.text)
    Str_Cat                                  0x0801f071   Thumb Code    24  lib_str.o(.text)
    Str_Cmp_N                                0x0801f089   Thumb Code   156  lib_str.o(.text)
    Str_Cmp                                  0x0801f125   Thumb Code    24  lib_str.o(.text)
    Str_CmpIgnoreCase_N                      0x0801f13d   Thumb Code   264  lib_str.o(.text)
    Str_CmpIgnoreCase                        0x0801f245   Thumb Code    24  lib_str.o(.text)
    Str_Char_N                               0x0801f25d   Thumb Code    74  lib_str.o(.text)
    Str_Char                                 0x0801f2a7   Thumb Code    24  lib_str.o(.text)
    Str_Char_Last_N                          0x0801f2bf   Thumb Code    76  lib_str.o(.text)
    Str_Char_Last                            0x0801f30b   Thumb Code    24  lib_str.o(.text)
    Str_Char_Replace_N                       0x0801f323   Thumb Code    52  lib_str.o(.text)
    Str_Char_Replace                         0x0801f357   Thumb Code    28  lib_str.o(.text)
    Str_Str_N                                0x0801f373   Thumb Code   182  lib_str.o(.text)
    Str_Str                                  0x0801f429   Thumb Code    24  lib_str.o(.text)
    Str_FmtNbr_Int32U                        0x0801f61d   Thumb Code    46  lib_str.o(.text)
    Str_FmtNbr_Int32S                        0x0801f64b   Thumb Code    62  lib_str.o(.text)
    Str_ParseNbr_Int32U                      0x0801f847   Thumb Code    30  lib_str.o(.text)
    Str_ParseNbr_Int32S                      0x0801f865   Thumb Code    74  lib_str.o(.text)
    Mem_Copy                                 0x0801f8b5   Thumb Code     0  lib_mem_a.o(.text)
    OSCfg_Init                               0x0801fad5   Thumb Code    86  os_cfg_app.o(.text)
    OS_IdleTask                              0x0801fbd1   Thumb Code    60  os_core.o(.text)
    OS_IdleTaskInit                          0x0801fc0d   Thumb Code    68  os_core.o(.text)
    OS_RdyListInit                           0x0801fc51   Thumb Code    32  os_core.o(.text)
    OSInit                                   0x0801fc71   Thumb Code   300  os_core.o(.text)
    OSIntEnter                               0x0801fd9d   Thumb Code    34  os_core.o(.text)
    OSIntExit                                0x0801fdbf   Thumb Code   192  os_core.o(.text)
    OSSched                                  0x0801fe7f   Thumb Code   134  os_core.o(.text)
    OS_SchedLockTimeMeasStart                0x0801ff05   Thumb Code    20  os_core.o(.text)
    OSSchedLock                              0x0801ff19   Thumb Code   104  os_core.o(.text)
    OS_SchedLockTimeMeasStop                 0x0801ff81   Thumb Code    44  os_core.o(.text)
    OSSchedUnlock                            0x0801ffad   Thumb Code   290  os_core.o(.text)
    OSSchedRoundRobinCfg                     0x080200cf   Thumb Code    88  os_core.o(.text)
    OS_RdyListMoveHeadToTail                 0x08020127   Thumb Code    68  os_core.o(.text)
    OSSchedRoundRobinYield                   0x0802016b   Thumb Code   164  os_core.o(.text)
    OSStart                                  0x0802020f   Thumb Code    78  os_core.o(.text)
    OSVersion                                0x0802025d   Thumb Code    12  os_core.o(.text)
    OS_PendDbgNameAdd                        0x08020269   Thumb Code    66  os_core.o(.text)
    OS_PendListInsertPrio                    0x080202ab   Thumb Code   102  os_core.o(.text)
    OS_PendDataInit                          0x08020311   Thumb Code    38  os_core.o(.text)
    OS_RdyListRemove                         0x08020337   Thumb Code    86  os_core.o(.text)
    OS_TaskBlock                             0x0802038d   Thumb Code    56  os_core.o(.text)
    OS_Pend                                  0x080203c5   Thumb Code    98  os_core.o(.text)
    OS_PendListRemove1                       0x08020427   Thumb Code   134  os_core.o(.text)
    OS_PendListRemove                        0x080204ad   Thumb Code    48  os_core.o(.text)
    OS_PendAbort1                            0x080204dd   Thumb Code    36  os_core.o(.text)
    OS_RdyListInsertHead                     0x08020501   Thumb Code    58  os_core.o(.text)
    OS_RdyListInsertTail                     0x0802053b   Thumb Code    56  os_core.o(.text)
    OS_RdyListInsert                         0x08020573   Thumb Code    40  os_core.o(.text)
    OS_TaskRdy                               0x0802059b   Thumb Code    28  os_core.o(.text)
    OS_PendAbort                             0x080205b7   Thumb Code   166  os_core.o(.text)
    OS_PendDbgNameRemove                     0x0802065d   Thumb Code    34  os_core.o(.text)
    OS_PendListChangePrio                    0x0802067f   Thumb Code    70  os_core.o(.text)
    OS_PendListInit                          0x080206c5   Thumb Code    10  os_core.o(.text)
    OS_PendListInsertHead                    0x080206cf   Thumb Code    32  os_core.o(.text)
    OS_PendObjDel1                           0x080206ef   Thumb Code    36  os_core.o(.text)
    OS_PendObjDel                            0x08020713   Thumb Code   162  os_core.o(.text)
    OS_Post1                                 0x080207b5   Thumb Code    42  os_core.o(.text)
    OS_Post                                  0x080207df   Thumb Code   192  os_core.o(.text)
    OS_Sched0                                0x0802089f   Thumb Code   102  os_core.o(.text)
    OS_SchedRoundRobin                       0x08020905   Thumb Code   190  os_core.o(.text)
    OS_Dbg_Init                              0x080209d5   Thumb Code   146  os_dbg.o(.text)
    OS_FlagDbgListAdd                        0x08020b85   Thumb Code    38  os_flag.o(.text)
    OSFlagCreate                             0x08020bab   Thumb Code   172  os_flag.o(.text)
    OS_FlagClr                               0x08020c57   Thumb Code    28  os_flag.o(.text)
    OS_FlagDbgListRemove                     0x08020c73   Thumb Code    44  os_flag.o(.text)
    OSFlagDel                                0x08020c9f   Thumb Code   594  os_flag.o(.text)
    OS_FlagBlock                             0x08020ef1   Thumb Code    58  os_flag.o(.text)
    OSFlagPend                               0x08020f2b   Thumb Code  1488  os_flag.o(.text)
    OSFlagPendAbort                          0x080214fb   Thumb Code   292  os_flag.o(.text)
    OSFlagPendGetFlagsRdy                    0x0802161f   Thumb Code    68  os_flag.o(.text)
    OS_FlagTaskRdy                           0x08021663   Thumb Code    86  os_flag.o(.text)
    OS_FlagPost                              0x080216b9   Thumb Code   570  os_flag.o(.text)
    OSFlagPost                               0x080218f3   Thumb Code   146  os_flag.o(.text)
    OS_FlagInit                              0x08021985   Thumb Code    14  os_flag.o(.text)
    OS_IntQPost                              0x080219ad   Thumb Code   216  os_int.o(.text)
    OS_IntQRePost                            0x08021a85   Thumb Code   360  os_int.o(.text)
    OS_IntQTask                              0x08021bed   Thumb Code   162  os_int.o(.text)
    OS_IntQTaskInit                          0x08021c8f   Thumb Code   208  os_int.o(.text)
    OS_MemDbgListAdd                         0x08021df1   Thumb Code    34  os_mem.o(.text)
    OSMemCreate                              0x08021e13   Thumb Code   288  os_mem.o(.text)
    OSMemGet                                 0x08021f33   Thumb Code   100  os_mem.o(.text)
    OSMemPut                                 0x08021f97   Thumb Code   112  os_mem.o(.text)
    OS_MemInit                               0x08022007   Thumb Code    14  os_mem.o(.text)
    OS_MsgPoolCreate                         0x08022029   Thumb Code    54  os_msg.o(.text)
    OS_MsgPoolInit                           0x0802205f   Thumb Code    70  os_msg.o(.text)
    OS_MsgQFreeAll                           0x080220a5   Thumb Code    62  os_msg.o(.text)
    OS_MsgQInit                              0x080220e3   Thumb Code    14  os_msg.o(.text)
    OS_MsgQGet                               0x080220f1   Thumb Code    98  os_msg.o(.text)
    OS_MsgQPut                               0x08022153   Thumb Code   246  os_msg.o(.text)
    OS_MutexDbgListAdd                       0x08022255   Thumb Code    38  os_mutex.o(.text)
    OSMutexCreate                            0x0802227b   Thumb Code   178  os_mutex.o(.text)
    OS_MutexClr                              0x0802232d   Thumb Code    38  os_mutex.o(.text)
    OS_MutexDbgListRemove                    0x08022353   Thumb Code    44  os_mutex.o(.text)
    OSMutexDel                               0x0802237f   Thumb Code   842  os_mutex.o(.text)
    OSMutexPend                              0x080226c9   Thumb Code   706  os_mutex.o(.text)
    OSMutexPendAbort                         0x0802298b   Thumb Code   314  os_mutex.o(.text)
    OSMutexPost                              0x08022ac5   Thumb Code   564  os_mutex.o(.text)
    OS_MutexInit                             0x08022cf9   Thumb Code    14  os_mutex.o(.text)
    OS_PrioInit                              0x08022d29   Thumb Code    20  os_prio.o(.text)
    OS_PrioGetHighest                        0x08022d3d   Thumb Code    36  os_prio.o(.text)
    OS_PrioInsert                            0x08022d61   Thumb Code    32  os_prio.o(.text)
    OS_PrioRemove                            0x08022d81   Thumb Code    32  os_prio.o(.text)
    OS_QDbgListAdd                           0x08022da5   Thumb Code    38  os_q.o(.text)
    OSQCreate                                0x08022dcb   Thumb Code   186  os_q.o(.text)
    OS_QClr                                  0x08022e85   Thumb Code    40  os_q.o(.text)
    OS_QDbgListRemove                        0x08022ead   Thumb Code    44  os_q.o(.text)
    OSQDel                                   0x08022ed9   Thumb Code   362  os_q.o(.text)
    OSQFlush                                 0x08023043   Thumb Code   210  os_q.o(.text)
    OSQPend                                  0x08023115   Thumb Code   538  os_q.o(.text)
    OSQPendAbort                             0x0802332f   Thumb Code   292  os_q.o(.text)
    OS_QPost                                 0x08023453   Thumb Code   324  os_q.o(.text)
    OSQPost                                  0x08023597   Thumb Code   198  os_q.o(.text)
    OS_QInit                                 0x0802365d   Thumb Code    14  os_q.o(.text)
    OS_SemDbgListAdd                         0x0802367d   Thumb Code    38  os_sem.o(.text)
    OSSemCreate                              0x080236a3   Thumb Code   172  os_sem.o(.text)
    OS_SemClr                                0x0802374f   Thumb Code    28  os_sem.o(.text)
    OS_SemDbgListRemove                      0x0802376b   Thumb Code    44  os_sem.o(.text)
    OSSemDel                                 0x08023797   Thumb Code   362  os_sem.o(.text)
    OSSemPend                                0x08023901   Thumb Code   504  os_sem.o(.text)
    OSSemPendAbort                           0x08023af9   Thumb Code   292  os_sem.o(.text)
    OS_SemPost                               0x08023c1d   Thumb Code   350  os_sem.o(.text)
    OSSemPost                                0x08023d7b   Thumb Code   144  os_sem.o(.text)
    OSSemSet                                 0x08023e0b   Thumb Code   138  os_sem.o(.text)
    OS_SemInit                               0x08023e95   Thumb Code    14  os_sem.o(.text)
    OSStatReset                              0x08023ead   Thumb Code   270  os_stat.o(.text)
    OSStatTaskCPUUsageInit                   0x08023fbb   Thumb Code   212  os_stat.o(.text)
    OS_StatTask                              0x0802408f   Thumb Code   888  os_stat.o(.text)
    OS_StatTaskInit                          0x08024407   Thumb Code   138  os_stat.o(.text)
    OSTaskChangePrio                         0x080244e5   Thumb Code   416  os_task.o(.text)
    OS_TaskDbgListAdd                        0x08024685   Thumb Code    42  os_task.o(.text)
    OS_TaskInitTCB                           0x080246af   Thumb Code   186  os_task.o(.text)
    OSTaskCreate                             0x08024769   Thumb Code   616  os_task.o(.text)
    OS_TaskDbgListRemove                     0x080249d1   Thumb Code    64  os_task.o(.text)
    OSTaskDel                                0x08024a11   Thumb Code   424  os_task.o(.text)
    OSTaskQFlush                             0x08024bb9   Thumb Code   214  os_task.o(.text)
    OSTaskQPend                              0x08024c8f   Thumb Code   554  os_task.o(.text)
    OSTaskQPendAbort                         0x08024eb9   Thumb Code   242  os_task.o(.text)
    OS_TaskQPost                             0x08024fab   Thumb Code   526  os_task.o(.text)
    OSTaskQPost                              0x080251b9   Thumb Code   114  os_task.o(.text)
    OSTaskRegGet                             0x0802522b   Thumb Code    78  os_task.o(.text)
    OSTaskRegGetID                           0x08025279   Thumb Code    84  os_task.o(.text)
    OSTaskRegSet                             0x080252cd   Thumb Code    78  os_task.o(.text)
    OS_TaskResume                            0x0802531b   Thumb Code   314  os_task.o(.text)
    OSTaskResume                             0x08025455   Thumb Code   112  os_task.o(.text)
    OSTaskSemPend                            0x080254c5   Thumb Code   550  os_task.o(.text)
    OSTaskSemPendAbort                       0x080256eb   Thumb Code   270  os_task.o(.text)
    OS_TaskSemPost                           0x080257f9   Thumb Code  1224  os_task.o(.text)
    OSTaskSemPost                            0x08025cc1   Thumb Code    98  os_task.o(.text)
    OSTaskSemSet                             0x08025d23   Thumb Code    80  os_task.o(.text)
    OSTaskStkChk                             0x08025d73   Thumb Code   224  os_task.o(.text)
    OS_TaskSuspend                           0x08025e53   Thumb Code   328  os_task.o(.text)
    OSTaskSuspend                            0x08025f9b   Thumb Code    78  os_task.o(.text)
    OSTaskTimeQuantaSet                      0x08025fe9   Thumb Code    96  os_task.o(.text)
    OS_TaskInit                              0x08026049   Thumb Code    18  os_task.o(.text)
    OS_TaskReturn                            0x0802605b   Thumb Code    20  os_task.o(.text)
    OS_TickListRemove                        0x08026099   Thumb Code    56  os_tick.o(.text)
    OS_TickListUpdate                        0x080260d1   Thumb Code   480  os_tick.o(.text)
    OS_TickTask                              0x080262b1   Thumb Code    38  os_tick.o(.text)
    OS_TickListInit                          0x080262d7   Thumb Code    32  os_tick.o(.text)
    OS_TickTaskInit                          0x080262f7   Thumb Code   130  os_tick.o(.text)
    OS_TickListInsert                        0x08026379   Thumb Code   502  os_tick.o(.text)
    OS_TickListResetPeak                     0x0802656f   Thumb Code    28  os_tick.o(.text)
    OSTimeDly                                0x08026595   Thumb Code   266  os_time.o(.text)
    OSTimeDlyHMSM                            0x0802669f   Thumb Code   480  os_time.o(.text)
    OSTimeDlyResume                          0x0802687f   Thumb Code   466  os_time.o(.text)
    OSTimeGet                                0x08026a51   Thumb Code    46  os_time.o(.text)
    OSTimeSet                                0x08026a7f   Thumb Code    46  os_time.o(.text)
    OSTimeTick                               0x08026aad   Thumb Code    54  os_time.o(.text)
    OS_TmrDbgListAdd                         0x08026af9   Thumb Code    34  os_tmr.o(.text)
    OSTmrCreate                              0x08026b1b   Thumb Code   248  os_tmr.o(.text)
    OS_TmrClr                                0x08026c13   Thumb Code    36  os_tmr.o(.text)
    OS_TmrUnlink                             0x08026c37   Thumb Code    72  os_tmr.o(.text)
    OS_TmrDbgListRemove                      0x08026c7f   Thumb Code    44  os_tmr.o(.text)
    OSTmrDel                                 0x08026cab   Thumb Code   176  os_tmr.o(.text)
    OSTmrRemainGet                           0x08026d5b   Thumb Code   184  os_tmr.o(.text)
    OS_TmrLink                               0x08026e13   Thumb Code   196  os_tmr.o(.text)
    OSTmrStart                               0x08026ed7   Thumb Code   210  os_tmr.o(.text)
    OSTmrStateGet                            0x08026fa9   Thumb Code   134  os_tmr.o(.text)
    OSTmrStop                                0x0802702f   Thumb Code   232  os_tmr.o(.text)
    OS_TmrTask                               0x08027117   Thumb Code   176  os_tmr.o(.text)
    OS_TmrInit                               0x080271c7   Thumb Code   208  os_tmr.o(.text)
    OS_TmrResetPeak                          0x08027297   Thumb Code    28  os_tmr.o(.text)
    OSIdleTaskHook                           0x08027311   Thumb Code    16  os_cpu_c.o(.text)
    OSInitHook                               0x08027321   Thumb Code    42  os_cpu_c.o(.text)
    OSStatTaskHook                           0x0802734b   Thumb Code    16  os_cpu_c.o(.text)
    OSTaskCreateHook                         0x0802735b   Thumb Code    20  os_cpu_c.o(.text)
    OSTaskDelHook                            0x0802736f   Thumb Code    20  os_cpu_c.o(.text)
    OSTaskReturnHook                         0x08027383   Thumb Code    20  os_cpu_c.o(.text)
    OSTaskStkInit                            0x08027397   Thumb Code   188  os_cpu_c.o(.text)
    OSTaskSwHook                             0x08027453   Thumb Code   120  os_cpu_c.o(.text)
    OSTimeTickHook                           0x080274cb   Thumb Code    16  os_cpu_c.o(.text)
    OS_CPU_SysTickHandler                    0x080274db   Thumb Code    52  os_cpu_c.o(.text)
    OS_CPU_SysTickInit                       0x0802750f   Thumb Code    44  os_cpu_c.o(.text)
    STMFLASH_ReadHalfWord                    0x0802757d   Thumb Code     6  iap.o(.text)
    STMFLASH_Write_NoCheck                   0x08027583   Thumb Code    38  iap.o(.text)
    STMFLASH_Read                            0x080275a9   Thumb Code    34  iap.o(.text)
    STMFLASH_Write                           0x080275cb   Thumb Code   230  iap.o(.text)
    Test_Write                               0x080276b1   Thumb Code    16  iap.o(.text)
    iap_write_appbin                         0x080276c1   Thumb Code   106  iap.o(.text)
    iap_load_app                             0x0802772b   Thumb Code    36  iap.o(.text)
    recv_bin_success                         0x0802774f   Thumb Code    60  iap.o(.text)
    download_success                         0x0802778b   Thumb Code     8  iap.o(.text)
    UP_success                               0x08027793   Thumb Code    68  iap.o(.text)
    __use_no_semihosting                     0x080277f1   Thumb Code     2  use_no_semi_2.o(.text)
    __aeabi_uldivmod                         0x080277f3   Thumb Code     0  lludivv7m.o(.text)
    _ll_udiv                                 0x080277f3   Thumb Code   238  lludivv7m.o(.text)
    strstr                                   0x080278e1   Thumb Code    36  strstr.o(.text)
    memcmp                                   0x08027905   Thumb Code    88  memcmp.o(.text)
    strncmp                                  0x0802795d   Thumb Code   150  strncmp.o(.text)
    __aeabi_memcpy                           0x080279f3   Thumb Code     0  rt_memcpy_v6.o(.text)
    __rt_memcpy                              0x080279f3   Thumb Code   138  rt_memcpy_v6.o(.text)
    _memcpy_lastbytes                        0x08027a59   Thumb Code     0  rt_memcpy_v6.o(.text)
    __aeabi_memset                           0x08027a7d   Thumb Code    16  aeabi_memset.o(.text)
    __aeabi_memclr4                          0x08027a8d   Thumb Code     0  rt_memclr_w.o(.text)
    __aeabi_memclr8                          0x08027a8d   Thumb Code     0  rt_memclr_w.o(.text)
    __rt_memclr_w                            0x08027a8d   Thumb Code    78  rt_memclr_w.o(.text)
    _memset_w                                0x08027a91   Thumb Code     0  rt_memclr_w.o(.text)
    __use_two_region_memory                  0x08027adb   Thumb Code     2  heapauxi.o(.text)
    __rt_heap_escrow$2region                 0x08027add   Thumb Code     2  heapauxi.o(.text)
    __rt_heap_expand$2region                 0x08027adf   Thumb Code     2  heapauxi.o(.text)
    __I$use$semihosting                      0x08027ae1   Thumb Code     0  use_no_semi.o(.text)
    __use_no_semihosting_swi                 0x08027ae1   Thumb Code     2  use_no_semi.o(.text)
    __aeabi_memcpy4                          0x08027ae3   Thumb Code     0  rt_memcpy_w.o(.text)
    __aeabi_memcpy8                          0x08027ae3   Thumb Code     0  rt_memcpy_w.o(.text)
    __rt_memcpy_w                            0x08027ae3   Thumb Code   100  rt_memcpy_w.o(.text)
    _memcpy_lastbytes_aligned                0x08027b2b   Thumb Code     0  rt_memcpy_w.o(.text)
    __aeabi_memclr                           0x08027b47   Thumb Code     0  rt_memclr.o(.text)
    __rt_memclr                              0x08027b47   Thumb Code    68  rt_memclr.o(.text)
    _memset                                  0x08027b4b   Thumb Code     0  rt_memclr.o(.text)
    __user_setup_stackheap                   0x08027b8b   Thumb Code    74  sys_stackheap_outer.o(.text)
    exit                                     0x08027bd5   Thumb Code    12  exit.o(.text)
    __user_libspace                          0x08027be1   Thumb Code     8  libspace.o(.text)
    __user_perproc_libspace                  0x08027be1   Thumb Code     0  libspace.o(.text)
    __user_perthread_libspace                0x08027be1   Thumb Code     0  libspace.o(.text)
    OSStartHighRdy                           0x08027be9   Thumb Code     0  os_cpu_a.o(CODE)
    PendSV_Handler                           0x08027c1f   Thumb Code     0  os_cpu_a.o(CODE)
    __aeabi_dadd                             0x08027c81   Thumb Code     0  daddsub_clz.o(x$fpl$dadd)
    _dadd                                    0x08027c81   Thumb Code   332  daddsub_clz.o(x$fpl$dadd)
    __aeabi_d2uiz                            0x08027dd1   Thumb Code     0  dfixu.o(x$fpl$dfixu)
    _dfixu                                   0x08027dd1   Thumb Code    90  dfixu.o(x$fpl$dfixu)
    __fpl_dnaninf                            0x08027e2b   Thumb Code   156  dnaninf.o(x$fpl$dnaninf)
    __fpl_dretinf                            0x08027ec7   Thumb Code    12  dretinf.o(x$fpl$dretinf)
    __aeabi_dsub                             0x08027ed5   Thumb Code     0  daddsub_clz.o(x$fpl$dsub)
    _dsub                                    0x08027ed5   Thumb Code   464  daddsub_clz.o(x$fpl$dsub)
    __aeabi_f2d                              0x080280a9   Thumb Code     0  f2d.o(x$fpl$f2d)
    _f2d                                     0x080280a9   Thumb Code    86  f2d.o(x$fpl$f2d)
    __aeabi_fdiv                             0x08028101   Thumb Code     0  fdiv.o(x$fpl$fdiv)
    _fdiv                                    0x08028101   Thumb Code   384  fdiv.o(x$fpl$fdiv)
    __aeabi_ui2f                             0x08028285   Thumb Code     0  fflt_clz.o(x$fpl$ffltu)
    _ffltu                                   0x08028285   Thumb Code    38  fflt_clz.o(x$fpl$ffltu)
    __aeabi_fmul                             0x080282ad   Thumb Code     0  fmul.o(x$fpl$fmul)
    _fmul                                    0x080282ad   Thumb Code   258  fmul.o(x$fpl$fmul)
    __fpl_fnaninf                            0x080283af   Thumb Code   140  fnaninf.o(x$fpl$fnaninf)
    __fpl_fretinf                            0x0802843b   Thumb Code    10  fretinf.o(x$fpl$fretinf)
    __I$use$fp                               0x08028444   Number         0  usenofp.o(x$fpl$usenofp)
    memtblsize                               0x08028444   Data           8  malloc.o(.constdata)
    memblksize                               0x0802844c   Data           8  malloc.o(.constdata)
    memsize                                  0x08028454   Data           8  malloc.o(.constdata)
    CPU_EndiannessTest                       0x0802855c   Data           4  cpu_core.o(.constdata)
    OSCfg_IdleTaskStkBasePtr                 0x080285f4   Data           4  os_cfg_app.o(.constdata)
    OSCfg_IdleTaskStkLimit                   0x080285f8   Data           4  os_cfg_app.o(.constdata)
    OSCfg_IdleTaskStkSize                    0x080285fc   Data           4  os_cfg_app.o(.constdata)
    OSCfg_IdleTaskStkSizeRAM                 0x08028600   Data           4  os_cfg_app.o(.constdata)
    OSCfg_IntQBasePtr                        0x08028604   Data           4  os_cfg_app.o(.constdata)
    OSCfg_IntQSize                           0x08028608   Data           2  os_cfg_app.o(.constdata)
    OSCfg_IntQSizeRAM                        0x0802860c   Data           4  os_cfg_app.o(.constdata)
    OSCfg_IntQTaskStkBasePtr                 0x08028610   Data           4  os_cfg_app.o(.constdata)
    OSCfg_IntQTaskStkLimit                   0x08028614   Data           4  os_cfg_app.o(.constdata)
    OSCfg_IntQTaskStkSize                    0x08028618   Data           4  os_cfg_app.o(.constdata)
    OSCfg_IntQTaskStkSizeRAM                 0x0802861c   Data           4  os_cfg_app.o(.constdata)
    OSCfg_ISRStkBasePtr                      0x08028620   Data           4  os_cfg_app.o(.constdata)
    OSCfg_ISRStkSize                         0x08028624   Data           4  os_cfg_app.o(.constdata)
    OSCfg_ISRStkSizeRAM                      0x08028628   Data           4  os_cfg_app.o(.constdata)
    OSCfg_MsgPoolSize                        0x0802862c   Data           2  os_cfg_app.o(.constdata)
    OSCfg_MsgPoolSizeRAM                     0x08028630   Data           4  os_cfg_app.o(.constdata)
    OSCfg_MsgPoolBasePtr                     0x08028634   Data           4  os_cfg_app.o(.constdata)
    OSCfg_StatTaskPrio                       0x08028638   Data           1  os_cfg_app.o(.constdata)
    OSCfg_StatTaskRate_Hz                    0x0802863c   Data           4  os_cfg_app.o(.constdata)
    OSCfg_StatTaskStkBasePtr                 0x08028640   Data           4  os_cfg_app.o(.constdata)
    OSCfg_StatTaskStkLimit                   0x08028644   Data           4  os_cfg_app.o(.constdata)
    OSCfg_StatTaskStkSize                    0x08028648   Data           4  os_cfg_app.o(.constdata)
    OSCfg_StatTaskStkSizeRAM                 0x0802864c   Data           4  os_cfg_app.o(.constdata)
    OSCfg_StkSizeMin                         0x08028650   Data           4  os_cfg_app.o(.constdata)
    OSCfg_TickRate_Hz                        0x08028654   Data           4  os_cfg_app.o(.constdata)
    OSCfg_TickTaskPrio                       0x08028658   Data           1  os_cfg_app.o(.constdata)
    OSCfg_TickTaskStkBasePtr                 0x0802865c   Data           4  os_cfg_app.o(.constdata)
    OSCfg_TickTaskStkLimit                   0x08028660   Data           4  os_cfg_app.o(.constdata)
    OSCfg_TickTaskStkSize                    0x08028664   Data           4  os_cfg_app.o(.constdata)
    OSCfg_TickTaskStkSizeRAM                 0x08028668   Data           4  os_cfg_app.o(.constdata)
    OSCfg_TickWheelSize                      0x0802866c   Data           2  os_cfg_app.o(.constdata)
    OSCfg_TickWheelSizeRAM                   0x08028670   Data           4  os_cfg_app.o(.constdata)
    OSCfg_TmrTaskPrio                        0x08028674   Data           1  os_cfg_app.o(.constdata)
    OSCfg_TmrTaskRate_Hz                     0x08028678   Data           4  os_cfg_app.o(.constdata)
    OSCfg_TmrTaskStkBasePtr                  0x0802867c   Data           4  os_cfg_app.o(.constdata)
    OSCfg_TmrTaskStkLimit                    0x08028680   Data           4  os_cfg_app.o(.constdata)
    OSCfg_TmrTaskStkSize                     0x08028684   Data           4  os_cfg_app.o(.constdata)
    OSCfg_TmrTaskStkSizeRAM                  0x08028688   Data           4  os_cfg_app.o(.constdata)
    OSCfg_TmrWheelSize                       0x0802868c   Data           2  os_cfg_app.o(.constdata)
    OSCfg_TmrWheelSizeRAM                    0x08028690   Data           4  os_cfg_app.o(.constdata)
    OSCfg_DataSizeRAM                        0x08028694   Data           4  os_cfg_app.o(.constdata)
    OSDbg_DbgEn                              0x08028698   Data           2  os_dbg.o(.constdata)
    OSDbg_ArgChkEn                           0x0802869a   Data           1  os_dbg.o(.constdata)
    OSDbg_AppHooksEn                         0x0802869b   Data           1  os_dbg.o(.constdata)
    OSDbg_EndiannessTest                     0x0802869c   Data           4  os_dbg.o(.constdata)
    OSDbg_CalledFromISRChkEn                 0x080286a0   Data           1  os_dbg.o(.constdata)
    OSDbg_FlagEn                             0x080286a1   Data           1  os_dbg.o(.constdata)
    OSDbg_FlagGrp                            0x080286a4   Data          40  os_dbg.o(.constdata)
    OSDbg_FlagDelEn                          0x080286cc   Data           1  os_dbg.o(.constdata)
    OSDbg_FlagModeClrEn                      0x080286cd   Data           1  os_dbg.o(.constdata)
    OSDbg_FlagPendAbortEn                    0x080286ce   Data           1  os_dbg.o(.constdata)
    OSDbg_FlagGrpSize                        0x080286d0   Data           2  os_dbg.o(.constdata)
    OSDbg_FlagWidth                          0x080286d2   Data           2  os_dbg.o(.constdata)
    OSDbg_IntQ                               0x080286d4   Data           2  os_dbg.o(.constdata)
    OSDbg_ISRPostDeferredEn                  0x080286d6   Data           1  os_dbg.o(.constdata)
    OSDbg_Mem                                0x080286d8   Data          32  os_dbg.o(.constdata)
    OSDbg_MemEn                              0x080286f8   Data           1  os_dbg.o(.constdata)
    OSDbg_MemSize                            0x080286fa   Data           2  os_dbg.o(.constdata)
    OSDbg_MsgEn                              0x080286fc   Data           1  os_dbg.o(.constdata)
    OSDbg_MsgSize                            0x080286fe   Data           2  os_dbg.o(.constdata)
    OSDbg_MsgPoolSize                        0x08028700   Data           2  os_dbg.o(.constdata)
    OSDbg_MsgQSize                           0x08028702   Data           2  os_dbg.o(.constdata)
    OSDbg_Mutex                              0x08028704   Data          44  os_dbg.o(.constdata)
    OSDbg_MutexEn                            0x08028730   Data           1  os_dbg.o(.constdata)
    OSDbg_MutexDelEn                         0x08028731   Data           1  os_dbg.o(.constdata)
    OSDbg_MutexPendAbortEn                   0x08028732   Data           1  os_dbg.o(.constdata)
    OSDbg_MutexSize                          0x08028734   Data           2  os_dbg.o(.constdata)
    OSDbg_ObjTypeChkEn                       0x08028736   Data           1  os_dbg.o(.constdata)
    OSDbg_PendMultiEn                        0x08028737   Data           1  os_dbg.o(.constdata)
    OSDbg_PendDataSize                       0x08028738   Data           2  os_dbg.o(.constdata)
    OSDbg_PendListSize                       0x0802873a   Data           2  os_dbg.o(.constdata)
    OSDbg_PendObjSize                        0x0802873c   Data           2  os_dbg.o(.constdata)
    OSDbg_PrioMax                            0x0802873e   Data           2  os_dbg.o(.constdata)
    OSDbg_PrioTblSize                        0x08028740   Data           2  os_dbg.o(.constdata)
    OSDbg_PtrSize                            0x08028742   Data           2  os_dbg.o(.constdata)
    OSDbg_Q                                  0x08028744   Data          48  os_dbg.o(.constdata)
    OSDbg_QEn                                0x08028774   Data           1  os_dbg.o(.constdata)
    OSDbg_QDelEn                             0x08028775   Data           1  os_dbg.o(.constdata)
    OSDbg_QFlushEn                           0x08028776   Data           1  os_dbg.o(.constdata)
    OSDbg_QPendAbortEn                       0x08028777   Data           1  os_dbg.o(.constdata)
    OSDbg_QSize                              0x08028778   Data           2  os_dbg.o(.constdata)
    OSDbg_SchedRoundRobinEn                  0x0802877a   Data           1  os_dbg.o(.constdata)
    OSDbg_Sem                                0x0802877c   Data          40  os_dbg.o(.constdata)
    OSDbg_SemEn                              0x080287a4   Data           1  os_dbg.o(.constdata)
    OSDbg_SemDelEn                           0x080287a5   Data           1  os_dbg.o(.constdata)
    OSDbg_SemPendAbortEn                     0x080287a6   Data           1  os_dbg.o(.constdata)
    OSDbg_SemSetEn                           0x080287a7   Data           1  os_dbg.o(.constdata)
    OSDbg_SemSize                            0x080287a8   Data           2  os_dbg.o(.constdata)
    OSDbg_RdyList                            0x080287aa   Data           2  os_dbg.o(.constdata)
    OSDbg_RdyListSize                        0x080287ac   Data           4  os_dbg.o(.constdata)
    OSDbg_StkWidth                           0x080287b0   Data           1  os_dbg.o(.constdata)
    OSDbg_StatTaskEn                         0x080287b1   Data           1  os_dbg.o(.constdata)
    OSDbg_StatTaskStkChkEn                   0x080287b2   Data           1  os_dbg.o(.constdata)
    OSDbg_TaskChangePrioEn                   0x080287b3   Data           1  os_dbg.o(.constdata)
    OSDbg_TaskDelEn                          0x080287b4   Data           1  os_dbg.o(.constdata)
    OSDbg_TaskQEn                            0x080287b5   Data           1  os_dbg.o(.constdata)
    OSDbg_TaskQPendAbortEn                   0x080287b6   Data           1  os_dbg.o(.constdata)
    OSDbg_TaskProfileEn                      0x080287b7   Data           1  os_dbg.o(.constdata)
    OSDbg_TaskRegTblSize                     0x080287b8   Data           2  os_dbg.o(.constdata)
    OSDbg_TaskSemPendAbortEn                 0x080287ba   Data           1  os_dbg.o(.constdata)
    OSDbg_TaskSuspendEn                      0x080287bb   Data           1  os_dbg.o(.constdata)
    OSDbg_TCBSize                            0x080287bc   Data           2  os_dbg.o(.constdata)
    OSDbg_TickSpokeSize                      0x080287be   Data           2  os_dbg.o(.constdata)
    OSDbg_TimeDlyHMSMEn                      0x080287c0   Data           1  os_dbg.o(.constdata)
    OSDbg_TimeDlyResumeEn                    0x080287c1   Data           1  os_dbg.o(.constdata)
    OSDbg_TLS_TblSize                        0x080287c2   Data           2  os_dbg.o(.constdata)
    OSDbg_Tmr                                0x080287c4   Data          52  os_dbg.o(.constdata)
    OSDbg_TmrEn                              0x080287f8   Data           1  os_dbg.o(.constdata)
    OSDbg_TmrDelEn                           0x080287f9   Data           1  os_dbg.o(.constdata)
    OSDbg_TmrSize                            0x080287fa   Data           2  os_dbg.o(.constdata)
    OSDbg_TmrSpokeSize                       0x080287fc   Data           2  os_dbg.o(.constdata)
    OSDbg_VersionNbr                         0x080287fe   Data           2  os_dbg.o(.constdata)
    OSDbg_DataSize                           0x08028800   Data           4  os_dbg.o(.constdata)
    Region$$Table$$Base                      0x08028804   Number         0  anon$$obj.o(Region$$Table)
    Region$$Table$$Limit                     0x08028824   Number         0  anon$$obj.o(Region$$Table)
    g_printf_enable                          0x20000000   Data           1  main.o(.data)
    g_ota_sta                                0x20000001   Data           1  main.o(.data)
    g_ota_recv_sum                           0x20000004   Data           4  main.o(.data)
    g_ota_pg_numid                           0x20000008   Data           2  main.o(.data)
    g_ota_pg_nums                            0x2000000a   Data           2  main.o(.data)
    g_ota_bin_size                           0x2000000c   Data           4  main.o(.data)
    USART_RX_STA_BAK                         0x20000010   Data           4  main.o(.data)
    SystemCoreClock                          0x20000014   Data           4  system_stm32f10x.o(.data)
    AHBPrescTable                            0x20000018   Data          16  system_stm32f10x.o(.data)
    PADDING                                  0x20000028   Data          64  gagent_md5.o(.data)
    U1_DMA_SEND_FREE_FLAG                    0x20000068   Data           1  dma.o(.data)
    DMA1_MEM_LEN                             0x2000006a   Data           2  dma.o(.data)
    W25QXX_TYPE                              0x2000006c   Data           2  w25qxx.o(.data)
    Analog_Data_Buf                          0x2000006e   Data          16  ad.o(.data)
    __stdout                                 0x20000084   Data           4  usart.o(.data)
    USART_RX_BUF                             0x20000088   Data           4  usart.o(.data)
    USART_RX_BUF2                            0x2000008c   Data           4  usart.o(.data)
    USART_RX_BUF_BAK                         0x20000090   Data           4  usart.o(.data)
    STMFLASH_BUF                             0x20000094   Data           4  usart.o(.data)
    iapbuf                                   0x20000098   Data           4  usart.o(.data)
    USART_RX_STA                             0x2000009c   Data           4  usart.o(.data)
    USART_RX_STA2                            0x200000a0   Data           4  usart.o(.data)
    g_after_rx_intr                          0x200000a4   Data           1  usart.o(.data)
    mallco_dev                               0x200000a8   Data          28  malloc.o(.data)
    CPU_TS_TmrFreq_Hz                        0x200000d8   Data           4  cpu_core.o(.data)
    Mem_PoolTbl                              0x200000dc   Data           4  lib_mem.o(.data)
    OSPrioTbl                                0x200000e0   Data           8  os_prio.o(.data)
    OS_AppTaskCreateHookPtr                  0x200000e8   Data           4  os_var.o(.data)
    OS_AppTaskDelHookPtr                     0x200000ec   Data           4  os_var.o(.data)
    OS_AppTaskReturnHookPtr                  0x200000f0   Data           4  os_var.o(.data)
    OS_AppIdleTaskHookPtr                    0x200000f4   Data           4  os_var.o(.data)
    OS_AppStatTaskHookPtr                    0x200000f8   Data           4  os_var.o(.data)
    OS_AppTaskSwHookPtr                      0x200000fc   Data           4  os_var.o(.data)
    OS_AppTimeTickHookPtr                    0x20000100   Data           4  os_var.o(.data)
    OSIdleTaskCtr                            0x20000104   Data           4  os_var.o(.data)
    OSIntNestingCtr                          0x20000108   Data           1  os_var.o(.data)
    OSRunning                                0x20000109   Data           1  os_var.o(.data)
    OSIntQInPtr                              0x2000010c   Data           4  os_var.o(.data)
    OSIntQOutPtr                             0x20000110   Data           4  os_var.o(.data)
    OSIntQNbrEntries                         0x20000114   Data           2  os_var.o(.data)
    OSIntQNbrEntriesMax                      0x20000116   Data           2  os_var.o(.data)
    OSIntQOvfCtr                             0x20000118   Data           2  os_var.o(.data)
    OSIntQTaskTimeMax                        0x2000011c   Data           4  os_var.o(.data)
    OSFlagDbgListPtr                         0x20000120   Data           4  os_var.o(.data)
    OSFlagQty                                0x20000124   Data           2  os_var.o(.data)
    OSMemDbgListPtr                          0x20000128   Data           4  os_var.o(.data)
    OSMemQty                                 0x2000012c   Data           2  os_var.o(.data)
    OSMutexDbgListPtr                        0x20000130   Data           4  os_var.o(.data)
    OSMutexQty                               0x20000134   Data           2  os_var.o(.data)
    OSPrioCur                                0x20000136   Data           1  os_var.o(.data)
    OSPrioHighRdy                            0x20000137   Data           1  os_var.o(.data)
    OSPrioSaved                              0x20000138   Data           1  os_var.o(.data)
    OSQDbgListPtr                            0x2000013c   Data           4  os_var.o(.data)
    OSQQty                                   0x20000140   Data           2  os_var.o(.data)
    OSSchedLockTimeBegin                     0x20000144   Data           4  os_var.o(.data)
    OSSchedLockTimeMax                       0x20000148   Data           4  os_var.o(.data)
    OSSchedLockTimeMaxCur                    0x2000014c   Data           4  os_var.o(.data)
    OSSchedLockNestingCtr                    0x20000150   Data           1  os_var.o(.data)
    OSSchedRoundRobinDfltTimeQuanta          0x20000154   Data           4  os_var.o(.data)
    OSSchedRoundRobinEn                      0x20000158   Data           1  os_var.o(.data)
    OSSemDbgListPtr                          0x2000015c   Data           4  os_var.o(.data)
    OSSemQty                                 0x20000160   Data           2  os_var.o(.data)
    OSStatResetFlag                          0x20000162   Data           1  os_var.o(.data)
    OSStatTaskCPUUsage                       0x20000164   Data           2  os_var.o(.data)
    OSStatTaskCPUUsageMax                    0x20000166   Data           2  os_var.o(.data)
    OSStatTaskCtr                            0x20000168   Data           4  os_var.o(.data)
    OSStatTaskCtrMax                         0x2000016c   Data           4  os_var.o(.data)
    OSStatTaskCtrRun                         0x20000170   Data           4  os_var.o(.data)
    OSStatTaskRdy                            0x20000174   Data           1  os_var.o(.data)
    OSStatTaskTimeMax                        0x20000178   Data           4  os_var.o(.data)
    OSTaskCtxSwCtr                           0x2000017c   Data           4  os_var.o(.data)
    OSTaskDbgListPtr                         0x20000180   Data           4  os_var.o(.data)
    OSTaskQty                                0x20000184   Data           2  os_var.o(.data)
    OSTaskRegNextAvailID                     0x20000186   Data           1  os_var.o(.data)
    OSTickCtr                                0x20000188   Data           4  os_var.o(.data)
    OSTickTaskTimeMax                        0x2000018c   Data           4  os_var.o(.data)
    OSTmrDbgListPtr                          0x20000190   Data           4  os_var.o(.data)
    OSTmrQty                                 0x20000194   Data           2  os_var.o(.data)
    OSTmrTaskTimeMax                         0x20000198   Data           4  os_var.o(.data)
    OSTmrTickCtr                             0x2000019c   Data           4  os_var.o(.data)
    OSTmrUpdateCnt                           0x200001a0   Data           4  os_var.o(.data)
    OSTmrUpdateCtr                           0x200001a4   Data           4  os_var.o(.data)
    OSTCBCurPtr                              0x200001a8   Data           4  os_var.o(.data)
    OSTCBHighRdyPtr                          0x200001ac   Data           4  os_var.o(.data)
    OS_CPU_ExceptStkBase                     0x200001b0   Data           4  os_cpu_c.o(.data)
    jump2app                                 0x200001b4   Data           4  iap.o(.data)
    UPGRADE                                  0x200001b8   Data           4  iap.o(.data)
    StartTaskTCB                             0x200001bc   Data         196  main.o(.bss)
    START_TASK_STK                           0x20000280   Data        1024  main.o(.bss)
    AppCmdsTaskTCB                           0x20000680   Data         196  main.o(.bss)
    APPCMDS_TASK_STK                         0x20000744   Data        2048  main.o(.bss)
    IapTaskTCB                               0x20000f44   Data         196  main.o(.bss)
    IAP_TASK_STK                             0x20001008   Data        2048  main.o(.bss)
    g_ota_bin_md5                            0x20001808   Data          16  main.o(.bss)
    g_ota_package_md5                        0x20001818   Data          16  main.o(.bss)
    recv_pack                                0x20001828   Data          47  main.o(.bss)
    ad_val                                   0x20001858   Data          32  main.o(.bss)
    DMA_InitStructure                        0x20001878   Data          44  dma.o(.bss)
    U1_DMA_R_BUF                             0x200018a4   Data         512  dma.o(.bss)
    U1_DMA_T_BUF                             0x20001aa4   Data          70  dma.o(.bss)
    SPI3_InitStructure                       0x20001aea   Data          18  spi.o(.bss)
    W25QXX_BUFFER                            0x20001afc   Data        4096  w25qxx.o(.bss)
    mem1base                                 0x20002b00   Data       35840  malloc.o(.bss)
    mem1mapbase                              0x2000b700   Data        2240  malloc.o(.bss)
    CPU_Name                                 0x2000bfc0   Data          16  cpu_core.o(.bss)
    Mem_PoolHeap                             0x2000bfd0   Data          72  lib_mem.o(.bss)
    Mem_Heap                                 0x2000c018   Data        1024  lib_mem.o(.bss)
    OSCfg_IdleTaskStk                        0x2000c418   Data         512  os_cfg_app.o(.bss)
    OSCfg_IntQ                               0x2000c618   Data         320  os_cfg_app.o(.bss)
    OSCfg_IntQTaskStk                        0x2000c758   Data         512  os_cfg_app.o(.bss)
    OSCfg_ISRStk                             0x2000c958   Data         512  os_cfg_app.o(.bss)
    OSCfg_MsgPool                            0x2000cb58   Data        1600  os_cfg_app.o(.bss)
    OSCfg_StatTaskStk                        0x2000d198   Data         512  os_cfg_app.o(.bss)
    OSCfg_TickTaskStk                        0x2000d398   Data         512  os_cfg_app.o(.bss)
    OSCfg_TickWheel                          0x2000d598   Data         136  os_cfg_app.o(.bss)
    OSCfg_TmrTaskStk                         0x2000d620   Data         512  os_cfg_app.o(.bss)
    OSCfg_TmrWheel                           0x2000d820   Data         136  os_cfg_app.o(.bss)
    OSIdleTaskTCB                            0x2000d8a8   Data         196  os_var.o(.bss)
    OSIntQTaskTCB                            0x2000d96c   Data         196  os_var.o(.bss)
    OSMsgPool                                0x2000da30   Data          12  os_var.o(.bss)
    OSRdyList                                0x2000da3c   Data         768  os_var.o(.bss)
    OSStatTaskTCB                            0x2000dd3c   Data         196  os_var.o(.bss)
    OSTickTaskTCB                            0x2000de00   Data         196  os_var.o(.bss)
    OSTmrTaskTCB                             0x2000dec4   Data         196  os_var.o(.bss)
    flashBUF                                 0x2000df88   Data        1024  iap.o(.bss)
    __libspace_start                         0x2000e388   Data          96  libspace.o(.bss)
    __temporary_stack_top$libspace           0x2000e3e8   Data           0  libspace.o(.bss)
    mem2base                                 0x68000000   Data       819200  malloc.o(.ARM.__AT_0x68000000)
    mem2mapbase                              0x680c8000   Data       51200  malloc.o(.ARM.__AT_0x680C8000)



==============================================================================

Memory Map of the image

  Image Entry point : 0x08019131

  Load Region LR_IROM1 (Base: 0x08019000, Size: 0x0000f9e0, Max: 0x00032000, ABSOLUTE, COMPRESSED[0x0000f868])

    Execution Region ER_IROM1 (Base: 0x08019000, Size: 0x0000f824, Max: 0x00032000, ABSOLUTE)

    Base Addr    Size         Type   Attr      Idx    E Section Name        Object

    0x08019000   0x00000130   Data   RO          449    RESET               startup_stm32f10x_hd.o
    0x08019130   0x00000008   Code   RO         1088  * !!!main             c_w.l(__main.o)
    0x08019138   0x00000034   Code   RO         1291    !!!scatter          c_w.l(__scatter.o)
    0x0801916c   0x0000005a   Code   RO         1289    !!dczerorl2         c_w.l(__dczerorl2.o)
    0x080191c6   0x00000002   PAD
    0x080191c8   0x0000001c   Code   RO         1293    !!handler_zi        c_w.l(__scatter_zi.o)
    0x080191e4   0x00000002   Code   RO         1164    .ARM.Collect$$libinit$$00000000  c_w.l(libinit.o)
    0x080191e6   0x00000000   Code   RO         1177    .ARM.Collect$$libinit$$00000002  c_w.l(libinit2.o)
    0x080191e6   0x00000000   Code   RO         1179    .ARM.Collect$$libinit$$00000004  c_w.l(libinit2.o)
    0x080191e6   0x00000000   Code   RO         1182    .ARM.Collect$$libinit$$0000000A  c_w.l(libinit2.o)
    0x080191e6   0x00000000   Code   RO         1184    .ARM.Collect$$libinit$$0000000C  c_w.l(libinit2.o)
    0x080191e6   0x00000000   Code   RO         1186    .ARM.Collect$$libinit$$0000000E  c_w.l(libinit2.o)
    0x080191e6   0x00000000   Code   RO         1189    .ARM.Collect$$libinit$$00000011  c_w.l(libinit2.o)
    0x080191e6   0x00000000   Code   RO         1191    .ARM.Collect$$libinit$$00000013  c_w.l(libinit2.o)
    0x080191e6   0x00000000   Code   RO         1193    .ARM.Collect$$libinit$$00000015  c_w.l(libinit2.o)
    0x080191e6   0x00000000   Code   RO         1195    .ARM.Collect$$libinit$$00000017  c_w.l(libinit2.o)
    0x080191e6   0x00000000   Code   RO         1197    .ARM.Collect$$libinit$$00000019  c_w.l(libinit2.o)
    0x080191e6   0x00000000   Code   RO         1199    .ARM.Collect$$libinit$$0000001B  c_w.l(libinit2.o)
    0x080191e6   0x00000000   Code   RO         1201    .ARM.Collect$$libinit$$0000001D  c_w.l(libinit2.o)
    0x080191e6   0x00000000   Code   RO         1203    .ARM.Collect$$libinit$$0000001F  c_w.l(libinit2.o)
    0x080191e6   0x00000000   Code   RO         1205    .ARM.Collect$$libinit$$00000021  c_w.l(libinit2.o)
    0x080191e6   0x00000000   Code   RO         1207    .ARM.Collect$$libinit$$00000023  c_w.l(libinit2.o)
    0x080191e6   0x00000000   Code   RO         1209    .ARM.Collect$$libinit$$00000025  c_w.l(libinit2.o)
    0x080191e6   0x00000000   Code   RO         1213    .ARM.Collect$$libinit$$0000002C  c_w.l(libinit2.o)
    0x080191e6   0x00000000   Code   RO         1215    .ARM.Collect$$libinit$$0000002E  c_w.l(libinit2.o)
    0x080191e6   0x00000000   Code   RO         1217    .ARM.Collect$$libinit$$00000030  c_w.l(libinit2.o)
    0x080191e6   0x00000000   Code   RO         1219    .ARM.Collect$$libinit$$00000032  c_w.l(libinit2.o)
    0x080191e6   0x00000002   Code   RO         1220    .ARM.Collect$$libinit$$00000033  c_w.l(libinit2.o)
    0x080191e8   0x00000002   Code   RO         1246    .ARM.Collect$$libshutdown$$00000000  c_w.l(libshutdown.o)
    0x080191ea   0x00000000   Code   RO         1274    .ARM.Collect$$libshutdown$$00000003  c_w.l(libshutdown2.o)
    0x080191ea   0x00000000   Code   RO         1277    .ARM.Collect$$libshutdown$$00000006  c_w.l(libshutdown2.o)
    0x080191ea   0x00000000   Code   RO         1280    .ARM.Collect$$libshutdown$$00000009  c_w.l(libshutdown2.o)
    0x080191ea   0x00000000   Code   RO         1282    .ARM.Collect$$libshutdown$$0000000B  c_w.l(libshutdown2.o)
    0x080191ea   0x00000000   Code   RO         1285    .ARM.Collect$$libshutdown$$0000000E  c_w.l(libshutdown2.o)
    0x080191ea   0x00000002   Code   RO         1286    .ARM.Collect$$libshutdown$$0000000F  c_w.l(libshutdown2.o)
    0x080191ec   0x00000000   Code   RO         1116    .ARM.Collect$$rtentry$$00000000  c_w.l(__rtentry.o)
    0x080191ec   0x00000000   Code   RO         1135    .ARM.Collect$$rtentry$$00000002  c_w.l(__rtentry2.o)
    0x080191ec   0x00000006   Code   RO         1147    .ARM.Collect$$rtentry$$00000004  c_w.l(__rtentry4.o)
    0x080191f2   0x00000000   Code   RO         1137    .ARM.Collect$$rtentry$$00000009  c_w.l(__rtentry2.o)
    0x080191f2   0x00000004   Code   RO         1138    .ARM.Collect$$rtentry$$0000000A  c_w.l(__rtentry2.o)
    0x080191f6   0x00000000   Code   RO         1140    .ARM.Collect$$rtentry$$0000000C  c_w.l(__rtentry2.o)
    0x080191f6   0x00000008   Code   RO         1141    .ARM.Collect$$rtentry$$0000000D  c_w.l(__rtentry2.o)
    0x080191fe   0x00000002   Code   RO         1168    .ARM.Collect$$rtexit$$00000000  c_w.l(rtexit.o)
    0x08019200   0x00000000   Code   RO         1222    .ARM.Collect$$rtexit$$00000002  c_w.l(rtexit2.o)
    0x08019200   0x00000004   Code   RO         1223    .ARM.Collect$$rtexit$$00000003  c_w.l(rtexit2.o)
    0x08019204   0x00000006   Code   RO         1224    .ARM.Collect$$rtexit$$00000004  c_w.l(rtexit2.o)
    0x0801920a   0x00000002   PAD
    0x0801920c   0x00000006   Code   RO          393    .emb_text           sys.o
    0x08019212   0x00000002   PAD
    0x08019214   0x00000690   Code   RO            1    .text               main.o
    0x080198a4   0x00000016   Code   RO          184    .text               stm32f10x_it.o
    0x080198ba   0x00000002   PAD
    0x080198bc   0x000001e0   Code   RO          219    .text               system_stm32f10x.o
    0x08019a9c   0x00000944   Code   RO          237    .text               gagent_md5.o
    0x0801a3e0   0x00000038   Code   RO          255    .text               led.o
    0x0801a418   0x00000290   Code   RO          271    .text               dma.o
    0x0801a6a8   0x00000204   Code   RO          296    .text               timer.o
    0x0801a8ac   0x000002f0   Code   RO          309    .text               spi.o
    0x0801ab9c   0x00000350   Code   RO          342    .text               w25qxx.o
    0x0801aeec   0x000002dc   Code   RO          361    .text               ad.o
    0x0801b1c8   0x0000014c   Code   RO          379    .text               delay.o
    0x0801b314   0x0000056c   Code   RO          410    .text               usart.o
    0x0801b880   0x00000040   Code   RO          450    .text               startup_stm32f10x_hd.o
    0x0801b8c0   0x0000022c   Code   RO          454    .text               malloc.o
    0x0801baec   0x0000035c   Code   RO          488    .text               stm32f10x_gpio.o
    0x0801be48   0x00000e1a   Code   RO          500    .text               stm32f10x_tim.o
    0x0801cc62   0x00000002   PAD
    0x0801cc64   0x00000408   Code   RO          512    .text               stm32f10x_usart.o
    0x0801d06c   0x00000254   Code   RO          524    .text               stm32f10x_dma.o
    0x0801d2c0   0x000005bc   Code   RO          536    .text               stm32f10x_flash.o
    0x0801d87c   0x000003a4   Code   RO          548    .text               stm32f10x_rcc.o
    0x0801dc20   0x000000dc   Code   RO          562    .text               misc.o
    0x0801dcfc   0x0000030c   Code   RO          586    .text               stm32f10x_spi.o
    0x0801e008   0x00000084   Code   RO          598    .text               bsp.o
    0x0801e08c   0x000002a8   Code   RO          613    .text               cpu_core.o
    0x0801e334   0x00000034   Code   RO          651    .text               cpu_a.o
    0x0801e368   0x00000256   Code   RO          654    .text               lib_ascii.o
    0x0801e5be   0x00000002   PAD
    0x0801e5c0   0x000009c6   Code   RO          687    .text               lib_mem.o
    0x0801ef86   0x00000002   PAD
    0x0801ef88   0x0000092c   Code   RO          706    .text               lib_str.o
    0x0801f8b4   0x00000220   Code   RO          723    .text               lib_mem_a.o
    0x0801fad4   0x000000fc   Code   RO          726    .text               os_cfg_app.o
    0x0801fbd0   0x00000e04   Code   RO          749    .text               os_core.o
    0x080209d4   0x000001b0   Code   RO          761    .text               os_dbg.o
    0x08020b84   0x00000e28   Code   RO          776    .text               os_flag.o
    0x080219ac   0x00000444   Code   RO          788    .text               os_int.o
    0x08021df0   0x00000238   Code   RO          800    .text               os_mem.o
    0x08022028   0x0000022c   Code   RO          812    .text               os_msg.o
    0x08022254   0x00000ad4   Code   RO          824    .text               os_mutex.o
    0x08022d28   0x0000007c   Code   RO          842    .text               os_prio.o
    0x08022da4   0x000008d8   Code   RO          861    .text               os_q.o
    0x0802367c   0x00000830   Code   RO          873    .text               os_sem.o
    0x08023eac   0x00000638   Code   RO          885    .text               os_stat.o
    0x080244e4   0x00001bb4   Code   RO          897    .text               os_task.o
    0x08026098   0x000004fc   Code   RO          909    .text               os_tick.o
    0x08026594   0x00000564   Code   RO          921    .text               os_time.o
    0x08026af8   0x00000818   Code   RO          933    .text               os_tmr.o
    0x08027310   0x0000026c   Code   RO          959    .text               os_cpu_c.o
    0x0802757c   0x00000274   Code   RO          995    .text               IAP.lib(iap.o)
    0x080277f0   0x00000002   Code   RO         1070    .text               c_w.l(use_no_semi_2.o)
    0x080277f2   0x000000ee   Code   RO         1072    .text               c_w.l(lludivv7m.o)
    0x080278e0   0x00000024   Code   RO         1074    .text               c_w.l(strstr.o)
    0x08027904   0x00000058   Code   RO         1076    .text               c_w.l(memcmp.o)
    0x0802795c   0x00000096   Code   RO         1078    .text               c_w.l(strncmp.o)
    0x080279f2   0x0000008a   Code   RO         1080    .text               c_w.l(rt_memcpy_v6.o)
    0x08027a7c   0x00000010   Code   RO         1082    .text               c_w.l(aeabi_memset.o)
    0x08027a8c   0x0000004e   Code   RO         1084    .text               c_w.l(rt_memclr_w.o)
    0x08027ada   0x00000006   Code   RO         1086    .text               c_w.l(heapauxi.o)
    0x08027ae0   0x00000002   Code   RO         1114    .text               c_w.l(use_no_semi.o)
    0x08027ae2   0x00000064   Code   RO         1121    .text               c_w.l(rt_memcpy_w.o)
    0x08027b46   0x00000044   Code   RO         1123    .text               c_w.l(rt_memclr.o)
    0x08027b8a   0x0000004a   Code   RO         1151    .text               c_w.l(sys_stackheap_outer.o)
    0x08027bd4   0x0000000c   Code   RO         1153    .text               c_w.l(exit.o)
    0x08027be0   0x00000008   Code   RO         1165    .text               c_w.l(libspace.o)
    0x08027be8   0x00000098   Code   RO          977    CODE                os_cpu_a.o
    0x08027c80   0x00000150   Code   RO         1090    x$fpl$dadd          fz_ws.l(daddsub_clz.o)
    0x08027dd0   0x0000005a   Code   RO         1096    x$fpl$dfixu         fz_ws.l(dfixu.o)
    0x08027e2a   0x0000009c   Code   RO         1125    x$fpl$dnaninf       fz_ws.l(dnaninf.o)
    0x08027ec6   0x0000000c   Code   RO         1127    x$fpl$dretinf       fz_ws.l(dretinf.o)
    0x08027ed2   0x00000002   PAD
    0x08027ed4   0x000001d4   Code   RO         1092    x$fpl$dsub          fz_ws.l(daddsub_clz.o)
    0x080280a8   0x00000056   Code   RO         1100    x$fpl$f2d           fz_ws.l(f2d.o)
    0x080280fe   0x00000002   PAD
    0x08028100   0x00000184   Code   RO         1103    x$fpl$fdiv          fz_ws.l(fdiv.o)
    0x08028284   0x00000026   Code   RO         1106    x$fpl$ffltu         fz_ws.l(fflt_clz.o)
    0x080282aa   0x00000002   PAD
    0x080282ac   0x00000102   Code   RO         1112    x$fpl$fmul          fz_ws.l(fmul.o)
    0x080283ae   0x0000008c   Code   RO         1129    x$fpl$fnaninf       fz_ws.l(fnaninf.o)
    0x0802843a   0x0000000a   Code   RO         1131    x$fpl$fretinf       fz_ws.l(fretinf.o)
    0x08028444   0x00000000   Code   RO         1133    x$fpl$usenofp       fz_ws.l(usenofp.o)
    0x08028444   0x00000018   Data   RO          458    .constdata          malloc.o
    0x0802845c   0x00000104   Data   RO          615    .constdata          cpu_core.o
    0x08028560   0x00000094   Data   RO          707    .constdata          lib_str.o
    0x080285f4   0x000000a4   Data   RO          728    .constdata          os_cfg_app.o
    0x08028698   0x0000016c   Data   RO          762    .constdata          os_dbg.o
    0x08028804   0x00000020   Data   RO         1287    Region$$Table       anon$$obj.o


    Execution Region RW_IRAM1 (Base: 0x20000000, Size: 0x0000f5e8, Max: 0x00010000, ABSOLUTE, COMPRESSED[0x00000044])

    Base Addr    Size         Type   Attr      Idx    E Section Name        Object

    0x20000000   0x00000014   Data   RW            3    .data               main.o
    0x20000014   0x00000014   Data   RW          220    .data               system_stm32f10x.o
    0x20000028   0x00000040   Data   RW          238    .data               gagent_md5.o
    0x20000068   0x00000004   Data   RW          273    .data               dma.o
    0x2000006c   0x00000002   Data   RW          344    .data               w25qxx.o
    0x2000006e   0x00000010   Data   RW          362    .data               ad.o
    0x2000007e   0x00000004   Data   RW          380    .data               delay.o
    0x20000082   0x00000002   PAD
    0x20000084   0x00000021   Data   RW          412    .data               usart.o
    0x200000a5   0x00000003   PAD
    0x200000a8   0x0000001c   Data   RW          459    .data               malloc.o
    0x200000c4   0x00000014   Data   RW          549    .data               stm32f10x_rcc.o
    0x200000d8   0x00000004   Data   RW          616    .data               cpu_core.o
    0x200000dc   0x00000004   Data   RW          689    .data               lib_mem.o
    0x200000e0   0x00000008   Data   RW          843    .data               os_prio.o
    0x200000e8   0x000000c8   Data   RW          946    .data               os_var.o
    0x200001b0   0x00000004   Data   RW          960    .data               os_cpu_c.o
    0x200001b4   0x00000008   Data   RW          997    .data               IAP.lib(iap.o)
    0x200001bc   0x000016bc   Zero   RW            2    .bss                main.o
    0x20001878   0x00000272   Zero   RW          272    .bss                dma.o
    0x20001aea   0x00000012   Zero   RW          310    .bss                spi.o
    0x20001afc   0x00001000   Zero   RW          343    .bss                w25qxx.o
    0x20002afc   0x00000004   PAD
    0x20002b00   0x000094c0   Zero   RW          457    .bss                malloc.o
    0x2000bfc0   0x00000010   Zero   RW          614    .bss                cpu_core.o
    0x2000bfd0   0x00000448   Zero   RW          688    .bss                lib_mem.o
    0x2000c418   0x00001490   Zero   RW          727    .bss                os_cfg_app.o
    0x2000d8a8   0x000006e0   Zero   RW          945    .bss                os_var.o
    0x2000df88   0x00000400   Zero   RW          996    .bss                IAP.lib(iap.o)
    0x2000e388   0x00000060   Zero   RW         1166    .bss                c_w.l(libspace.o)
    0x2000e3e8   0x00000200   Zero   RW          448    HEAP                startup_stm32f10x_hd.o
    0x2000e5e8   0x00001000   Zero   RW          447    STACK               startup_stm32f10x_hd.o



  Load Region LR$$.ARM.__AT_0x68000000 (Base: 0x68000000, Size: 0x00000000, Max: 0x000c8000, ABSOLUTE)

    Execution Region ER$$.ARM.__AT_0x68000000 (Base: 0x68000000, Size: 0x000c8000, Max: 0x000c8000, ABSOLUTE, UNINIT)

    Base Addr    Size         Type   Attr      Idx    E Section Name        Object

    0x68000000   0x000c8000   Zero   RW          455    .ARM.__AT_0x68000000  malloc.o



  Load Region LR$$.ARM.__AT_0x680C8000 (Base: 0x680c8000, Size: 0x00000000, Max: 0x0000c800, ABSOLUTE)

    Execution Region ER$$.ARM.__AT_0x680C8000 (Base: 0x680c8000, Size: 0x0000c800, Max: 0x0000c800, ABSOLUTE, UNINIT)

    Base Addr    Size         Type   Attr      Idx    E Section Name        Object

    0x680c8000   0x0000c800   Zero   RW          456    .ARM.__AT_0x680C8000  malloc.o


==============================================================================

Image component sizes


      Code (inc. data)   RO Data    RW Data    ZI Data      Debug   Object Name

       732         28          0         16          0       2358   ad.o
       132         12          0          0          0       1115   bsp.o
        52          0          0          0          0        320   cpu_a.o
       680         14        260          4         16      14159   cpu_core.o
       332         28          0          4          0       1737   delay.o
       656         42          0          4        626       2671   dma.o
      2372        264          0         64          0       3206   gagent_md5.o
        56          6          0          0          0        463   led.o
       598          0          0          0          0       3672   lib_ascii.o
      2502         32          0          4       1096      21652   lib_mem.o
       544          0          0          0          0        464   lib_mem_a.o
      2348          6        148          0          0      12986   lib_str.o
      1680        342          0         20       5820     335670   main.o
       556         18         24         28     908480       4448   malloc.o
       220         22          0          0          0       1777   misc.o
       252        166        164          0       5264      20810   os_cfg_app.o
      3588        294          0          0          0      11985   os_core.o
       152         32          0          0          0        376   os_cpu_a.o
       620         66          0          4          0       3657   os_cpu_c.o
       432        286        364          0          0       4677   os_dbg.o
      3624        110          0          0          0       7647   os_flag.o
      1092        146          0          0          0       2220   os_int.o
       568         20          0          0          0       2620   os_mem.o
       556         12          0          0          0       2683   os_msg.o
      2772        114          0          0          0       5342   os_mutex.o
       124          4          0          8          0       1680   os_prio.o
      2264         76          0          0          0       6020   os_q.o
      2096         70          0          0          0       6032   os_sem.o
      1592        180          0          0          0       2725   os_stat.o
      7092        270          0          0          0      13394   os_task.o
      1276         90          0          0          0       3177   os_tick.o
      1380         46          0          0          0       3117   os_time.o
      2072        140          0          0          0       6218   os_tmr.o
         0          0          0        200       1760      19309   os_var.o
       752         28          0          0         18       2776   spi.o
        64         26        304          0       4608        776   startup_stm32f10x_hd.o
       596          8          0          0          0       4306   stm32f10x_dma.o
      1468         34          0          0          0       8010   stm32f10x_flash.o
       860         38          0          0          0       5625   stm32f10x_gpio.o
        22          0          0          0          0        971   stm32f10x_it.o
       932         36          0         20          0       8772   stm32f10x_rcc.o
       780         14          0          0          0       6502   stm32f10x_spi.o
      3610         88          0          0          0      22108   stm32f10x_tim.o
      1032         22          0          0          0       8344   stm32f10x_usart.o
         6          0          0          0          0        348   sys.o
       480         40          0         20          0       1663   system_stm32f10x.o
       516         28          0          0          0       1390   timer.o
      1388         84          0         33          0       7223   usart.o
       848         20          0          2       4096       4237   w25qxx.o

    ----------------------------------------------------------------------
     58376       3402       1296        436     931788     613438   Object Totals
         0          0         32          0          0          0   (incl. Generated)
        10          0          0          5          4          0   (incl. Padding)

    ----------------------------------------------------------------------

      Code (inc. data)   RO Data    RW Data    ZI Data      Debug   Library Member Name

       628         26          0          8       1024     207052   iap.o
        90          0          0          0          0          0   __dczerorl2.o
         8          0          0          0          0         68   __main.o
         0          0          0          0          0          0   __rtentry.o
        12          0          0          0          0          0   __rtentry2.o
         6          0          0          0          0          0   __rtentry4.o
        52          8          0          0          0          0   __scatter.o
        28          0          0          0          0          0   __scatter_zi.o
        16          0          0          0          0         68   aeabi_memset.o
        12          0          0          0          0         72   exit.o
         6          0          0          0          0        152   heapauxi.o
         2          0          0          0          0          0   libinit.o
         2          0          0          0          0          0   libinit2.o
         2          0          0          0          0          0   libshutdown.o
         2          0          0          0          0          0   libshutdown2.o
         8          4          0          0         96         68   libspace.o
       238          0          0          0          0        100   lludivv7m.o
        88          0          0          0          0         76   memcmp.o
        68          0          0          0          0         68   rt_memclr.o
        78          0          0          0          0         80   rt_memclr_w.o
       138          0          0          0          0         68   rt_memcpy_v6.o
       100          0          0          0          0         80   rt_memcpy_w.o
         2          0          0          0          0          0   rtexit.o
        10          0          0          0          0          0   rtexit2.o
       150          0          0          0          0         80   strncmp.o
        36          0          0          0          0         80   strstr.o
        74          0          0          0          0         80   sys_stackheap_outer.o
         2          0          0          0          0         68   use_no_semi.o
         2          0          0          0          0         68   use_no_semi_2.o
       804         16          0          0          0        272   daddsub_clz.o
        90          4          0          0          0         92   dfixu.o
       156          4          0          0          0         92   dnaninf.o
        12          0          0          0          0         68   dretinf.o
        86          4          0          0          0         84   f2d.o
       388         76          0          0          0         96   fdiv.o
        38          0          0          0          0         68   fflt_clz.o
       258          4          0          0          0         84   fmul.o
       140          4          0          0          0         84   fnaninf.o
        10          0          0          0          0         68   fretinf.o
         0          0          0          0          0          0   usenofp.o

    ----------------------------------------------------------------------
      3852        150          0          8       1120     209336   Library Totals
        10          0          0          0          0          0   (incl. Padding)

    ----------------------------------------------------------------------

      Code (inc. data)   RO Data    RW Data    ZI Data      Debug   Library Name

       628         26          0          8       1024     207052   IAP.lib
      1232         12          0          0         96       1276   c_w.l
      1982        112          0          0          0       1008   fz_ws.l

    ----------------------------------------------------------------------
      3852        150          0          8       1120     209336   Library Totals

    ----------------------------------------------------------------------

==============================================================================


      Code (inc. data)   RO Data    RW Data    ZI Data      Debug   

     62228       3552       1296        444     932908     817102   Grand Totals
     62228       3552       1296         68     932908     817102   ELF Image Totals (compressed)
     62228       3552       1296         68          0          0   ROM Totals

==============================================================================

    Total RO  Size (Code + RO Data)                63524 (  62.04kB)
    Total RW  Size (RW Data + ZI Data)            933352 ( 911.48kB)
    Total ROM Size (Code + RO Data + RW Data)      63592 (  62.10kB)

==============================================================================

